--------- beginning of main
06-16 18:45:12.356 I/system_server(  669): AssetManager2(0xb4000078182f3498) locale list changing from [] to [en-US]
06-16 18:45:12.360 I/amtp    ( 1663): NGA enabled in interactor.
06-16 18:45:12.362 D/AccessibilitySourceService( 1283): enabled a11y services count 0
06-16 18:45:12.362 D/AccessibilitySourceService( 1283): a11y source sending 0 issue to sc
06-16 18:45:12.367 D/CarrierSvcBindHelper( 1042): onPackageUpdateFinished: com.arunprakash.brain
06-16 18:45:12.371 D/SafetySourceDataValidat(  669): No cert check requested for package com.google.android.permissioncontroller
06-16 18:45:12.371 I/amtp    ( 1663): NGA enabled in interactor.
06-16 18:45:12.371 I/amtp    ( 1663): NGA enabled in interactor.
06-16 18:45:12.371 I/amtp    ( 1663): NGA enabled in interactor.
06-16 18:45:12.371 I/system_server(  669): AssetManager2(0xb400007818301278) locale list changing from [] to [en-US]
06-16 18:45:12.375 D/AccessibilitySourceService( 1283): enabled a11y services count 0
06-16 18:45:12.375 D/AccessibilitySourceService( 1283): a11y source sending 0 issue to sc
06-16 18:45:12.376 D/SafetySourceDataValidat(  669): No cert check requested for package com.google.android.permissioncontroller
06-16 18:45:12.379 I/AiAiEcho( 1566): AppIndexer Package:[com.arunprakash.brain] UserProfile:[0] Enabled:[true].
06-16 18:45:12.382 I/AiAiEcho( 1566): AppFetcherImplV2 updateApps package:[com.arunprakash.brain], userId:[0], reason:[package is updated.].
06-16 18:45:12.390 I/system_server(  669): AssetManager2(0xb4000078182f88f8) locale list changing from [] to [en-US]
06-16 18:45:12.392 I/SafetyLabelChangedBroadcastReceiver( 1283): received broadcast packageName: com.arunprakash.brain, current user: UserHandle{0}, packageChangeEvent: UPDATE, intent user: UserHandle{0}
06-16 18:45:12.393 D/PackageUpdatedTask( 1053): Package updated: mOp=UPDATE packages=[com.arunprakash.brain], user=UserHandle{0}
06-16 18:45:12.394 D/CarrierSvcBindHelper( 1042): No carrier app for: 0
06-16 18:45:12.396 D/AccessibilitySourceService( 1283): enabled a11y services count 0
06-16 18:45:12.396 D/AccessibilitySourceService( 1283): a11y source sending 0 issue to sc
06-16 18:45:12.398 I/ImeTracker(  669): com.google.android.apps.nexuslauncher:54c42ed8: onRequestShow at ORIGIN_SERVER reason SHOW_RESTORE_IME_VISIBILITY fromUser false
06-16 18:45:12.399 D/CarrierSvcBindHelper( 1042): onPackageModified: com.arunprakash.brain
06-16 18:45:12.399 D/CarrierSvcBindHelper( 1042): No carrier app for: 0
06-16 18:45:12.400 I/ogle.android.as( 1566): AssetManager2(0xb4000078183115d8) locale list changing from [] to [en-US]
06-16 18:45:12.403 I/ImeTracker(  669): system_server:d65ab58f: onRequestHide at ORIGIN_SERVER reason IME_REQUESTED_CHANGED_LISTENER fromUser false
--------- beginning of system
06-16 18:45:12.404 W/PackageConfigPersister(  669): App-specific configuration not found for packageName: com.google.android.apps.nexuslauncher and userId: 0
06-16 18:45:12.404 D/BackgroundInstallControlService(  669): Package event received: 0
06-16 18:45:12.404 W/NotificationCenter( 1475): NotificationCenter$NotificationQueue.notifyPendingNotificationsOnExecutor():877 Heavy notify work detected on UI thread: [kig->jjs] takes 69ms
06-16 18:45:12.406 D/ActivityManager(  669): sync unfroze 1122 com.android.settings for 10
06-16 18:45:12.407 D/ActivityManager(  669): sync unfroze 3415 com.android.keychain for 10
06-16 18:45:12.407 D/ActivityManager(  669): sync unfroze 2526 com.android.dynsystem:dynsystem for 10
06-16 18:45:12.408 I/GoogleInputMethodService( 1475): GoogleInputMethodService.onStartInputView():1392 onStartInputView(EditorInfo{EditorInfo{packageName=com.google.android.apps.nexuslauncher, inputType=20001, inputTypeString=Normal[MultiLine], enableLearning=false, autoCorrection=false, autoComplete=true, imeOptions=42000003, privateImeOptions=com.google.android.inputmethod.latin.appSupportsSmartComposeAndDel,com.google.android.inputmethod.latin.canary.appSupportsSmartComposeAndDel,com.google.android.inputmethod.latin.dev.appSupportsSmartComposeAndDel, actionName=SEARCH, actionLabel=null, initialSelStart=1, initialSelEnd=1, initialCapsMode=0, label=null, fieldId=2131362315, fieldName=null, extras=Bundle[{androidx.core.view.inputmethod.EditorInfoCompat.STYLUS_HANDWRITING_ENABLED=true}], hintText=non-empty, hintLocales=[]}}, false)
06-16 18:45:12.413 D/SafetySourceDataValidat(  669): No cert check requested for package com.google.android.permissioncontroller
06-16 18:45:12.418 E/SmsApplication( 1042): com.google.android.apps.messaging lost android:read_cell_broadcasts:  (fixing)
06-16 18:45:12.419 W/AppOpService(  669): Ignored setUidMode call for runtime permission app op: uid = 10146, code = READ_CELL_BROADCASTS, mode = allow, callingUid = 1001, oldMode = allow
06-16 18:45:12.425 D/ActivityManager(  669): sync unfroze 2493 com.android.dynsystem for 10
06-16 18:45:12.426 D/wpa_supplicant(  905): nl80211: Drv Event 64 (NL80211_CMD_NOTIFY_CQM) received for wlan0
06-16 18:45:12.426 D/wpa_supplicant(  905): nl80211: Beacon loss event
06-16 18:45:12.426 D/wpa_supplicant(  905): wlan0: Event BEACON_LOSS (53) received
06-16 18:45:12.426 I/wpa_supplicant(  905): wlan0: CTRL-EVENT-BEACON-LOSS
06-16 18:45:12.426 D/ActivityManager(  669): sync unfroze 2192 com.android.localtransport for 10
06-16 18:45:12.427 D/InsetsController( 1053): show(ime(), fromIme=false)
06-16 18:45:12.427 D/InsetsController( 1053): Setting requestedVisibleTypes to -1 (was -9)
06-16 18:45:12.428 W/AppOpService(  669): Ignored setUidMode call for runtime permission app op: uid = 1001, code = READ_SMS, mode = allow, callingUid = 1001, oldMode = allow
06-16 18:45:12.428 W/AppOpService(  669): Ignored setUidMode call for runtime permission app op: uid = 1001, code = RECEIVE_SMS, mode = allow, callingUid = 1001, oldMode = allow
06-16 18:45:12.429 I/KeyboardHeightUtil( 1475): KeyboardHeightUtil.getOemKeyboardHeightRatio():161 systemKeyboardHeightRatio:1.000000.
06-16 18:45:12.429 W/AppOpService(  669): Ignored setUidMode call for runtime permission app op: uid = 1001, code = RECEIVE_WAP_PUSH, mode = allow, callingUid = 1001, oldMode = allow
06-16 18:45:12.430 W/AppOpService(  669): Ignored setUidMode call for runtime permission app op: uid = 1001, code = SEND_SMS, mode = allow, callingUid = 1001, oldMode = allow
06-16 18:45:12.430 W/AppOpService(  669): Ignored setUidMode call for runtime permission app op: uid = 1001, code = READ_CELL_BROADCASTS, mode = allow, callingUid = 1001, oldMode = allow
06-16 18:45:12.430 D/CoreBackPreview(  669): Window{797dd32 u0 com.google.android.apps.nexuslauncher/com.google.android.apps.nexuslauncher.NexusLauncherActivity}: Setting back callback OnBackInvokedCallbackInfo{mCallback=android.window.IOnBackInvokedCallback$Stub$Proxy@1e2f6b2, mPriority=0, mIsAnimationCallback=true, mOverrideBehavior=0}
06-16 18:45:12.441 D/ActivityThread( 2192): Package [com.arunprakash.brain] reported as REPLACED, but missing application info. Assuming REMOVED.
06-16 18:45:12.447 I/AndroidIME( 1475): InputBundleManager.loadActiveInputBundleId():483 loadActiveInputBundleId: en-US, ime_english_united_states
06-16 18:45:12.447 I/AndroidIME( 1475): AbstractIme.onActivate():90 LatinIme.onActivate() : EditorInfo = EditorInfo{packageName=com.google.android.apps.nexuslauncher, inputType=20001, inputTypeString=Normal[MultiLine], enableLearning=false, autoCorrection=false, autoComplete=true, imeOptions=42000003, privateImeOptions=com.google.android.inputmethod.latin.appSupportsSmartComposeAndDel,com.google.android.inputmethod.latin.canary.appSupportsSmartComposeAndDel,com.google.android.inputmethod.latin.dev.appSupportsSmartComposeAndDel, actionName=SEARCH, actionLabel=null, initialSelStart=1, initialSelEnd=1, initialCapsMode=0, label=null, fieldId=2131362315, fieldName=null, extras=Bundle[{androidx.core.view.inputmethod.EditorInfoCompat.STYLUS_HANDWRITING_ENABLED=true}], hintText=non-empty, hintLocales=[]}, IncognitoMode = false, DeviceLocked = false
06-16 18:45:12.450 I/InputBundle( 1475): InputBundle.consumeEvent():949 Skip consuming an event as keyboard status is 0
06-16 18:45:12.451 I/Delight5Facilitator( 1475): Delight5Facilitator.initializeForIme():729 initializeForIme() : Locale = [en_US], layout = qwerty
06-16 18:45:12.451 D/ActivityThread( 2526): Package [com.arunprakash.brain] reported as REPLACED, but missing application info. Assuming REMOVED.
06-16 18:45:12.452 E/SmsApplication( 1042): com.google.android.apps.messaging lost android:read_cell_broadcasts:  (fixing)
06-16 18:45:12.452 W/ActivityTaskManager(  669): Unable to send transaction to client proc com.arunprakash.brain: no app thread
06-16 18:45:12.454 I/LatinIme( 1475): LatinIme.updateEnableInlineSuggestionsOnDecoderSideFlags():1256 inline flag updated to:false
06-16 18:45:12.455 I/LatinIme( 1475): LatinIme.updateEnableInlineSuggestionsOnDecoderSideFlags():1256 inline flag updated to:false
06-16 18:45:12.457 W/AppOpService(  669): Ignored setUidMode call for runtime permission app op: uid = 10146, code = READ_CELL_BROADCASTS, mode = allow, callingUid = 1001, oldMode = allow
06-16 18:45:12.457 W/InputMethodManagerService(  669): Delegator package does not match. Ignoring startStylusHandwriting
06-16 18:45:12.458 I/s.nexuslauncher( 1053): Background concurrent mark compact GC freed 2727KB AllocSpace bytes, 0(0B) LOS objects, 49% free, 9700KB/18MB, paused 74us,384us total 219.585ms
06-16 18:45:12.458 W/s.nexuslauncher( 1053): Reducing the number of considered missed Gc histogram windows from 172 to 100
06-16 18:45:12.458 W/AppOpService(  669): Ignored setUidMode call for runtime permission app op: uid = 1001, code = READ_SMS, mode = allow, callingUid = 1001, oldMode = allow
06-16 18:45:12.459 W/AppOpService(  669): Ignored setUidMode call for runtime permission app op: uid = 1001, code = RECEIVE_SMS, mode = allow, callingUid = 1001, oldMode = allow
06-16 18:45:12.459 D/ActivityThread( 2493): Package [com.arunprakash.brain] reported as REPLACED, but missing application info. Assuming REMOVED.
06-16 18:45:12.460 W/AppOpService(  669): Ignored setUidMode call for runtime permission app op: uid = 1001, code = RECEIVE_WAP_PUSH, mode = allow, callingUid = 1001, oldMode = allow
06-16 18:45:12.460 W/AppOpService(  669): Ignored setUidMode call for runtime permission app op: uid = 1001, code = SEND_SMS, mode = allow, callingUid = 1001, oldMode = allow
06-16 18:45:12.460 W/AppOpService(  669): Ignored setUidMode call for runtime permission app op: uid = 1001, code = READ_CELL_BROADCASTS, mode = allow, callingUid = 1001, oldMode = allow
06-16 18:45:12.460 I/InputBundle( 1475): InputBundle.consumeEvent():949 Skip consuming an event as keyboard status is 0
06-16 18:45:12.460 D/BackgroundInstallControlService(  669): Package event received: 0
06-16 18:45:12.461 I/InputBundle( 1475): InputBundle.consumeEvent():949 Skip consuming an event as keyboard status is 0
06-16 18:45:12.461 W/System  ( 1053): A resource failed to call release.
06-16 18:45:12.461 W/System  ( 1053): A resource failed to call release.
06-16 18:45:12.461 W/System  ( 1053): A resource failed to call release.
06-16 18:45:12.461 W/System  ( 1053): A resource failed to call release.
06-16 18:45:12.461 W/System  ( 1053): A resource failed to call release.
06-16 18:45:12.461 W/System  ( 1053): A resource failed to call release.
06-16 18:45:12.462 D/BackgroundInstallControlService(  669): Package event received: 0
06-16 18:45:12.468 D/ActivityThread( 1122): Package [com.arunprakash.brain] reported as REPLACED, but missing application info. Assuming REMOVED.
06-16 18:45:12.470 D/ActivityThread( 3415): Package [com.arunprakash.brain] reported as REPLACED, but missing application info. Assuming REMOVED.
06-16 18:45:12.470 D/ImsResolver( 1042): maybeAddedImsService, packageName: com.arunprakash.brain
06-16 18:45:12.470 V/ImsResolver( 1042): searchForImsServices: package=com.arunprakash.brain, users=[UserHandle{0}]
06-16 18:45:12.470 V/ImsResolver( 1042): searchForImsServices: package=com.arunprakash.brain, users=[UserHandle{0}]
06-16 18:45:12.473 I/KeyboardWrapper( 1475): KeyboardWrapper.activateKeyboard():562 activateKeyboard(): type=prime, status=0, imeDef=kyj{stringId=ime_english_united_states, language=en-US, languageTag=en-US, processedConditions={enable_number_row=false, device=phone}, className=com.google.android.libraries.inputmethod.ime.experiment.ExperimentImeWrapper, label=0, keyEventInterpreter=null, inlineComposing=true, autoCapital=true, announceAutoSelectedCandidate=true, statusIcon=0, primeKeyboardType=SOFT, indicatorIcon=0, indicatorLabel=US, displayAppCompletions=true, extraValues=kyb{#0x7f0b021c=TypedValue{t=0x3/d=0x0 "writing_helper_enable_by_word_revert=false"}, #0x7f0b0222=TypedValue{t=0x3/d=0x0 "com.google.android.apps.inputmethod.libs.latin5.LatinIme"}, #0x7f0b0223=TypedValue{t=0x3/d=0x0 "com.google.android.apps.inputmethod.libs.edittracker.EditTrackingImeWrapper"}, #0x7f0b0224=TypedValue{t=0x3/d=0x0 "com.google.android.apps.inputmethod.libs.latin5.LatinIme"}}, processors=lac@c090e62, unacceptableMetaKeys=4098, languageSpecificSettings=0, asciiCapable=true, alwaysShowSuggestions=false, useAsciiPasswordKeyboard=false, secondaryIme=null, keyboardGroupDef=kzl@cc63e68, phenotypeFlagId=0, localizationLanguageTag=null, supportsInlineSuggestion=true}
06-16 18:45:12.473 I/KeyboardManager( 1475): KeyboardManager.requestKeyboard():248 Creating keyboard prime, imeId=ime_english_united_states, cacheKey=theme_!gsf_!pgsans_!pgsf_!use_system_font_BORDER=true_FLAVOR_DPI=XXHDPI_KEYBOARD_WIDTH_CATEGORY=NORMAL_LIGHT_THEME=true_PHYSICAL_DIAGONAL=5.9809904_SCREEN_SHORTEST_WIDTH=411_SCREEN_SHORTEST_WIDTH_NO_SCALE=411_bottom4dp_enable_google_fonts_icons=true_enable_popup_on_keypress=true_keyboard_redesign_google_sans=true_noshadow_overlay_builtin_dynamic_color_light_base.binarypb:gm3-light-fffaf8ff-ff475d92-6dac7c28fa7faa76f8370bbfdbc77981_silkpopup_unify_function_key_color=true
06-16 18:45:12.476 I/KeyboardWrapper( 1475): KeyboardWrapper.onKeyboardReady():212 onKeyboardReady(): type=prime(prime), kb=com.google.android.apps.inputmethod.latin.keyboard.LatinPrimeKeyboard@863f26
06-16 18:45:12.476 I/KeyboardWrapper( 1475): KeyboardWrapper.doActivateKeyboard():589 doActivateKeyboard(): prime
06-16 18:45:12.477 W/Looper  (  669): Slow dispatch took 148ms main app=system_server main=true group=FOREGROUND h=android.app.ActivityThread$H c=android.app.LoadedApk$ReceiverDispatcher$Args$$ExternalSyntheticLambda0@5a5eb57 m=0
06-16 18:45:12.479 I/KeyboardViewHelper( 1475): KeyboardViewHelper.getView():178 Get view with height ratio:1.000000
06-16 18:45:12.486 W/HWUI    ( 1475): Image decoding logging dropped!
06-16 18:45:12.487 I/KeyboardHeightUtil( 1475): KeyboardHeightUtil.calculateMaxKeyboardBodyHeight():46 leave 281 height for app when ime window height:2142, header height:116 and isFullscreenMode:false, so the max keyboard body height is:1745
06-16 18:45:12.487 I/GlobeKeyExtension( 1475): GlobeKeyExtension.getKeyboardInitialStates():131
06-16 18:45:12.488 W/Keyboard( 1475): Keyboard.getKeyboardViewHelper():597 null helper is returned: keyboardDef=kze{processedConditions={enable_more_candidates_view_for_multilingual=false, layout_9key_split=false, enable_secondary_symbols=false, language=en-US, deprecate_long_press_space_for_ime_picker=false, expressions=normal, enable_flick_symbols=true, variant=qwerty, device=phone, keyboard_mode=normal, show_secondary_digits=true, enable_preemptive_decode=true, rtl_layout=false}, globalConditions={global_theme_key=theme_!gsf_!pgsans_!pgsf_!use_system_font_BORDER=true_FLAVOR_DPI=XXHDPI_KEYBOARD_WIDTH_CATEGORY=NORMAL_LIGHT_THEME=true_PHYSICAL_DIAGONAL=5.9809904_SCREEN_SHORTEST_WIDTH=411_SCREEN_SHORTEST_WIDTH_NO_SCALE=411_bottom4dp_enable_google_fonts_icons=true_enable_popup_on_keypress=true_keyboard_redesign_google_sans=true_noshadow_overlay_builtin_dynamic_color_light_base.binarypb:gm3-light-fffaf8ff-ff475d92-6dac7c28fa7faa76f8370bbfdbc77981_silkpopup_unify_function_key_color=true, global_locale=en_US, global_density_dpi=420, global_orientation=1}, className=.latin.keyboard.LatinPrimeKeyboard, resourceIds=[#0x7f17065e, #0x7f1708dc], initialStates=0, keyboardViewDefs=[kzt{direction=null, id=#0x7f0b0166, isScalable=true, layoutId=#0x7f0e0346, type=BODY, touchable=true, defaultShow=true}, kzt{direction=null, id=#0x7f0b0166, isScalable=false, layoutId=#0x7f0e01db, type=FLOATING_CANDIDATES, touchable=false, defaultShow=false}, kzt{direction=LOCALE, id=#0x7f0b0166, isScalable=false, layoutId=#0x7f0e04da, type=HEADER, touchable=true, defaultShow=true}], persistentStates=0, persistentStatesPrefKey=null, popupBubbleLayoutId=#0x7f0e05ce, recentKeyLayoutId=0, recentKeyPopupLayoutId=0, recentKeyType=null, rememberRecentKey=NONE, sessionStates=17592186044419}, type=WIDGET, helpersCreated=[kkl@353f71b, kkl@9eca0b8, kkl@908ae91, null], context.getResources().getConfiguration(): {1.0 310mcc260mnc [en_US] ldltr sw411dp w411dp h840dp 420dpi nrml long port finger -keyb/v/h -nav/h winConfig={ mBounds=Rect(0, 0 - 1080, 2400) mAppBounds=Rect(0, 132 - 1080, 2337) mMaxBounds=Rect(0, 0 - 1080, 2400) mDisplayRotation=ROTATION_0 mWindowingMode=fullscreen mActivityType=undefined mAlwaysOnTop=undefined mRotation=ROTATION_0} as.3 s.37 fontWeightAdjustment=0}
06-16 18:45:12.488 I/KeyboardHeightUtil( 1475): KeyboardHeightUtil.calculateMaxKeyboardBodyHeight():46 leave 281 height for app when ime window height:2142, header height:116 and isFullscreenMode:false, so the max keyboard body height is:1745
06-16 18:45:12.489 I/AndroidIME( 1475): InputBundleManager.startInput():361 startInput() with kzp[keyboardType=prime, payload=null]
06-16 18:45:12.490 D/BackgroundInstallControlService(  669): Package event received: 0
06-16 18:45:12.491 I/GlobeKeyExtension( 1475): GlobeKeyExtension.onActivate():70
06-16 18:45:12.491 I/CrowdsourceExtension( 1475): CrowdsourceExtension.checkIfDefaultBrowserIsAllowed():109 Failed to get default browser. The default browser may be deactivated.
06-16 18:45:12.491 I/HardKeyTracker( 1475): HardKeyTracker.unregisterKeySequence():182 Unregister key sequence lsr{labelResId=2132020165, callback=cbb@74d9d10, lastModifier=2, keyCodes=[56], actions=[0]}
06-16 18:45:12.491 I/HardKeyTracker( 1475): HardKeyTracker.unregisterKeySequence():182 Unregister key sequence lsr{labelResId=2132020165, callback=cbb@10bf42f, lastModifier=0, keyCodes=[317], actions=[0]}
06-16 18:45:12.491 I/HardKeyTracker( 1475): HardKeyTracker.registerKeySequence():138 Register key sequence lsr{labelResId=2132020165, callback=cbb@b68e7ef, lastModifier=2, keyCodes=[56], actions=[0]}
06-16 18:45:12.491 I/HardKeyTracker( 1475): HardKeyTracker.registerKeySequence():138 Register key sequence lsr{labelResId=2132020165, callback=cbb@236a7da, lastModifier=0, keyCodes=[317], actions=[0]}
06-16 18:45:12.492 I/VoiceInputManagerWrapper( 1475): VoiceInputManagerWrapper.cancelShutdown():100 cancelShutdown()
06-16 18:45:12.492 I/VoiceInputManagerWrapper( 1475): VoiceInputManagerWrapper.syncLanguagePacks():112 syncLanguagePacks()
06-16 18:45:12.492 I/VoiceInputManager( 1475): VoiceInputManager.onKeyboardActivated():1023 onKeyboardActivated() [UD]
06-16 18:45:12.492 I/AccessoryInputModeManager( 1475): AccessoryInputModeManager.onModeStarted():322 Accessory input mode started: null
06-16 18:45:12.492 I/ProactiveUndoTriggerExtension( 1475): ProactiveUndoTriggerExtension.eventConsumer$lambda$0():125 kyp{intention=null, keyCode=-10160, DEACTIVATE_SUPPLEMENTARY_KEYBOARD, data=accessory_candidates_consumer}
06-16 18:45:12.492 W/SupplementaryKeyboardsWrapper( 1475): SupplementaryKeyboardsWrapper.deactivateKeyboard():160 keyboard accessory_candidates_consumer is not activated before!
06-16 18:45:12.493 I/SpeechFactory( 1475): SpeechRecognitionFactory.maybeScheduleAutoPackDownloadForFallback():161 maybeScheduleAutoPackDownloadForFallback()
06-16 18:45:12.493 I/FallbackOnDeviceRecognitionProvider( 1475): FallbackOnDeviceRecognitionProvider.maybeScheduleAutoPackDownload():198 maybeScheduleAutoPackDownload() for language tag en-US
06-16 18:45:12.495 I/Telecom (  669): CarModeTracker: Package com.arunprakash.brain is not tracked.: SSH.oR@AJk🔒
06-16 18:45:12.496 W/VvmPkgInstalledRcvr( 1042): carrierVvmPkgAdded: carrier vvm packages doesn't contain com.arunprakash.brain
06-16 18:45:12.496 D/ActivityThread( 1042): Package [com.arunprakash.brain] reported as REPLACED, but missing application info. Assuming REMOVED.
06-16 18:45:12.497 D/SatelliteController( 1042): packageStateChanged: package:com.arunprakash.brain DefaultSmsPackageName:com.google.android.apps.messaging
06-16 18:45:12.497 V/SatelliteController( 1042): Neither SMS or SatelliteGateway package
06-16 18:45:12.498 I/Telecom (  669): InCallController: updateCarModeForConnections: car mode apps: : SSH.oR@AJk🔒
06-16 18:45:12.499 I/Telecom (  669): InCallController: update carmode current:UserHandle{0} parent:null: SSH.oR@AJk🔒
06-16 18:45:12.503 I/KeyboardModeUtils( 1475): KeyboardModeUtils.getKeyboardBottomOffset():437 inch: 0.000000 ydpi: 420.000000 adjustKeyboardBottomByDisplaySize: false currentDensityDpi: 420 defaultDensityDpi: 420 keyboardBottomToScreenPx: 0 keyboardBottomToNavBarPx: -126 navBarHeight: 126
06-16 18:45:12.503 I/KeyboardHeightUtil( 1475): KeyboardHeightUtil.calculateMaxKeyboardBodyHeight():46 leave 281 height for app when ime window height:2142, header height:116 and isFullscreenMode:false, so the max keyboard body height is:1745
06-16 18:45:12.503 I/KeyboardHeightUtil( 1475): KeyboardHeightUtil.calculateMaxKeyboardBodyHeight():46 leave 281 height for app when ime window height:2142, header height:116 and isFullscreenMode:false, so the max keyboard body height is:1745
06-16 18:45:12.503 I/KeyboardHeightUtil( 1475): KeyboardHeightUtil.calculateMaxKeyboardBodyHeight():46 leave 281 height for app when ime window height:2142, header height:116 and isFullscreenMode:false, so the max keyboard body height is:1745
06-16 18:45:12.503 I/KeyboardHeightUtil( 1475): KeyboardHeightUtil.calculateMaxKeyboardBodyHeight():46 leave 281 height for app when ime window height:2142, header height:116 and isFullscreenMode:false, so the max keyboard body height is:1745
06-16 18:45:12.503 W/ExtensionWrapper( 1475): ExtensionWrapper.setExtensionViewVisibility():801 interface koa is not activate
06-16 18:45:12.507 I/amtp    ( 1663): NGA enabled in interactor.
06-16 18:45:12.508 W/.apps.wellbeing( 1489): Reducing the number of considered missed Gc histogram windows from 576 to 100
06-16 18:45:12.518 I/Module  ( 1475): DeviceLockedStatusModuleProvider$Module.updateDeviceLockedStatus():100 repeatCheckTimes = 1, locked = false
06-16 18:45:12.520 W/Looper  (  669): Slow delivery took 208ms main app=system_server main=true group=FOREGROUND h=android.app.ActivityThread$H c=android.app.LoadedApk$ReceiverDispatcher$Args$$ExternalSyntheticLambda0@6ac2fc5 m=0
06-16 18:45:12.521 D/AppSearchAppsIndexerManagerS(  669): userid in package receiver: 10213
06-16 18:45:12.523 I/VoiceImeExtension( 1475): VoiceImeExtension.shouldStartVoiceInputAutomaticallyInCurrentInputBox():469 No private IME option set to start voice input.
06-16 18:45:12.526 I/amtp    ( 1663): NGA enabled in interactor.
06-16 18:45:12.526 I/amtp    ( 1663): NGA enabled in interactor.
06-16 18:45:12.530 I/system_server(  669): AssetManager2(0xb4000078182f4758) locale list changing from [] to [en-US]
06-16 18:45:12.530 D/BackgroundInstallControlService(  669): Package event received: 0
06-16 18:45:12.531 D/BackgroundInstallControlService(  669): Package event received: 0
06-16 18:45:12.533 I/s.nexuslauncher( 1053): AssetManager2(0xb400007818336ab8) locale list changing from [] to [en-US]
06-16 18:45:12.533 D/WindowManagerShell(  920): onKeepClearAreasChanged: restricted={}, unrestricted={Rect(0, 2274 - 1080, 2400)}
06-16 18:45:12.545 I/KeyboardModeUtils( 1475): KeyboardModeUtils.getKeyboardBottomOffset():437 inch: 0.000000 ydpi: 420.000000 adjustKeyboardBottomByDisplaySize: false currentDensityDpi: 420 defaultDensityDpi: 420 keyboardBottomToScreenPx: 0 keyboardBottomToNavBarPx: -126 navBarHeight: 126
06-16 18:45:12.545 I/KeyboardHeightUtil( 1475): KeyboardHeightUtil.calculateMaxKeyboardBodyHeight():46 leave 281 height for app when ime window height:2142, header height:116 and isFullscreenMode:false, so the max keyboard body height is:1745
06-16 18:45:12.545 I/KeyboardHeightUtil( 1475): KeyboardHeightUtil.calculateMaxKeyboardBodyHeight():46 leave 281 height for app when ime window height:2142, header height:116 and isFullscreenMode:false, so the max keyboard body height is:1745
06-16 18:45:12.545 I/WindowMetricsNotification( 1475): WindowMetricsNotification.notifyWithWindow():166
06-16 18:45:12.545 I/WindowMetricsNotification( 1475): WindowMetricsNotification.notify():159 mub[bounds=Rect(0, 132 - 1080, 2400), insets=Rect(0, 0 - 0, 126), densityDpi=420, smallestScreenWidthDp=411, displayWidth=1080, displayHeight=2400, xdpi=420.0, ydpi=420.0, isTrustable=true, displayId=0]; DisplayMetrics{density=2.625, width=1080, height=2400, scaledDensity=2.625, xdpi=420.0, ydpi=420.0}
06-16 18:45:12.553 I/RoleService(  669): Granting default roles...
06-16 18:45:12.555 I/system_server(  669): AssetManager2(0xb4000078182f9bb8) locale list changing from [] to [en-US]
06-16 18:45:12.555 W/HWUI    ( 1053): Image decoding logging dropped!
06-16 18:45:12.558 D/CoreBackPreview(  669): Window{797dd32 u0 com.google.android.apps.nexuslauncher/com.google.android.apps.nexuslauncher.NexusLauncherActivity}: Setting back callback OnBackInvokedCallbackInfo{mCallback=android.window.IOnBackInvokedCallback$Stub$Proxy@a69dd58, mPriority=0, mIsAnimationCallback=true, mOverrideBehavior=0}
06-16 18:45:12.558 I/system_server(  669): AssetManager2(0xb4000078182eecb8) locale list changing from [] to [en-US]
06-16 18:45:12.561 I/system_server(  669): Background concurrent mark compact GC freed 8077KB AllocSpace bytes, 28(552KB) LOS objects, 43% free, 31MB/55MB, paused 835us,11.677ms total 334.058ms
06-16 18:45:12.562 I/system_server(  669): AssetManager2(0xb400007818301bd8) locale list changing from [] to [en-US]
06-16 18:45:12.569 D/BackupManagerConstants(  669): getFullBackupIntervalMilliseconds(...) returns 86400000
06-16 18:45:12.570 D/WindowManagerShell(  920): onKeepClearAreasChanged: restricted={}, unrestricted={Rect(0, 1517 - 1080, 2400)}
06-16 18:45:12.570 I/system_server(  669): AssetManager2(0xb4000078182ed3b8) locale list changing from [] to [en-US]
06-16 18:45:12.571 I/fwnm    ( 1578): (REDACTED) Created gRPC endpoint for service %s
06-16 18:45:12.571 D/BackupManagerConstants(  669): getFullBackupRequiredNetworkType(...) returns 2
06-16 18:45:12.572 D/BackgroundInstallControlService(  669): Package event received: 0
06-16 18:45:12.572 D/BackupManagerConstants(  669): getFullBackupRequireCharging(...) returns true
06-16 18:45:12.579 D/ActivityManager(  669): sync unfroze 1526 com.google.android.gms for 6
06-16 18:45:12.579 D/BackgroundInstallControlService(  669): Package event received: 0
06-16 18:45:12.579 W/SignedPackage(  669): Package doesn't have required signing certificate: com.google.android.retaildemo
06-16 18:45:12.579 E/RoleControllerServiceImpl(  669): Default/fallback role holder package doesn't qualify for the role, package: com.google.android.gms.supervision, role: android.app.role.SYSTEM_SUPERVISION
06-16 18:45:12.583 I/ActivityManager(  669): Force stopping com.arunprakash.brain appid=10213 user=0: from pid 6631
06-16 18:45:12.583 I/PermissionControllerServiceImpl( 1283): Updating user sensitive for uid 10213
06-16 18:45:12.589 I/WindowManager(  669):   Force removing ActivityRecord{245820218 u0 com.arunprakash.brain/.MainActivity t47 f} isExiting}
06-16 18:45:12.589 W/WindowManager(  669): removeAppToken: Attempted to remove non-existing token: Token{e877548 ActivityRecord{245820218 u0 com.arunprakash.brain/.MainActivity t47 f} isExiting}}
06-16 18:45:12.591 W/SignedPackage(  669): Package doesn't have required signing certificate: com.google.android.apps.work.clouddpc
06-16 18:45:12.592 D/AppSearchAppsIndexerManagerS(  669): userid in package receiver: 10213
06-16 18:45:12.594 W/AlarmManager(  669): Package com.arunprakash.brain, uid 10213 lost permission to set exact alarms!
06-16 18:45:12.595 I/system_server(  669): AssetManager2(0xb4000078182f37b8) locale list changing from [] to [en-US]
06-16 18:45:12.595 W/Looper  (  669): Drained
06-16 18:45:12.595 D/CarrierSvcBindHelper( 1042): onHandleForceStop: [com.arunprakash.brain]
06-16 18:45:12.596 D/CarrierSvcBindHelper( 1042): No carrier app for: 0
06-16 18:45:12.600 W/HWUI    ( 1053): Failed to choose config with EGL_SWAP_BEHAVIOR_PRESERVED, retrying without...
06-16 18:45:12.601 W/HWUI    ( 1053): Failed to initialize 101010-2 format, error = EGL_SUCCESS
06-16 18:45:12.602 I/system_server(  669): AssetManager2(0xb4000078182fa518) locale list changing from [] to [en-US]
06-16 18:45:12.602 D/ActivityThread( 1526): Package [com.arunprakash.brain] reported as REPLACED, but missing application info. Assuming REMOVED.
06-16 18:45:12.602 D/WifiClientModeImpl[9008:wlan0](  669): updateLinkLayerStatsRssiSpeedFrequencyCapabilities rssi=-50 TxLinkspeed=1 freq=2447 RxLinkSpeed=2
06-16 18:45:12.602 D/WifiDataStall(  669): tx tput in kbps: 11000
06-16 18:45:12.602 D/WifiDataStall(  669): rx tput in kbps: 11000
06-16 18:45:12.602 V/WifiConfigManager(  669): Updating scan detail cache freq=2447 BSSID=00:13:10:85:fe:01 RSSI=-50 for "AndroidWifi"NONE
06-16 18:45:12.602 D/WifiThroughputPredictor(  669):  utilization (LLS) 80 isBluetoothConnected: false final utilization: 80
06-16 18:45:12.602 D/WifiThroughputPredictor(  669):  BW: 0 RSSI: -50 Nss: 1 Mode: 1 symDur: 4000 snrDb 30 bitPerTone: 4500 rate: 54 throughput: 11
06-16 18:45:12.602 D/WifiThroughputPredictor(  669):  utilization (LLS) 80 isBluetoothConnected: false final utilization: 80
06-16 18:45:12.602 D/WifiThroughputPredictor(  669):  BW: 0 RSSI: -50 Nss: 1 Mode: 1 symDur: 4000 snrDb 30 bitPerTone: 4500 rate: 54 throughput: 11
06-16 18:45:12.603 D/WifiThroughputPredictor(  669):  utilization (LLS) 80 isBluetoothConnected: false final utilization: 80
06-16 18:45:12.603 D/WifiThroughputPredictor(  669):  BW: 0 RSSI: -50 Nss: 1 Mode: 1 symDur: 4000 snrDb 30 bitPerTone: 4500 rate: 54 throughput: 11
06-16 18:45:12.603 D/WifiThroughputPredictor(  669):  utilization (LLS) 80 isBluetoothConnected: false final utilization: 80
06-16 18:45:12.603 D/WifiThroughputPredictor(  669):  BW: 0 RSSI: -50 Nss: 1 Mode: 1 symDur: 4000 snrDb 30 bitPerTone: 4500 rate: 54 throughput: 11
06-16 18:45:12.603 D/WifiScoreCard(  669): BSSID update SIGNAL_POLL ID: 1101133663 SSID: "AndroidWifi", BSSID: 00:13:10:85:fe:01, MAC: 02:15:b2:00:00:00, IP: /10.0.2.16, Security type: 0, Supplicant state: COMPLETED, Wi-Fi standard: legacy, RSSI: -50, Link speed: 1Mbps, Tx Link speed: 1Mbps, Max Supported Tx Link speed: 11Mbps, Rx Link speed: 2Mbps, Max Supported Rx Link speed: 11Mbps, Frequency: 2447MHz, Net ID: 0, Metered hint: false, score: 60, isUsable: true, CarrierMerged: false, SubscriptionId: -1, IsPrimary: 1, Trusted: true, Restricted: false, Ephemeral: false, OEM paid: false, OEM private: false, OSU AP: false, FQDN: <none>, Provider friendly name: <none>, Requesting package name: <none>"AndroidWifi"openMLO Information: , Is TID-To-Link negotiation supported by the AP: false, AP MLD Address: <none>, AP MLO Link Id: <none>, AP MLO Affiliated links: <none>, Vendor Data: <none>
06-16 18:45:12.603 D/WifiScoreCard(  669): txRate: 1 txSpeed: 1
06-16 18:45:12.603 D/WifiScoreCard(  669): network update SIGNAL_POLL "AndroidWifi" ID: 9264453 RSSI -50 txSpeed -1
06-16 18:45:12.603 D/WifiClientModeImpl[9008:wlan0](  669):  ClientModeImpl$L2ConnectedState screen=on 1 0 "AndroidWifi" 00:13:10:85:fe:01 rssi=-50 f=2447 sc=60 link=1 tx=0.0, 0.0, 0.0 rx=0.0 bcn=0 [on:0 tx:0 rx:0 period:3003] from screen [on:0 period:-795715237] score=60
06-16 18:45:12.605 I/AppWidgetServiceImpl(  669): Received broadcast: android.intent.action.PACKAGE_RESTARTED on user 0
06-16 18:45:12.605 I/AppWidgetServiceImpl(  669): Updating package stopped masked state for uid 10213 package com.arunprakash.brain isStopped true
06-16 18:45:12.606 I/system_server(  669): AssetManager2(0xb4000078183839f8) locale list changing from [] to [en-US]
06-16 18:45:12.618 D/BoundBrokerSvc( 1526): onBind: Intent { act=com.google.firebase.dynamiclinks.service.START xflg=0x4 pkg=com.google.android.gms }
06-16 18:45:12.618 D/BoundBrokerSvc( 1526): Loading bound service for intent: Intent { act=com.google.firebase.dynamiclinks.service.START xflg=0x4 pkg=com.google.android.gms }
06-16 18:45:12.622 W/ActivityTaskManager(  669): callingPackage for (uid=2000, pid=6639) has no WPC
06-16 18:45:12.623 I/system_server(  669): AssetManager2(0xb4000078183005f8) locale list changing from [] to [en-US]
06-16 18:45:12.623 V/GrammaticalInflectionUtils(  669): AttributionSource: AttributionSource { uid = 10213, packageName = null, attributionTag = null, token = android.os.Binder@5a281d, deviceId = 0, next = null } does not have READ_SYSTEM_GRAMMATICAL_GENDER permission.
06-16 18:45:12.623 W/OptProp (  669): Cannot read opt property android.window.PROPERTY_COMPAT_ALLOW_USER_ASPECT_RATIO_OVERRIDE
06-16 18:45:12.623 W/OptProp (  669): Cannot read opt property android.window.PROPERTY_COMPAT_ALLOW_USER_ASPECT_RATIO_FULLSCREEN_OVERRIDE
06-16 18:45:12.623 W/OptProp (  669): Cannot read opt property android.window.PROPERTY_COMPAT_ALLOW_RESIZEABLE_ACTIVITY_OVERRIDES
06-16 18:45:12.624 W/OptProp (  669): Cannot read opt property android.window.PROPERTY_COMPAT_ALLOW_MIN_ASPECT_RATIO_OVERRIDE
06-16 18:45:12.625 W/OptProp (  669): Cannot read opt property android.window.PROPERTY_COMPAT_ALLOW_ORIENTATION_OVERRIDE
06-16 18:45:12.626 I/ActivityTaskManager(  669): Add Task{19a03eb #47 type=standard A=10213:com.arunprakash.brain} to hidden list because adding Task{e07bd4f #48 type=standard A=10213:com.arunprakash.brain}
06-16 18:45:12.626 I/ActivityTaskManager(  669): START u0 {flg=0x10000000 xflg=0x5 cmp=com.arunprakash.brain/.MainActivity} with LAUNCH_SINGLE_TASK from uid 2000 (BAL_ALLOW_PERMISSION) result code=0
06-16 18:45:12.627 V/WindowManagerShell(  920): Transition requested (#44): android.os.BinderProxy@429677c TransitionRequestInfo { type = OPEN, triggerTask = TaskInfo{userId=0 taskId=48 effectiveUid=10213 displayId=0 isRunning=true baseIntent=Intent { flg=0x10000000 cmp=com.arunprakash.brain/.MainActivity } baseActivity=ComponentInfo{com.arunprakash.brain/com.arunprakash.brain.MainActivity} topActivity=ComponentInfo{com.arunprakash.brain/com.arunprakash.brain.MainActivity} origActivity=null realActivity=ComponentInfo{com.arunprakash.brain/com.arunprakash.brain.MainActivity} numActivities=1 lastActiveTime=5792168 supportsMultiWindow=true resizeMode=1 isResizeable=true minWidth=-1 minHeight=-1 defaultMinSize=220 token=WCT{android.window.IWindowContainerToken$Stub$Proxy@9110805} topActivityType=1 pictureInPictureParams=null shouldDockBigOverlays=false launchIntoPipHostTaskId=-1 lastParentTaskIdBeforePip=-1 displayCutoutSafeInsets=Rect(0, 132 - 0, 0) topActivityInfo=ActivityInfo{590205a com.arunprakash.brain.MainActivity} launchCookies=[] positionInParent=Point(0, 0) parentTaskId=-1 isFocused=false isVisible=false isVisibleRequested=false isTopActivityNoDisplay=false isSleeping=false locusId=null displayAreaFeatureId=1 isTopActivityTransparent=false isActivityStackTransparent=false lastNonFullscreenBounds=Rect(276, 694 - 804, 1774) capturedLink=null capturedLinkTimestamp=0 requestedVisibleTypes=-9 topActivityRequestOpenInBrowserEducationTimestamp=0 appCompatTaskInfo=AppCompatTaskInfo { topActivityInSizeCompat=false eligibleForLetterboxEducation= false isLetterboxEducationEnabled= true isLetterboxDoubleTapEnabled= false eligibleForUserAspectRatioButton= false topActivityBoundsLetterboxed= false isFromLetterboxDoubleTap= false topActivityLetterboxVerticalPosition= -1 topActivityLetterboxHorizontalPosition= -1 topActivityLetterboxWidth=-1 topActivityLetterboxHeight=-1 topActivityAppBounds=Rect(0, 0 - 1080, 2400) isUserFullscreenOverrideEnabled=false isSystemFullscreenOverrideEnabled=false hasMinAspectRatioOverride=false topActivityLetterboxBounds=null cameraCompatTaskInfo=CameraCompatTaskInfo { freeformCameraCompatMode=inactive}} topActivityMainWindowFrame=null}, pipChange = null, remoteTransition = null, displayChange = null, flags = 0, debugId = 44 }
06-16 18:45:12.627 D/ShellSplitScreen(  920): logExit: no-op, mLoggerSessionId is null
06-16 18:45:12.628 D/WM-Processor( 1663): Processor cancelling b55c9071-6006-452e-9d18-a16cde0a2469
06-16 18:45:12.628 D/WM-Processor( 1663): WorkerWrapper could not be found for b55c9071-6006-452e-9d18-a16cde0a2469
06-16 18:45:12.630 I/system_server(  669): AssetManager2(0xb40000781830be58) locale list changing from [] to [en-US]
06-16 18:45:12.630 V/Configuration(  669): Updating configuration, locales updated from [] to [en_US]
06-16 18:45:12.630 V/Configuration(  669): Updating configuration, locales updated from [] to [en_US]
06-16 18:45:12.630 V/Configuration(  669): Updating configuration, locales updated from [] to [en_US]
06-16 18:45:12.630 V/Configuration(  669): Updating configuration, locales updated from [] to [en_US]
06-16 18:45:12.630 V/Configuration(  669): Updating configuration, locales updated from [] to [en_US]
06-16 18:45:12.630 V/Configuration(  669): Updating configuration, locales updated from [] to [en_US]
06-16 18:45:12.630 V/Configuration(  669): Updating configuration, locales updated from [] to [en_US]
06-16 18:45:12.630 V/Configuration(  669): Updating configuration, locales updated from [] to [en_US]
06-16 18:45:12.630 V/Configuration(  669): Updating configuration, locales updated from [] to [en_US]
06-16 18:45:12.630 V/Configuration(  669): Updating configuration, locales updated from [] to [en_US]
06-16 18:45:12.630 V/Configuration(  669): Updating configuration, locales updated from [] to [en_US]
06-16 18:45:12.632 D/BoundBrokerSvc( 1526): onUnbind: Intent { act=com.google.android.gms.common.BIND_SHARED_PREFS xflg=0x4 pkg=com.google.android.gms }
06-16 18:45:12.632 I/ndroid.systemui(  920): AssetManager2(0xb4000078183306b8) locale list changing from [] to [en-US]
06-16 18:45:12.633 I/GoogleInputMethodService( 1475): GoogleInputMethodService.onFinishInputView():1524
06-16 18:45:12.633 D/WM-GreedyScheduler( 1663): Cancelling work ID b55c9071-6006-452e-9d18-a16cde0a2469
06-16 18:45:12.633 I/GlobeKeyExtension( 1475): GlobeKeyExtension.onDeactivate():104
06-16 18:45:12.634 I/VoiceInputManagerWrapper( 1475): VoiceInputManagerWrapper.shutdown():122 shutdown()
06-16 18:45:12.634 W/TooltipLifecycleManager( 1475): TooltipLifecycleManager.dismissTooltips():154 Tooltip with id spell_check_add_to_dictionary not found in tooltipManager.
06-16 18:45:12.634 D/CompatChangeReporter(  669): Compat change id reported: 377864165; UID 10213; state: ENABLED
06-16 18:45:12.636 W/HWUI    (  920): Image decoding logging dropped!
06-16 18:45:12.638 V/GrammaticalInflectionUtils(  669): AttributionSource: AttributionSource { uid = 10213, packageName = null, attributionTag = null, token = android.os.Binder@5a281d, deviceId = 0, next = null } does not have READ_SYSTEM_GRAMMATICAL_GENDER permission.
06-16 18:45:12.639 V/Configuration(  669): Updating configuration, locales updated from [] to [en_US]
06-16 18:45:12.639 V/Configuration(  669): Updating configuration, locales updated from [] to [en_US]
06-16 18:45:12.639 V/Configuration(  669): Updating configuration, locales updated from [] to [en_US]
06-16 18:45:12.639 V/Configuration(  669): Updating configuration, locales updated from [] to [en_US]
06-16 18:45:12.639 V/Configuration(  669): Updating configuration, locales updated from [] to [en_US]
06-16 18:45:12.639 V/Configuration(  669): Updating configuration, locales updated from [] to [en_US]
06-16 18:45:12.639 V/Configuration(  669): Updating configuration, locales updated from [] to [en_US]
06-16 18:45:12.639 V/Configuration(  669): Updating configuration, locales updated from [] to [en_US]
06-16 18:45:12.639 V/Configuration(  669): Updating configuration, locales updated from [] to [en_US]
06-16 18:45:12.639 V/Configuration(  669): Updating configuration, locales updated from [] to [en_US]
06-16 18:45:12.639 V/Configuration(  669): Updating configuration, locales updated from [] to [en_US]
06-16 18:45:12.639 V/Configuration(  669): Updating configuration, locales updated from [] to [en_US]
06-16 18:45:12.639 V/Configuration(  669): Updating configuration, locales updated from [] to [en_US]
06-16 18:45:12.639 V/Configuration(  669): Updating configuration, locales updated from [] to [en_US]
06-16 18:45:12.639 V/Configuration(  669): Updating configuration, locales updated from [] to [en_US]
06-16 18:45:12.639 V/Configuration(  669): Updating configuration, locales updated from [] to [en_US]
06-16 18:45:12.639 V/Configuration(  669): Updating configuration, locales updated from [] to [en_US]
06-16 18:45:12.639 D/WM-SystemJobScheduler( 1663): Scheduling work ID d435450f-455d-4312-acbe-098dfe71f255Job ID 132
06-16 18:45:12.640 D/ImeInsetsSourceProvider(  669): showImePostLayout aborted, isScheduledAndReadyToShowIme: false, mImeRequester: null, serverVisible: false, frozen: false, mWindowContainer is: non-null, windowState: Window{80f68fa u0 InputMethod}, isDrawn: false, mGivenInsetsPending: false, dcTarget: Window{797dd32 u0 com.google.android.apps.nexuslauncher/com.google.android.apps.nexuslauncher.NexusLauncherActivity}, controlTarget: Window{797dd32 u0 com.google.android.apps.nexuslauncher/com.google.android.apps.nexuslauncher.NexusLauncherActivity}
06-16 18:45:12.640 I/ImeTracker(  669): com.google.android.apps.nexuslauncher:3becee27: onFailed at PHASE_WM_ABORT_SHOW_IME_POST_LAYOUT
06-16 18:45:12.640 D/WM-GreedyScheduler( 1663): Ignoring {WorkSpec: 05b86bf2-4bea-4af8-8c46-84ef3d399da6}. Requires device idle.
06-16 18:45:12.642 W/SplitSelectStateCtor( 1053): Missing session instanceIds
06-16 18:45:12.642 D/StatsLog( 1053): LAUNCHER_SPLIT_SELECTION_EXIT_INTERRUPTED
06-16 18:45:12.643 D/SplashScreenView(  920): Build android.window.SplashScreenView{4299298 V.E...... ......ID 0,0-0,0}
06-16 18:45:12.643 D/SplashScreenView(  920): Icon: view: android.widget.ImageView{9edeaf1 V.ED..... ......I. 0,0-0,0 #1020542 android:id/splashscreen_icon_view} drawable: com.android.wm.shell.startingsurface.SplashscreenIconDrawableFactory$ImmobileIconDrawable@f48a6d6 size: 420
06-16 18:45:12.643 D/SplashScreenView(  920): Branding: view: android.view.View{4486d57 G.ED..... ......I. 0,0-0,0 #1020541 android:id/splashscreen_branding_view} drawable: null size w: 0 h: 0
06-16 18:45:12.645 V/AccessibilityManagerService(  669): onUserStateChangedLocked for userId: 0, forceUpdate: false
06-16 18:45:12.646 W/MagnificationConnectionManager(  669): requestConnection duplicated request: connect=false, mConnectionState=DISCONNECTED
06-16 18:45:12.646 W/IPCThreadState(  669): Sending oneway calls to frozen process.
06-16 18:45:12.646 W/IPCThreadState(  669): Sending oneway calls to frozen process.
06-16 18:45:12.646 W/IPCThreadState(  669): Sending oneway calls to frozen process.
06-16 18:45:12.646 W/IPCThreadState(  669): Sending oneway calls to frozen process.
06-16 18:45:12.646 W/IPCThreadState(  669): Sending oneway calls to frozen process.
06-16 18:45:12.646 I/system_server(  669): AssetManager2(0xb4000078182f05b8) locale list changing from [] to [en-US]
06-16 18:45:12.646 I/AppWidgetServiceImpl(  669): Received broadcast: android.intent.action.PACKAGE_UNSTOPPED on user 0
06-16 18:45:12.646 I/AppWidgetServiceImpl(  669): Updating package stopped masked state for uid 10213 package com.arunprakash.brain isStopped false
06-16 18:45:12.646 V/AccessibilityManagerService(  669): onUserStateChangedLocked for userId: 0, forceUpdate: false
06-16 18:45:12.647 W/MagnificationConnectionManager(  669): requestConnection duplicated request: connect=false, mConnectionState=DISCONNECTED
06-16 18:45:12.647 D/BackgroundInstallControlService(  669): Package event received: 0
06-16 18:45:12.647 W/IPCThreadState(  669): Sending oneway calls to frozen process.
06-16 18:45:12.647 W/IPCThreadState(  669): Sending oneway calls to frozen process.
06-16 18:45:12.647 W/IPCThreadState(  669): Sending oneway calls to frozen process.
06-16 18:45:12.647 W/IPCThreadState(  669): Sending oneway calls to frozen process.
06-16 18:45:12.647 W/IPCThreadState(  669): Sending oneway calls to frozen process.
06-16 18:45:12.647 W/HWUI    ( 1053): Image decoding logging dropped!
06-16 18:45:12.648 D/Zygote  (  457): Forked child process 6642
06-16 18:45:12.648 D/AlphabeticIndexCompat( 1053): computeSectionName: cs: AI Memory sectionName: A
06-16 18:45:12.649 I/ActivityManager(  669): Start proc 6642:com.arunprakash.brain/u0a213 for next-top-activity {com.arunprakash.brain/com.arunprakash.brain.MainActivity}
06-16 18:45:12.649 I/ActivityManager(  669): ProcessObserver broadcast disabled
06-16 18:45:12.651 I/BpBinder(  511): onLastStrongRef automatically unlinking death recipients:
06-16 18:45:12.654 I/AiAiEcho( 1566): Settings changed for uri: content://settings/secure/accessibility_enabled
06-16 18:45:12.654 I/AiAiEcho( 1566): Predicting[0]:  [CONTEXT sampling_count=5 ]
06-16 18:45:12.654 I/AiAiEcho( 1566): EchoTargets:
06-16 18:45:12.654 I/AiAiEcho( 1566): Filtered by AiAi flag check:
06-16 18:45:12.654 I/AiAiEcho( 1566): [CONTEXT ratelimit_period="10 SECONDS" ]
06-16 18:45:12.654 I/AiAiEcho( 1566): #remoteViewsTwiddler: feature disabled.
06-16 18:45:12.655 I/AiAiEcho( 1566): Predicting[0]:  [CONTEXT sampling_count=5 ]
06-16 18:45:12.655 I/AiAiEcho( 1566): EchoTargets:
06-16 18:45:12.655 I/AiAiEcho( 1566): Filtered by AiAi flag check:
06-16 18:45:12.655 I/AiAiEcho( 1566): [CONTEXT ratelimit_period="10 SECONDS" ]
06-16 18:45:12.655 I/AiAiEcho( 1566): #remoteViewsTwiddler: feature disabled.
06-16 18:45:12.655 I/AiAiEcho( 1566): #postPredictionTargets: Sending updates to UISurface home with targets# 0 (types=[])
06-16 18:45:12.655 I/AiAiEcho( 1566): #postPredictionTargets: Sending updates to UISurface lockscreen with targets# 0 (types=[])
06-16 18:45:12.658 W/PageIndicator(  920): Total number of pages invalid: 0. Assuming 1 page.
06-16 18:45:12.663 E/RoleControllerServiceImpl(  669): Default/fallback role holder package doesn't qualify for the role, package: com.google.android.gms, role: android.app.role.WALLET
06-16 18:45:12.676 I/ImeTracker(  669): system_server:9137f879: onRequestShow at ORIGIN_SERVER reason CONTROLS_CHANGED fromUser false
06-16 18:45:12.678 I/InputBundle( 1475): InputBundle.consumeEvent():949 Skip consuming an event as keyboard status is 0
06-16 18:45:12.680 I/unprakash.brain( 6642): Late-enabling -Xcheck:jni
06-16 18:45:12.684 I/AndroidIME( 1475): AbstractIme.onDeactivate():203 LatinIme.onDeactivate()
06-16 18:45:12.687 I/ImeTracker( 1475): system_server:d65ab58f: onHidden
06-16 18:45:12.688 I/GoogleInputMethodService( 1475): GoogleInputMethodService.onStartInputView():1392 onStartInputView(EditorInfo{EditorInfo{packageName=com.google.android.apps.nexuslauncher, inputType=20001, inputTypeString=Normal[MultiLine], enableLearning=false, autoCorrection=false, autoComplete=true, imeOptions=42000003, privateImeOptions=com.google.android.inputmethod.latin.appSupportsSmartComposeAndDel,com.google.android.inputmethod.latin.canary.appSupportsSmartComposeAndDel,com.google.android.inputmethod.latin.dev.appSupportsSmartComposeAndDel, actionName=SEARCH, actionLabel=null, initialSelStart=1, initialSelEnd=1, initialCapsMode=0, label=null, fieldId=2131362315, fieldName=null, extras=Bundle[{androidx.core.view.inputmethod.EditorInfoCompat.STYLUS_HANDWRITING_ENABLED=true}], hintText=non-empty, hintLocales=[]}}, false)
06-16 18:45:12.689 I/KeyboardHeightUtil( 1475): KeyboardHeightUtil.getOemKeyboardHeightRatio():161 systemKeyboardHeightRatio:1.000000.
06-16 18:45:12.692 V/WindowManagerShell(  920): onTransitionReady(transaction=2873333122893)
06-16 18:45:12.693 V/WindowManagerShell(  920): onTransitionReady (#44) android.os.BinderProxy@429677c: {id=44 t=OPEN f=0x0 trk=0 r=[0@Point(0, 0)] c=[
06-16 18:45:12.693 V/WindowManagerShell(  920):         {m=OPEN f=NONE leash=Surface(name=Task=48)/@0x56653dc sb=Rect(0, 0 - 1080, 2400) eb=Rect(0, 0 - 1080, 2400) epz=Point(1080, 2400) d=0 taskParent=-1},
06-16 18:45:12.693 V/WindowManagerShell(  920):         {m=TO_BACK f=SHOW_WALLPAPER leash=Surface(name=Task=1)/@0x246ece5 sb=Rect(0, 0 - 1080, 2400) eb=Rect(0, 0 - 1080, 2400) epz=Point(1080, 2400) d=0 taskParent=-1},
06-16 18:45:12.693 V/WindowManagerShell(  920):         {m=TO_BACK f=IS_WALLPAPER leash=Surface(name=WallpaperWindowToken{c856587 showWhenLocked=false})/@0x27ed3ba sb=Rect(0, 0 - 1080, 2400) eb=Rect(0, 0 - 1080, 2400) epz=Point(1080, 2400) d=0}
06-16 18:45:12.693 V/WindowManagerShell(  920):     ]}
06-16 18:45:12.693 V/WindowManagerShell(  920): Transition (#44) android.os.BinderProxy@429677c@0 ready while (#43) android.os.BinderProxy@3d581dd@0 is still animating. Notify the animating transition in case they can be merged
06-16 18:45:12.693 V/WindowManagerShell(  920):    Merge into remote: RemoteTransition { remoteTransition = android.window.IRemoteTransition$Stub$Proxy@4b7bb9a, appThread = android.app.IApplicationThread$Stub$Proxy@7ffccb, debugName = QuickstepLaunchHome }
06-16 18:45:12.695 W/MediaProvider( 1548): WorkProfileOwnerApps cache is empty
06-16 18:45:12.696 D/PickerSyncLockManager( 1548): Trying to acquire lock com.android.providers.media.photopicker.sync.CloseableReentrantLock@9f2b816[Unlocked]. Lock Name = CLOUD_PROVIDER_LOCK. Threads that may be waiting to acquire this lock = []
