06-16 18:45:12.696 D/CloseableReentrantLock( 1548): Successfully acquired lock com.android.providers.media.photopicker.sync.CloseableReentrantLock@9f2b816[Locked by thread main]. Lock Name = CLOUD_PROVIDER_LOCK. Threads that may be waiting to acquire this lock = []
06-16 18:45:12.696 D/CloseableReentrantLock( 1548): Successfully released lock com.android.providers.media.photopicker.sync.CloseableReentrantLock@9f2b816[Unlocked]. Lock Name = CLOUD_PROVIDER_LOCK. Threads that may be waiting to acquire this lock = []
06-16 18:45:12.696 I/unprakash.brain( 6642): Using CollectorTypeCMC GC.
06-16 18:45:12.697 D/AllAppsStore( 1053): setApps: apps.length=19
06-16 18:45:12.697 D/AllAppsStore( 1053): notifyUpdate: notifying listeners
06-16 18:45:12.697 D/ActivityAllAppsContainerView( 1053): onAppsUpdated; number of apps: 19
06-16 18:45:12.697 D/StatsLog( 1053): LAUNCHER_ALLAPPS_COUNT
06-16 18:45:12.697 D/AlphabeticalAppsList( 1053): Clearing FastScrollerSections.
06-16 18:45:12.697 D/AlphabeticalAppsList( 1053): Adding apps with sections. HasPrivateApps: false
06-16 18:45:12.697 D/AlphabeticalAppsList( 1053): addAppsWithSections: adding sectionName: A with appInfoTitle: AI Memory
06-16 18:45:12.697 D/AlphabeticalAppsList( 1053): addAppsWithSections: adding sectionName: C with appInfoTitle: Calendar
06-16 18:45:12.697 D/AlphabeticalAppsList( 1053): addAppsWithSections: adding sectionName: D with appInfoTitle: Drive
06-16 18:45:12.697 D/AlphabeticalAppsList( 1053): addAppsWithSections: adding sectionName: F with appInfoTitle: Files
06-16 18:45:12.697 D/AlphabeticalAppsList( 1053): addAppsWithSections: adding sectionName: G with appInfoTitle: Gmail
06-16 18:45:12.697 D/AlphabeticalAppsList( 1053): addAppsWithSections: adding sectionName: M with appInfoTitle: Maps
06-16 18:45:12.697 D/AlphabeticalAppsList( 1053): addAppsWithSections: adding sectionName: P with appInfoTitle: Phone
06-16 18:45:12.697 D/AlphabeticalAppsList( 1053): addAppsWithSections: adding sectionName: S with appInfoTitle: Safety
06-16 18:45:12.697 D/AlphabeticalAppsList( 1053): addAppsWithSections: adding sectionName: T with appInfoTitle: TMoble
06-16 18:45:12.697 D/AlphabeticalAppsList( 1053): addAppsWithSections: adding sectionName: Y with appInfoTitle: YouTube
06-16 18:45:12.697 D/AlphabeticalAppsList( 1053): Adding FastScrollSection duplicate to scroll to the bottom.
06-16 18:45:12.698 V/WindowManagerShell(  920): Transition animation finished (aborted=false), notifying core (#43) android.os.BinderProxy@3d581dd@0
06-16 18:45:12.699 V/WindowManager(  669): Sent Transition (#44) createdAt=06-16 18:45:12.624 via request=TransitionRequestInfo { type = OPEN, triggerTask = TaskInfo{userId=0 taskId=48 effectiveUid=10213 displayId=0 isRunning=true baseIntent=Intent { flg=0x10000000 cmp=com.arunprakash.brain/.MainActivity } baseActivity=ComponentInfo{com.arunprakash.brain/com.arunprakash.brain.MainActivity} topActivity=ComponentInfo{com.arunprakash.brain/com.arunprakash.brain.MainActivity} origActivity=null realActivity=ComponentInfo{com.arunprakash.brain/com.arunprakash.brain.MainActivity} numActivities=1 lastActiveTime=5792168 supportsMultiWindow=true resizeMode=1 isResizeable=true minWidth=-1 minHeight=-1 defaultMinSize=220 token=WCT{RemoteToken{88b30c9 Task{e07bd4f #48 type=standard A=10213:com.arunprakash.brain}}} topActivityType=1 pictureInPictureParams=null shouldDockBigOverlays=false launchIntoPipHostTaskId=-1 lastParentTaskIdBeforePip=-1 displayCutoutSafeInsets=Rect(0, 132 - 0, 0) topActivityInfo=ActivityInfo{9733ce com.arunprakash.brain.MainActivity} launchCookies=[] positionInParent=Point(0, 0) parentTaskId=-1 isFocused=false isVisible=false isVisibleRequested=false isTopActivityNoDisplay=false isSleeping=false locusId=null displayAreaFeatureId=1 isTopActivityTransparent=false isActivityStackTransparent=false lastNonFullscreenBounds=Rect(276, 694 - 804, 1774) capturedLink=null capturedLinkTimestamp=0 requestedVisibleTypes=-9 topActivityRequestOpenInBrowserEducationTimestamp=0 appCompatTaskInfo=AppCompatTaskInfo { topActivityInSizeCompat=false eligibleForLetterboxEducation= false isLetterboxEducationEnabled= true isLetterboxDoubleTapEnabled= false eligibleForUserAspectRatioButton= false topActivityBoundsLetterboxed= false isFromLetterboxDoubleTap= false topActivityLetterboxVerticalPosition= -1 topActivityLetterboxHorizontalPosition= -1 topActivityLetterboxWidth=-1 topActivityLetterboxHeight=-1 topActivityAppBounds=Rect(0, 0 - 1080, 2400) isUserFullscreenOverrideEnabled=false isSystemFullscreenOverrideEnabled=false hasMinAspectRatioOverride=false topActivityLetterboxBounds=null cameraCompatTaskInfo=CameraCompatTaskInfo { freeformCameraCompatMode=inactive}} topActivityMainWindowFrame=null}, pipChange = null, remoteTransition = null, displayChange = null, flags = 0, debugId = 44 }
06-16 18:45:12.699 V/WindowManager(  669):     startWCT=WindowContainerTransaction { changes= {} hops= [] errorCallbackToken=null taskFragmentOrganizer=null }
06-16 18:45:12.699 V/WindowManager(  669):     info={id=44 t=OPEN f=0x0 trk=0 r=[0@Point(0, 0)] c=[
06-16 18:45:12.699 V/WindowManager(  669):         {WCT{RemoteToken{88b30c9 Task{e07bd4f #48 type=standard A=10213:com.arunprakash.brain}}} m=OPEN f=NONE leash=Surface(name=Task=48)/@0xeb514cd sb=Rect(0, 0 - 1080, 2400) eb=Rect(0, 0 - 1080, 2400) epz=Point(1080, 2400) d=0 taskParent=-1},
06-16 18:45:12.699 V/WindowManager(  669):         {WCT{RemoteToken{b540631 Task{abd7468 #1 type=home}}} m=TO_BACK f=SHOW_WALLPAPER leash=Surface(name=Task=1)/@0x2ca8bc0 sb=Rect(0, 0 - 1080, 2400) eb=Rect(0, 0 - 1080, 2400) epz=Point(1080, 2400) d=0 taskParent=-1},
06-16 18:45:12.699 V/WindowManager(  669):         {m=TO_BACK f=IS_WALLPAPER leash=Surface(name=WallpaperWindowToken{c856587 showWhenLocked=false})/@0x26a0943 sb=Rect(0, 0 - 1080, 2400) eb=Rect(0, 0 - 1080, 2400) epz=Point(1080, 2400) d=0}
06-16 18:45:12.699 V/WindowManager(  669):     ]}
06-16 18:45:12.700 I/adbd    (  516): jdwp connection from 6642
06-16 18:45:12.701 I/fiis    ( 1578): (REDACTED) O received %s
06-16 18:45:12.703 I/fiis    ( 1578): (REDACTED) O received %s
06-16 18:45:12.705 E/IPCThreadState(  669): Binder transaction failure. id: 601136, BR_*: 29189, error: -22 (Invalid argument)
06-16 18:45:12.705 W/ActivityManager(  669): pid 669 system sent binder code 7 with flags 1 to frozen apps and got error -32
06-16 18:45:12.706 W/WindowManager(  669): Exception thrown during dispatchAppVisibility Window{9c60afe u0 com.arunprakash.brain/com.arunprakash.brain.MainActivity EXITING}
06-16 18:45:12.706 W/WindowManager(  669): android.os.DeadObjectException
06-16 18:45:12.706 W/WindowManager(  669): 	at android.os.BinderProxy.transactNative(Native Method)
06-16 18:45:12.706 W/WindowManager(  669): 	at android.os.BinderProxy.transact(BinderProxy.java:592)
06-16 18:45:12.706 W/WindowManager(  669): 	at android.view.IWindow$Stub$Proxy.dispatchAppVisibility(IWindow.java:557)
06-16 18:45:12.706 W/WindowManager(  669): 	at com.android.server.wm.WindowState.sendAppVisibilityToClients(WindowState.java:3151)
06-16 18:45:12.706 W/WindowManager(  669): 	at com.android.server.wm.WindowContainer.sendAppVisibilityToClients(WindowContainer.java:1311)
06-16 18:45:12.706 W/WindowManager(  669): 	at com.android.server.wm.WindowToken.setClientVisible(WindowToken.java:389)
06-16 18:45:12.706 W/WindowManager(  669): 	at com.android.server.wm.ActivityRecord.setClientVisible(ActivityRecord.java:6650)
06-16 18:45:12.706 W/WindowManager(  669): 	at com.android.server.wm.ActivityRecord.commitVisibility(ActivityRecord.java:5561)
06-16 18:45:12.706 W/WindowManager(  669): 	at com.android.server.wm.Transition.finishTransition(Transition.java:1391)
06-16 18:45:12.706 W/WindowManager(  669): 	at com.android.server.wm.TransitionController.finishTransition(TransitionController.java:1029)
06-16 18:45:12.706 W/WindowManager(  669): 	at com.android.server.wm.WindowOrganizerController.finishTransition(WindowOrganizerController.java:496)
06-16 18:45:12.706 W/WindowManager(  669): 	at android.window.IWindowOrganizerController$Stub.onTransact(IWindowOrganizerController.java:261)
06-16 18:45:12.706 W/WindowManager(  669): 	at com.android.server.wm.WindowOrganizerController.onTransact(WindowOrganizerController.java:223)
06-16 18:45:12.706 W/WindowManager(  669): 	at android.os.Binder.execTransactInternal(Binder.java:1426)
06-16 18:45:12.706 W/WindowManager(  669): 	at android.os.Binder.execTransact(Binder.java:1365)
06-16 18:45:12.706 W/Process (  669): Unable to open /proc/6193/status
--------- beginning of kernel
06-16 18:45:12.707 I/binder  ( 2082): 2082:669 cannot find target node
06-16 18:45:12.707 I/binder  ( 2082): 669:2082 transaction async to 0:0 failed 601136/29189/-22, size 64-0 line 3348
06-16 18:45:12.707 V/WindowManager(  669): Finish Transition (#43): created at 06-16 18:45:12.168 collect-started=0.063ms request-sent=0.238ms started=5.633ms ready=48.333ms sent=72.466ms commit=47.285ms finished=535.671ms
06-16 18:45:12.708 I/fiis    ( 1578): (REDACTED) O received %s
06-16 18:45:12.708 D/nativeloader( 6642): Load libframework-connectivity-tiramisu-jni.so using APEX ns com_android_tethering for caller /apex/com.android.tethering/javalib/framework-connectivity-t.jar: ok
06-16 18:45:12.710 V/WindowManagerShell(  920): Playing animation for (#44) android.os.BinderProxy@429677c@0
06-16 18:45:12.710 I/system_server(  669): AssetManager2(0xb4000078182f1238) locale list changing from [] to [en-US]
06-16 18:45:12.712 W/SignedPackage(  669): Cannot get ApplicationInfo for package: com.google.android.devicelockcontroller
06-16 18:45:12.712 V/ShellRecents(  920): RecentsTransitionHandler.startAnimation: no controller found
06-16 18:45:12.712 V/WindowManagerShell(  920): Transition doesn't have explicit remote, search filters for match for {id=44 t=OPEN f=0x0 trk=0 r=[0@Point(0, 0)] c=[{m=OPEN f=NONE leash=Surface(name=Task=48)/@0x56653dc sb=Rect(0, 0 - 1080, 2400) eb=Rect(0, 0 - 1080, 2400) epz=Point(1080, 2400) d=0 taskParent=-1},{m=TO_BACK f=SHOW_WALLPAPER leash=Surface(name=Task=1)/@0x246ece5 sb=Rect(0, 0 - 1080, 2400) eb=Rect(0, 0 - 1080, 2400) epz=Point(1080, 2400) d=0 taskParent=-1},{m=TO_BACK f=IS_WALLPAPER leash=Surface(name=WallpaperWindowToken{c856587 showWhenLocked=false})/@0x27ed3ba sb=Rect(0, 0 - 1080, 2400) eb=Rect(0, 0 - 1080, 2400) epz=Point(1080, 2400) d=0}]}
06-16 18:45:12.712 V/WindowManagerShell(  920):  Checking filter Pair{{types=[] flags=0x0] notFlags=0x0 checks=[{atype=undefined independent=true modes=[CLOSE,TO_BACK] flags=IN_TASK_WITH_EMBEDDED_ACTIVITY mustBeTask=false order=ANY topActivity=null launchCookie=null taskFragmentToken=android.os.BinderProxy@ccf2c89 windowingMode=undefined}]} RemoteTransition { remoteTransition = android.window.IRemoteTransition$Stub$Proxy@ebde48e, appThread = android.app.IApplicationThread$Stub$Proxy@651c4af, debugName = overlayBackTransition }}
06-16 18:45:12.712 V/WindowManagerShell(  920):  Checking filter Pair{{types=[] flags=0x0] notFlags=0x0 checks=[{atype=dream independent=true modes=[OPEN,TO_FRONT] flags=NONE mustBeTask=false order=ANY topActivity=null launchCookie=null windowingMode=undefined},{atype=home independent=true modes=[CLOSE,TO_BACK] flags=NONE mustBeTask=false order=ANY topActivity=null launchCookie=null windowingMode=undefined}]} RemoteTransition { remoteTransition = android.window.IRemoteTransition$Stub$Proxy@91840bc, appThread = android.app.IApplicationThread$Stub$Proxy@750845, debugName = LauncherToDream }}
06-16 18:45:12.713 V/WindowManagerShell(  920):  Checking filter Pair{{types=[] flags=0x0] notFlags=0x100 checks=[{atype=home independent=true modes=[OPEN,TO_FRONT] flags=NONE mustBeTask=false order=TOP topActivity=ComponentInfo{com.google.android.apps.nexuslauncher/com.google.android.apps.nexuslauncher.NexusLauncherActivity} launchCookie=null windowingMode=undefined},{atype=standard independent=true modes=[CLOSE,TO_BACK] flags=NONE mustBeTask=false order=ANY topActivity=null launchCookie=null windowingMode=undefined},{NOT atype=undefined independent=true modes=[] flags=NONE mustBeTask=true order=ANY topActivity=null launchCookie=null customAnim=true windowingMode=undefined}]} RemoteTransition { remoteTransition = android.window.IRemoteTransition$Stub$Proxy@4b7bb9a, appThread = android.app.IApplicationThread$Stub$Proxy@7ffccb, debugName = QuickstepLaunchHome }}
06-16 18:45:12.713 V/WindowManagerShell(  920):  Delegate animation for (#44) to null
06-16 18:45:12.713 V/WindowManagerShell(  920): start default transition animation, info = {id=44 t=OPEN f=0x0 trk=0 r=[0@Point(0, 0)] c=[{m=OPEN f=NONE leash=Surface(name=Task=48)/@0x56653dc sb=Rect(0, 0 - 1080, 2400) eb=Rect(0, 0 - 1080, 2400) epz=Point(1080, 2400) d=0 taskParent=-1},{m=TO_BACK f=SHOW_WALLPAPER leash=Surface(name=Task=1)/@0x246ece5 sb=Rect(0, 0 - 1080, 2400) eb=Rect(0, 0 - 1080, 2400) epz=Point(1080, 2400) d=0 taskParent=-1},{m=TO_BACK f=IS_WALLPAPER leash=Surface(name=WallpaperWindowToken{c856587 showWhenLocked=false})/@0x27ed3ba sb=Rect(0, 0 - 1080, 2400) eb=Rect(0, 0 - 1080, 2400) epz=Point(1080, 2400) d=0}]}
06-16 18:45:12.713 V/WindowManagerShell(  920): loadAnimation: anim=android.view.animation.AnimationSet@ffe7261 animAttr=0x13 type=OPEN isEntrance=false
06-16 18:45:12.713 V/WindowManagerShell(  920): loadAnimation: anim=android.view.animation.AnimationSet@e367186 animAttr=0x12 type=OPEN isEntrance=true
06-16 18:45:12.713 D/AlphabeticalAppsList( 1053): Clearing FastScrollerSections.
06-16 18:45:12.713 D/AlphabeticalAppsList( 1053): Adding apps with sections. HasPrivateApps: false
06-16 18:45:12.713 D/AlphabeticalAppsList( 1053): addAppsWithSections: adding sectionName: A with appInfoTitle: AI Memory
06-16 18:45:12.713 D/AlphabeticalAppsList( 1053): addAppsWithSections: adding sectionName: C with appInfoTitle: Calendar
06-16 18:45:12.713 D/AlphabeticalAppsList( 1053): addAppsWithSections: adding sectionName: D with appInfoTitle: Drive
06-16 18:45:12.713 D/AlphabeticalAppsList( 1053): addAppsWithSections: adding sectionName: F with appInfoTitle: Files
06-16 18:45:12.713 D/AlphabeticalAppsList( 1053): addAppsWithSections: adding sectionName: G with appInfoTitle: Gmail
06-16 18:45:12.713 D/AlphabeticalAppsList( 1053): addAppsWithSections: adding sectionName: M with appInfoTitle: Maps
06-16 18:45:12.713 D/AlphabeticalAppsList( 1053): addAppsWithSections: adding sectionName: P with appInfoTitle: Phone
06-16 18:45:12.713 D/AlphabeticalAppsList( 1053): addAppsWithSections: adding sectionName: S with appInfoTitle: Safety
06-16 18:45:12.713 D/AlphabeticalAppsList( 1053): addAppsWithSections: adding sectionName: T with appInfoTitle: TMoble
06-16 18:45:12.713 D/AlphabeticalAppsList( 1053): addAppsWithSections: adding sectionName: Y with appInfoTitle: YouTube
06-16 18:45:12.713 D/AlphabeticalAppsList( 1053): Adding FastScrollSection duplicate to scroll to the bottom.
06-16 18:45:12.715 W/ModuleManager( 1475): ModuleManager.loadModule():547 Module mly is not available
06-16 18:45:12.715 W/id.ext.services( 1067): Reducing the number of considered missed Gc histogram windows from 576 to 100
06-16 18:45:12.720 D/BackgroundInstallControlService(  669): Package event received: 0
06-16 18:45:12.720 D/DeviceSearchAlg( 1053): starting search for queryLength=1 at time 5792255
06-16 18:45:12.722 V/WindowManagerShell(  920):  animated by com.android.wm.shell.transition.DefaultTransitionHandler@73fcfda
06-16 18:45:12.725 D/b/387844520( 1053): getOutlineOffsetX: measured width = 173, mNormalizedIconSize = 159, last updated width = 173
06-16 18:45:12.726 W/adua    ( 1663): Abort, client detached.
06-16 18:45:12.726 W/adua    ( 1663): Abort, client detached.
06-16 18:45:12.729 D/OneSearchSuggestProvider( 1053): Established or reuse existing binder channel authority=com.google.android.googlequicksearchbox
06-16 18:45:12.731 D/SsBaseTemplateCard( 1053): No text view can be set up
06-16 18:45:12.731 D/SsBaseTemplateCard( 1053): Passed-in item info is null
06-16 18:45:12.732 E/BpTransactionCompletedListener(  511): Failed to transact (-32)
06-16 18:45:12.733 D/SsBaseTemplateCard( 1053): Passed-in item info is null
06-16 18:45:12.733 D/SsBaseTemplateCard( 1053): Passed-in item info is null
06-16 18:45:12.733 I/SsBaseTemplateCard( 1053): Secondary card pane is null
06-16 18:45:12.746 W/WindowOnBackDispatcher( 1053): sendCancelIfRunning: isInProgress=false callback=android.view.ImeBackAnimationController@90b0a0f
06-16 18:45:12.748 D/CoreBackPreview(  669): Window{797dd32 u0 com.google.android.apps.nexuslauncher/com.google.android.apps.nexuslauncher.NexusLauncherActivity}: Setting back callback OnBackInvokedCallbackInfo{mCallback=android.window.IOnBackInvokedCallback$Stub$Proxy@ddf3518, mPriority=0, mIsAnimationCallback=true, mOverrideBehavior=0}
06-16 18:45:12.749 D/RecentsView( 1053): onTaskRemoved: 47, not handling task stack changes
06-16 18:45:12.749 D/RecentsView( 1053): onTaskRemoved: 47, not handling task stack changes
06-16 18:45:12.750 I/ImeTracker( 1053): com.google.android.apps.nexuslauncher:54c42ed8: onCancelled at PHASE_CLIENT_ON_CONTROLS_CHANGED
06-16 18:45:12.750 D/SearchTargetUtil( 1053): queryLength=1 size=0
06-16 18:45:12.752 D/LatencyLogHelper( 1053): LAUNCHER_LATENCY_ONDEVICE_SEARCH_DURATION took 37 ms.HOT queryLength=1(5792255)
06-16 18:45:12.753 I/AndroidIME( 1475): InputBundleManager.loadActiveInputBundleId():483 loadActiveInputBundleId: en-US, ime_english_united_states
06-16 18:45:12.753 I/AndroidIME( 1475): AbstractIme.onActivate():90 LatinIme.onActivate() : EditorInfo = EditorInfo{packageName=com.google.android.apps.nexuslauncher, inputType=20001, inputTypeString=Normal[MultiLine], enableLearning=false, autoCorrection=false, autoComplete=true, imeOptions=42000003, privateImeOptions=com.google.android.inputmethod.latin.appSupportsSmartComposeAndDel,com.google.android.inputmethod.latin.canary.appSupportsSmartComposeAndDel,com.google.android.inputmethod.latin.dev.appSupportsSmartComposeAndDel, actionName=SEARCH, actionLabel=null, initialSelStart=1, initialSelEnd=1, initialCapsMode=0, label=null, fieldId=2131362315, fieldName=null, extras=Bundle[{androidx.core.view.inputmethod.EditorInfoCompat.STYLUS_HANDWRITING_ENABLED=true}], hintText=non-empty, hintLocales=[]}, IncognitoMode = false, DeviceLocked = false
06-16 18:45:12.758 D/FileUtils(  669): Rounded bytes from 2592632832 to 4000000000
06-16 18:45:12.758 D/ResultToken( 1053): Using Ranker#merge
06-16 18:45:12.758 D/AlphabeticalAppsList( 1053): Clearing FastScrollerSections.
06-16 18:45:12.759 I/InputBundle( 1475): InputBundle.consumeEvent():949 Skip consuming an event as keyboard status is 0
06-16 18:45:12.761 I/Delight5Facilitator( 1475): Delight5Facilitator.initializeForIme():729 initializeForIme() : Locale = [en_US], layout = qwerty
06-16 18:45:12.761 I/LatinIme( 1475): LatinIme.updateEnableInlineSuggestionsOnDecoderSideFlags():1256 inline flag updated to:false
06-16 18:45:12.761 I/LatinIme( 1475): LatinIme.updateEnableInlineSuggestionsOnDecoderSideFlags():1256 inline flag updated to:false
06-16 18:45:12.765 I/InputBundle( 1475): InputBundle.consumeEvent():949 Skip consuming an event as keyboard status is 0
06-16 18:45:12.766 I/InputBundle( 1475): InputBundle.consumeEvent():949 Skip consuming an event as keyboard status is 0
06-16 18:45:12.773 I/Launcher.IconCache( 1053): com.google.android.apps.nexuslauncher.allapps.a1
06-16 18:45:12.777 I/Launcher.IconCache( 1053): com.google.android.apps.nexuslauncher.allapps.a1
06-16 18:45:12.780 W/adua    ( 1663): Abort, client detached.
06-16 18:45:12.781 V/ClearcutMetricXmitter( 1663): Transmission is done.
06-16 18:45:12.782 I/Launcher.IconCache( 1053): com.google.android.apps.nexuslauncher.allapps.a1
06-16 18:45:12.785 I/Fitness ( 1196): FitCleanupIntentOperation received Intent android.intent.action.PACKAGE_REMOVED [CONTEXT service_id=17 ]
06-16 18:45:12.786 I/Launcher.IconCache( 1053): com.google.android.apps.nexuslauncher.allapps.a1
06-16 18:45:12.787 I/Launcher.IconCache( 1053): com.google.android.apps.nexuslauncher.allapps.a1
06-16 18:45:12.788 I/ProximityAuth( 1196): [RecentAppsMediator] Package added: (user=UserHandle{0}) com.arunprakash.brain
06-16 18:45:12.793 E/ConstraintLayout( 1053): layout_constraintWidth_default="wrap" is deprecated.
06-16 18:45:12.793 E/ConstraintLayout( 1053): Use layout_width="WRAP_CONTENT" and layout_constrainedWidth="true" instead.
06-16 18:45:12.794 I/Launcher.IconCache( 1053): com.google.android.apps.nexuslauncher.allapps.a1
06-16 18:45:12.800 I/FontLog ( 1196): Package com.arunprakash.brain has no metadata [CONTEXT service_id=132 ]
06-16 18:45:12.803 E/ConstraintLayout( 1053): layout_constraintWidth_default="wrap" is deprecated.
06-16 18:45:12.803 E/ConstraintLayout( 1053): Use layout_width="WRAP_CONTENT" and layout_constrainedWidth="true" instead.
06-16 18:45:12.805 I/.gms.persistent( 1196): AssetManager2(0xb4000078182f2e58) locale list changing from [] to [en-US]
06-16 18:45:12.807 I/Launcher.IconCache( 1053): com.google.android.apps.nexuslauncher.allapps.a1
06-16 18:45:12.808 E/ConstraintLayout( 1053): layout_constraintWidth_default="wrap" is deprecated.
06-16 18:45:12.808 E/ConstraintLayout( 1053): Use layout_width="WRAP_CONTENT" and layout_constrainedWidth="true" instead.
06-16 18:45:12.808 I/Launcher.IconCache( 1053): com.google.android.apps.nexuslauncher.allapps.a1
06-16 18:45:12.809 E/ConstraintLayout( 1053): layout_constraintWidth_default="wrap" is deprecated.
06-16 18:45:12.809 E/ConstraintLayout( 1053): Use layout_width="WRAP_CONTENT" and layout_constrainedWidth="true" instead.
06-16 18:45:12.814 I/Launcher.IconCache( 1053): com.google.android.apps.nexuslauncher.allapps.a1
06-16 18:45:12.815 E/ConstraintLayout( 1053): layout_constraintWidth_default="wrap" is deprecated.
06-16 18:45:12.815 E/ConstraintLayout( 1053): Use layout_width="WRAP_CONTENT" and layout_constrainedWidth="true" instead.
06-16 18:45:12.816 I/Launcher.IconCache( 1053): com.google.android.apps.nexuslauncher.allapps.a1
06-16 18:45:12.828 I/KeyboardWrapper( 1475): KeyboardWrapper.activateKeyboard():562 activateKeyboard(): type=prime, status=0, imeDef=kyj{stringId=ime_english_united_states, language=en-US, languageTag=en-US, processedConditions={enable_number_row=false, device=phone}, className=com.google.android.libraries.inputmethod.ime.experiment.ExperimentImeWrapper, label=0, keyEventInterpreter=null, inlineComposing=true, autoCapital=true, announceAutoSelectedCandidate=true, statusIcon=0, primeKeyboardType=SOFT, indicatorIcon=0, indicatorLabel=US, displayAppCompletions=true, extraValues=kyb{#0x7f0b021c=TypedValue{t=0x3/d=0x0 "writing_helper_enable_by_word_revert=false"}, #0x7f0b0222=TypedValue{t=0x3/d=0x0 "com.google.android.apps.inputmethod.libs.latin5.LatinIme"}, #0x7f0b0223=TypedValue{t=0x3/d=0x0 "com.google.android.apps.inputmethod.libs.edittracker.EditTrackingImeWrapper"}, #0x7f0b0224=TypedValue{t=0x3/d=0x0 "com.google.android.apps.inputmethod.libs.latin5.LatinIme"}}, processors=lac@c090e62, unacceptableMetaKeys=4098, languageSpecificSettings=0, asciiCapable=true, alwaysShowSuggestions=false, useAsciiPasswordKeyboard=false, secondaryIme=null, keyboardGroupDef=kzl@cc63e68, phenotypeFlagId=0, localizationLanguageTag=null, supportsInlineSuggestion=true}
06-16 18:45:12.828 I/KeyboardManager( 1475): KeyboardManager.requestKeyboard():248 Creating keyboard prime, imeId=ime_english_united_states, cacheKey=theme_!gsf_!pgsans_!pgsf_!use_system_font_BORDER=true_FLAVOR_DPI=XXHDPI_KEYBOARD_WIDTH_CATEGORY=NORMAL_LIGHT_THEME=true_PHYSICAL_DIAGONAL=5.9809904_SCREEN_SHORTEST_WIDTH=411_SCREEN_SHORTEST_WIDTH_NO_SCALE=411_bottom4dp_enable_google_fonts_icons=true_enable_popup_on_keypress=true_keyboard_redesign_google_sans=true_noshadow_overlay_builtin_dynamic_color_light_base.binarypb:gm3-light-fffaf8ff-ff475d92-6dac7c28fa7faa76f8370bbfdbc77981_silkpopup_unify_function_key_color=true
06-16 18:45:12.829 I/KeyboardWrapper( 1475): KeyboardWrapper.onKeyboardReady():212 onKeyboardReady(): type=prime(prime), kb=com.google.android.apps.inputmethod.latin.keyboard.LatinPrimeKeyboard@863f26
06-16 18:45:12.830 I/KeyboardWrapper( 1475): KeyboardWrapper.doActivateKeyboard():589 doActivateKeyboard(): prime
06-16 18:45:12.830 I/GoogleInputMethodService( 1475): GoogleInputMethodService$1.onKeyboardViewShown():312 onKeyboardViewShown: keyboardType=prime, keyboardViewType=HEADER keyboardView=com.google.android.libraries.inputmethod.widgets.SoftKeyboardView{65c6712 V.E...... ......ID 0,0-1080,116}
06-16 18:45:12.830 I/KeyboardHeightUtil( 1475): KeyboardHeightUtil.calculateMaxKeyboardBodyHeight():46 leave 281 height for app when ime window height:2142, header height:116 and isFullscreenMode:false, so the max keyboard body height is:1745
06-16 18:45:12.832 I/KeyboardHeightUtil( 1475): KeyboardHeightUtil.calculateMaxKeyboardBodyHeight():46 leave 281 height for app when ime window height:2142, header height:116 and isFullscreenMode:false, so the max keyboard body height is:1745
06-16 18:45:12.832 I/GoogleInputMethodService( 1475): GoogleInputMethodService$1.onKeyboardViewShown():312 onKeyboardViewShown: keyboardType=prime, keyboardViewType=BODY keyboardView=com.google.android.libraries.inputmethod.widgets.SoftKeyboardView{d8dc377 V.E...... ........ 0,0-1080,641}
06-16 18:45:12.832 I/KeyboardHeightUtil( 1475): KeyboardHeightUtil.calculateMaxKeyboardBodyHeight():46 leave 281 height for app when ime window height:2142, header height:116 and isFullscreenMode:false, so the max keyboard body height is:1745
06-16 18:45:12.832 I/NewLanguagePromptExtension( 1475): NewLanguagePromptExtension$1.onKeyboardViewShown():86 Not show new language banner: not prime keyboard, or the extension not activated.
06-16 18:45:12.832 W/TooltipLifecycleManager( 1475): TooltipLifecycleManager.dismissTooltips():154 Tooltip with id undo_access_point_promotion_banner not found in tooltipManager.
06-16 18:45:12.832 I/GlobeKeyExtension( 1475): GlobeKeyExtension.getKeyboardInitialStates():131
06-16 18:45:12.833 W/Keyboard( 1475): Keyboard.getKeyboardViewHelper():597 null helper is returned: keyboardDef=kze{processedConditions={enable_more_candidates_view_for_multilingual=false, layout_9key_split=false, enable_secondary_symbols=false, language=en-US, deprecate_long_press_space_for_ime_picker=false, expressions=normal, enable_flick_symbols=true, variant=qwerty, device=phone, keyboard_mode=normal, show_secondary_digits=true, enable_preemptive_decode=true, rtl_layout=false}, globalConditions={global_theme_key=theme_!gsf_!pgsans_!pgsf_!use_system_font_BORDER=true_FLAVOR_DPI=XXHDPI_KEYBOARD_WIDTH_CATEGORY=NORMAL_LIGHT_THEME=true_PHYSICAL_DIAGONAL=5.9809904_SCREEN_SHORTEST_WIDTH=411_SCREEN_SHORTEST_WIDTH_NO_SCALE=411_bottom4dp_enable_google_fonts_icons=true_enable_popup_on_keypress=true_keyboard_redesign_google_sans=true_noshadow_overlay_builtin_dynamic_color_light_base.binarypb:gm3-light-fffaf8ff-ff475d92-6dac7c28fa7faa76f8370bbfdbc77981_silkpopup_unify_function_key_color=true, global_locale=en_US, global_density_dpi=420, global_orientation=1}, className=.latin.keyboard.LatinPrimeKeyboard, resourceIds=[#0x7f17065e, #0x7f1708dc], initialStates=0, keyboardViewDefs=[kzt{direction=null, id=#0x7f0b0166, isScalable=true, layoutId=#0x7f0e0346, type=BODY, touchable=true, defaultShow=true}, kzt{direction=null, id=#0x7f0b0166, isScalable=false, layoutId=#0x7f0e01db, type=FLOATING_CANDIDATES, touchable=false, defaultShow=false}, kzt{direction=LOCALE, id=#0x7f0b0166, isScalable=false, layoutId=#0x7f0e04da, type=HEADER, touchable=true, defaultShow=true}], persistentStates=0, persistentStatesPrefKey=null, popupBubbleLayoutId=#0x7f0e05ce, recentKeyLayoutId=0, recentKeyPopupLayoutId=0, recentKeyType=null, rememberRecentKey=NONE, sessionStates=17592186044419}, type=WIDGET, helpersCreated=[kkl@353f71b, kkl@9eca0b8, kkl@908ae91, null], context.getResources().getConfiguration(): {1.0 310mcc260mnc [en_US] ldltr sw411dp w411dp h840dp 420dpi nrml long port finger -keyb/v/h -nav/h winConfig={ mBounds=Rect(0, 0 - 1080, 2400) mAppBounds=Rect(0, 132 - 1080, 2337) mMaxBounds=Rect(0, 0 - 1080, 2400) mDisplayRotation=ROTATION_0 mWindowingMode=fullscreen mActivityType=undefined mAlwaysOnTop=undefined mRotation=ROTATION_0} as.3 s.37 fontWeightAdjustment=0}
06-16 18:45:12.833 I/KeyboardHeightUtil( 1475): KeyboardHeightUtil.calculateMaxKeyboardBodyHeight():46 leave 281 height for app when ime window height:2142, header height:116 and isFullscreenMode:false, so the max keyboard body height is:1745
06-16 18:45:12.833 I/AndroidIME( 1475): InputBundleManager.startInput():361 startInput() with kzp[keyboardType=prime, payload=null]
06-16 18:45:12.833 I/GlobeKeyExtension( 1475): GlobeKeyExtension.onActivate():70
06-16 18:45:12.835 I/CrowdsourceExtension( 1475): CrowdsourceExtension.checkIfDefaultBrowserIsAllowed():109 Failed to get default browser. The default browser may be deactivated.
06-16 18:45:12.835 I/VoiceInputManagerWrapper( 1475): VoiceInputManagerWrapper.cancelShutdown():100 cancelShutdown()
06-16 18:45:12.836 I/VoiceInputManagerWrapper( 1475): VoiceInputManagerWrapper.syncLanguagePacks():112 syncLanguagePacks()
06-16 18:45:12.836 I/VoiceInputManager( 1475): VoiceInputManager.onKeyboardActivated():1023 onKeyboardActivated() [UD]
06-16 18:45:12.836 I/AccessoryInputModeManager( 1475): AccessoryInputModeManager.onModeStarted():322 Accessory input mode started: null
06-16 18:45:12.836 I/ProactiveUndoTriggerExtension( 1475): ProactiveUndoTriggerExtension.eventConsumer$lambda$0():125 kyp{intention=null, keyCode=-10160, DEACTIVATE_SUPPLEMENTARY_KEYBOARD, data=accessory_candidates_consumer}
06-16 18:45:12.837 W/SupplementaryKeyboardsWrapper( 1475): SupplementaryKeyboardsWrapper.deactivateKeyboard():160 keyboard accessory_candidates_consumer is not activated before!
06-16 18:45:12.838 I/Auth    ( 1526): [SupervisedAccountIntentOperationV2] onHandleIntent: android.intent.action.PACKAGE_ADDED [CONTEXT service_id=42 ]
06-16 18:45:12.838 D/SearchTargetUtil( 1053): queryLength=1 size=10
06-16 18:45:12.838 D/SearchTargetUtil( 1053): layoutType=short_icon_row resultType=131072 packageName=com.google.android.googlequicksearchbox
06-16 18:45:12.838 D/SearchTargetUtil( 1053): layoutType=short_icon_row resultType=131072 packageName=com.google.android.googlequicksearchbox
06-16 18:45:12.838 D/SearchTargetUtil( 1053): layoutType=short_icon_row resultType=131072 packageName=com.google.android.googlequicksearchbox
06-16 18:45:12.838 D/SearchTargetUtil( 1053): layoutType=short_icon_row resultType=131072 packageName=com.google.android.googlequicksearchbox
06-16 18:45:12.838 D/SearchTargetUtil( 1053): layoutType=short_icon_row resultType=131072 packageName=com.google.android.googlequicksearchbox
06-16 18:45:12.838 D/SearchTargetUtil( 1053): layoutType=short_icon_row resultType=131072 packageName=com.google.android.googlequicksearchbox
06-16 18:45:12.838 D/SearchTargetUtil( 1053): layoutType=short_icon_row resultType=131072 packageName=com.google.android.googlequicksearchbox
06-16 18:45:12.838 D/SearchTargetUtil( 1053): layoutType=short_icon_row resultType=131072 packageName=com.google.android.googlequicksearchbox
06-16 18:45:12.838 D/SearchTargetUtil( 1053): layoutType=short_icon_row resultType=131072 packageName=com.google.android.googlequicksearchbox
06-16 18:45:12.838 D/SearchTargetUtil( 1053): layoutType=short_icon_row resultType=131072 packageName=com.google.android.googlequicksearchbox
06-16 18:45:12.838 D/ResultToken( 1053): Using Ranker#merge
06-16 18:45:12.839 D/AlphabeticalAppsList( 1053): Clearing FastScrollerSections.
06-16 18:45:12.840 I/Launcher.IconCache( 1053): com.google.android.apps.nexuslauncher.allapps.a1
06-16 18:45:12.840 I/Launcher.IconCache( 1053): com.google.android.apps.nexuslauncher.allapps.a1
06-16 18:45:12.841 I/Launcher.IconCache( 1053): com.google.android.apps.nexuslauncher.allapps.a1
06-16 18:45:12.841 I/Launcher.IconCache( 1053): com.google.android.apps.nexuslauncher.allapps.a1
06-16 18:45:12.846 I/Launcher.IconCache( 1053): com.google.android.apps.nexuslauncher.allapps.a1
06-16 18:45:12.847 E/ConstraintLayout( 1053): layout_constraintWidth_default="wrap" is deprecated.
06-16 18:45:12.847 E/ConstraintLayout( 1053): Use layout_width="WRAP_CONTENT" and layout_constrainedWidth="true" instead.
06-16 18:45:12.848 I/KeyboardModeUtils( 1475): KeyboardModeUtils.getKeyboardBottomOffset():437 inch: 0.000000 ydpi: 420.000000 adjustKeyboardBottomByDisplaySize: false currentDensityDpi: 420 defaultDensityDpi: 420 keyboardBottomToScreenPx: 0 keyboardBottomToNavBarPx: -126 navBarHeight: 126
06-16 18:45:12.848 I/KeyboardHeightUtil( 1475): KeyboardHeightUtil.calculateMaxKeyboardBodyHeight():46 leave 281 height for app when ime window height:2142, header height:116 and isFullscreenMode:false, so the max keyboard body height is:1745
06-16 18:45:12.848 I/KeyboardHeightUtil( 1475): KeyboardHeightUtil.calculateMaxKeyboardBodyHeight():46 leave 281 height for app when ime window height:2142, header height:116 and isFullscreenMode:false, so the max keyboard body height is:1745
06-16 18:45:12.848 I/KeyboardHeightUtil( 1475): KeyboardHeightUtil.calculateMaxKeyboardBodyHeight():46 leave 281 height for app when ime window height:2142, header height:116 and isFullscreenMode:false, so the max keyboard body height is:1745
06-16 18:45:12.848 I/KeyboardHeightUtil( 1475): KeyboardHeightUtil.calculateMaxKeyboardBodyHeight():46 leave 281 height for app when ime window height:2142, header height:116 and isFullscreenMode:false, so the max keyboard body height is:1745
06-16 18:45:12.848 W/ExtensionWrapper( 1475): ExtensionWrapper.setExtensionViewVisibility():801 interface koa is not activate
06-16 18:45:12.849 I/Module  ( 1475): DeviceLockedStatusModuleProvider$Module.updateDeviceLockedStatus():100 repeatCheckTimes = 1, locked = false
06-16 18:45:12.849 I/Launcher.IconCache( 1053): com.google.android.apps.nexuslauncher.allapps.a1
06-16 18:45:12.849 I/VoiceImeExtension( 1475): VoiceImeExtension.shouldStartVoiceInputAutomaticallyInCurrentInputBox():469 No private IME option set to start voice input.
06-16 18:45:12.851 W/InputContextProxy( 1475): InputContextProxy.applyClientDiffInternal():957 Ignore [FetchSuggestions] diff due to stale request: 68<72, inputStateId=40, lastInputStateId=42
06-16 18:45:12.851 I/ProactiveUndoTriggerExtension( 1475): ProactiveUndoTriggerExtension.eventConsumer$lambda$0():125 kyp{intention=null, keyCode=-10044, UPDATE_KEYBOARD_LAYOUT, data=# qsn@2355f389}
06-16 18:45:12.853 E/ConstraintLayout( 1053): layout_constraintWidth_default="wrap" is deprecated.
06-16 18:45:12.853 E/ConstraintLayout( 1053): Use layout_width="WRAP_CONTENT" and layout_constrainedWidth="true" instead.
06-16 18:45:12.854 I/ProactiveUndoTriggerExtension( 1475): ProactiveUndoTriggerExtension.eventConsumer$lambda$0():125 kyp{intention=null, keyCode=-10188, SET_KEYBOARD_LAYOUT, data=# qsn@e819072e}
06-16 18:45:12.854 I/Delight5Decoder( 1475): Delight5DecoderWrapper.setKeyboardLayout():521 setKeyboardLayout()
06-16 18:45:12.855 I/Launcher.IconCache( 1053): com.google.android.apps.nexuslauncher.allapps.a1
06-16 18:45:12.856 E/ConstraintLayout( 1053): layout_constraintWidth_default="wrap" is deprecated.
06-16 18:45:12.856 E/ConstraintLayout( 1053): Use layout_width="WRAP_CONTENT" and layout_constrainedWidth="true" instead.
06-16 18:45:12.857 I/Launcher.IconCache( 1053): com.google.android.apps.nexuslauncher.allapps.a1
06-16 18:45:12.857 D/BoundBrokerSvc( 1526): onBind: Intent { act=com.google.android.gms.common.BIND_SHARED_PREFS xflg=0x4 pkg=com.google.android.gms }
06-16 18:45:12.858 I/ProactiveUndoTriggerExtension( 1475): ProactiveUndoTriggerExtension.eventConsumer$lambda$0():125 kyp{intention=null, keyCode=-10044, UPDATE_KEYBOARD_LAYOUT, data=# qsn@2355f389}
06-16 18:45:12.858 I/ProactiveUndoTriggerExtension( 1475): ProactiveUndoTriggerExtension.eventConsumer$lambda$0():125 kyp{intention=null, keyCode=-10188, SET_KEYBOARD_LAYOUT, data=# qsn@e819072e}
06-16 18:45:12.858 D/BoundBrokerSvc( 1526): Loading bound service for intent: Intent { act=com.google.android.gms.common.BIND_SHARED_PREFS xflg=0x4 pkg=com.google.android.gms }
06-16 18:45:12.858 I/SpeechFactory( 1475): SpeechRecognitionFactory.maybeScheduleAutoPackDownloadForFallback():161 maybeScheduleAutoPackDownloadForFallback()
06-16 18:45:12.858 I/FallbackOnDeviceRecognitionProvider( 1475): FallbackOnDeviceRecognitionProvider.maybeScheduleAutoPackDownload():198 maybeScheduleAutoPackDownload() for language tag en-US
06-16 18:45:12.859 D/nativeloader( 6642): Configuring clns-9 for other apk /data/app/~~ZRST-hJ0H4DX25YkqKmuQg==/com.arunprakash.brain-DDGYpHOtdpo0Ys_Q3CO0PQ==/base.apk. target_sdk_version=36, uses_libraries=, library_path=/data/app/~~ZRST-hJ0H4DX25YkqKmuQg==/com.arunprakash.brain-DDGYpHOtdpo0Ys_Q3CO0PQ==/lib/arm64, permitted_path=/data:/mnt/expand:/data/user/0/com.arunprakash.brain
06-16 18:45:12.860 E/ConstraintLayout( 1053): layout_constraintWidth_default="wrap" is deprecated.
06-16 18:45:12.860 E/ConstraintLayout( 1053): Use layout_width="WRAP_CONTENT" and layout_constrainedWidth="true" instead.
06-16 18:45:12.862 I/Launcher.IconCache( 1053): com.google.android.apps.nexuslauncher.allapps.a1
06-16 18:45:12.863 I/unprakash.brain( 6642): AssetManager2(0xb4000078182e0898) locale list changing from [] to [en-US]
06-16 18:45:12.863 I/KeyboardModeUtils( 1475): KeyboardModeUtils.getKeyboardBottomOffset():437 inch: 0.000000 ydpi: 420.000000 adjustKeyboardBottomByDisplaySize: false currentDensityDpi: 420 defaultDensityDpi: 420 keyboardBottomToScreenPx: 0 keyboardBottomToNavBarPx: -126 navBarHeight: 126
06-16 18:45:12.863 I/KeyboardHeightUtil( 1475): KeyboardHeightUtil.calculateMaxKeyboardBodyHeight():46 leave 281 height for app when ime window height:2142, header height:116 and isFullscreenMode:false, so the max keyboard body height is:1745
06-16 18:45:12.863 I/KeyboardHeightUtil( 1475): KeyboardHeightUtil.calculateMaxKeyboardBodyHeight():46 leave 281 height for app when ime window height:2142, header height:116 and isFullscreenMode:false, so the max keyboard body height is:1745
06-16 18:45:12.863 E/ConstraintLayout( 1053): layout_constraintWidth_default="wrap" is deprecated.
06-16 18:45:12.863 E/ConstraintLayout( 1053): Use layout_width="WRAP_CONTENT" and layout_constrainedWidth="true" instead.
06-16 18:45:12.863 I/WindowMetricsNotification( 1475): WindowMetricsNotification.notifyWithWindow():166
06-16 18:45:12.864 I/WindowMetricsNotification( 1475): WindowMetricsNotification.notify():159 mub[bounds=Rect(0, 132 - 1080, 2400), insets=Rect(0, 0 - 0, 126), densityDpi=420, smallestScreenWidthDp=411, displayWidth=1080, displayHeight=2400, xdpi=420.0, ydpi=420.0, isTrustable=true, displayId=0]; DisplayMetrics{density=2.625, width=1080, height=2400, scaledDensity=2.625, xdpi=420.0, ydpi=420.0}
06-16 18:45:12.864 I/Delight5Decoder( 1475): Delight5DecoderWrapper.setKeyboardLayout():521 setKeyboardLayout()
06-16 18:45:12.866 V/GraphicsEnvironment( 6642): Currently set values for:
06-16 18:45:12.866 V/GraphicsEnvironment( 6642):   angle_gl_driver_selection_pkgs=[]
06-16 18:45:12.866 V/GraphicsEnvironment( 6642):   angle_gl_driver_selection_values=[]
06-16 18:45:12.866 V/GraphicsEnvironment( 6642): com.arunprakash.brain is not listed in per-application setting
06-16 18:45:12.866 V/GraphicsEnvironment( 6642): ANGLE allowlist from config: com.dreamgames.royalmatch com.dts.freefiremax com.dxx.firenow com.gramgames.mergedragons com.ludo.king com.mojang.minecraftpe com.my.defense com.nintendo.zaka com.os.airforce com.playrix.fishdomdd.gplay io.teslatech.callbreak jp.konami.prospia net.peakgames.toonblast
06-16 18:45:12.866 V/GraphicsEnvironment( 6642): com.arunprakash.brain is not listed in ANGLE allowlist or settings, returning default
06-16 18:45:12.866 V/GraphicsEnvironment( 6642): Neither updatable production driver nor prerelease driver is supported.
06-16 18:45:12.870 I/ProactiveUndoTriggerExtension( 1475): ProactiveUndoTriggerExtension.eventConsumer$lambda$0():125 kyp{intention=null, keyCode=-400000, SPELL_CHECK_SUGGESTIONS, data=null}
06-16 18:45:12.870 W/TooltipLifecycleManager( 1475): TooltipLifecycleManager.dismissTooltips():154 Tooltip with id spell_check_add_to_dictionary not found in tooltipManager.
06-16 18:45:12.871 I/Launcher.IconCache( 1053): com.google.android.apps.nexuslauncher.allapps.a1
06-16 18:45:12.872 I/GoogleInputMethodService( 1475): GoogleInputMethodService$1.onKeyboardViewShown():312 onKeyboardViewShown: keyboardType=prime, keyboardViewType=HEADER keyboardView=com.google.android.libraries.inputmethod.widgets.SoftKeyboardView{65c6712 V.E...... ........ 0,0-1080,116}
06-16 18:45:12.873 I/KeyboardHeightUtil( 1475): KeyboardHeightUtil.calculateMaxKeyboardBodyHeight():46 leave 281 height for app when ime window height:2142, header height:116 and isFullscreenMode:false, so the max keyboard body height is:1745
06-16 18:45:12.873 I/GoogleInputMethodService( 1475): GoogleInputMethodService$1.onKeyboardViewShown():312 onKeyboardViewShown: keyboardType=prime, keyboardViewType=BODY keyboardView=com.google.android.libraries.inputmethod.widgets.SoftKeyboardView{d8dc377 V.E...... ........ 0,0-1080,641}
06-16 18:45:12.873 I/KeyboardHeightUtil( 1475): KeyboardHeightUtil.calculateMaxKeyboardBodyHeight():46 leave 281 height for app when ime window height:2142, header height:116 and isFullscreenMode:false, so the max keyboard body height is:1745
06-16 18:45:12.873 I/NewLanguagePromptExtension( 1475): NewLanguagePromptExtension$1.onKeyboardViewShown():96 Not show new language banner: no change in enabled input method entries
06-16 18:45:12.873 I/ProactiveUndoTriggerExtension( 1475): ProactiveUndoTriggerExtension.eventConsumer$lambda$0():125 kyp{intention=null, keyCode=-10044, UPDATE_KEYBOARD_LAYOUT, data=# qsn@2355f389}
06-16 18:45:12.875 I/ProactiveUndoTriggerExtension( 1475): ProactiveUndoTriggerExtension.eventConsumer$lambda$0():125 kyp{intention=null, keyCode=-10188, SET_KEYBOARD_LAYOUT, data=# qsn@e819072e}
06-16 18:45:12.875 I/gle.android.gms( 1526): AssetManager2(0xb4000078182e3db8) locale list changing from [] to [en-US]
06-16 18:45:12.888 I/Delight5Decoder( 1475): Delight5DecoderWrapper.setKeyboardLayout():521 setKeyboardLayout()
06-16 18:45:12.912 W/SQLiteLog( 1526): (28) double-quoted string literal: "com.arunprakash.brain"
06-16 18:45:12.913 D/CoreBackPreview(  669): Window{797dd32 u0 com.google.android.apps.nexuslauncher/com.google.android.apps.nexuslauncher.NexusLauncherActivity}: Setting back callback OnBackInvokedCallbackInfo{mCallback=android.window.IOnBackInvokedCallback$Stub$Proxy@1553ceb, mPriority=0, mIsAnimationCallback=true, mOverrideBehavior=0}
06-16 18:45:12.922 W/OptProp (  669): Cannot read opt property android.window.PROPERTY_COMPAT_ENABLE_FAKE_FOCUS
06-16 18:45:12.923 D/BoundBrokerSvc( 1526): onBind: Intent { act=com.google.android.gms.feedback.internal.IFeedbackService dat=chimera-action:/... xflg=0x4 cmp=com.google.android.gms/.chimera.GmsBoundBrokerService }
06-16 18:45:12.923 D/BoundBrokerSvc( 1526): Loading bound service for intent: Intent { act=com.google.android.gms.feedback.internal.IFeedbackService dat=chimera-action:/... xflg=0x4 cmp=com.google.android.gms/.chimera.GmsBoundBrokerService }
06-16 18:45:12.933 D/BackgroundInstallControlService(  669): Package event received: 0
06-16 18:45:12.934 D/BackgroundInstallControlService(  669): Package event received: 0
06-16 18:45:12.935 I/DisplayManager( 6642): Choreographer implicitly registered for the refresh rate.
06-16 18:45:12.943 I/gle.android.gms( 1526): Waiting for a blocking GC ProfileSaver
06-16 18:45:12.950 I/EGL_emulation( 6642): Opening libGLESv1_CM_emulation.so
06-16 18:45:12.950 I/EGL_emulation( 6642): Opening libGLESv2_emulation.so
06-16 18:45:12.951 I/.apps.wellbeing( 1489): AssetManager2(0xb400007818304158) locale list changing from [] to [en-US]
06-16 18:45:12.953 I/.apps.wellbeing( 1489): AssetManager2(0xb400007818309298) locale list changing from [] to [en-US]
06-16 18:45:12.953 W/HWUI    ( 6642): Failed to choose config with EGL_SWAP_BEHAVIOR_PRESERVED, retrying without...
06-16 18:45:12.954 W/HWUI    ( 6642): Failed to initialize 101010-2 format, error = EGL_SUCCESS
06-16 18:45:12.959 I/unprakash.brain( 6642): AssetManager2(0xb4000078182d5998) locale list changing from [] to [en-US]
06-16 18:45:12.967 I/Icing   ( 1526): IndexChimeraService.getServiceInterface callingPackage=com.google.android.gms componentName=AppsCorpus serviceId=36
06-16 18:45:12.972 I/.apps.wellbeing( 1489): AssetManager2(0xb400007818308938) locale list changing from [] to [en-US]
06-16 18:45:12.974 I/.apps.wellbeing( 1489): AssetManager2(0xb4000078182e9218) locale list changing from [] to [en-US]
06-16 18:45:12.977 D/AppCompatDelegate( 6642): Checking for metadata for AppLocalesMetadataHolderService : Service not found
06-16 18:45:12.977 I/unprakash.brain( 6642): AssetManager2(0xb4000078182d5038) locale list changing from [] to [en-US]
06-16 18:45:12.979 I/.apps.wellbeing( 1489): AssetManager2(0xb400007818307358) locale list changing from [] to [en-US]
06-16 18:45:12.980 E/ashmem  ( 6642): Pinning is deprecated since Android Q. Please use trim or other methods.
06-16 18:45:12.982 I/.apps.wellbeing( 1489): AssetManager2(0xb4000078182e8bd8) locale list changing from [] to [en-US]
06-16 18:45:12.982 I/ProactiveUndoTriggerExtension( 1475): ProactiveUndoTriggerExtension.eventConsumer$lambda$0():125 kyp{intention=null, keyCode=-400000, SPELL_CHECK_SUGGESTIONS, data=null}
06-16 18:45:12.983 W/TooltipLifecycleManager( 1475): TooltipLifecycleManager.dismissTooltips():154 Tooltip with id spell_check_add_to_dictionary not found in tooltipManager.
06-16 18:45:12.986 I/.apps.wellbeing( 1489): AssetManager2(0xb4000078182eb158) locale list changing from [] to [en-US]
06-16 18:45:12.993 I/.apps.wellbeing( 1489): AssetManager2(0xb4000078182eab18) locale list changing from [] to [en-US]
06-16 18:45:12.996 I/.apps.wellbeing( 1489): AssetManager2(0xb4000078182eb798) locale list changing from [] to [en-US]
06-16 18:45:12.997 D/CompatChangeReporter( 6642): Compat change id reported: 377864165; UID 10213; state: ENABLED
06-16 18:45:12.999 D/DesktopModeFlags( 6642): Toggle override initialized to: OVERRIDE_UNSET
06-16 18:45:13.001 I/.apps.wellbeing( 1489): AssetManager2(0xb4000078182e9b78) locale list changing from [] to [en-US]
06-16 18:45:13.003 I/.apps.wellbeing( 1489): AssetManager2(0xb4000078182e72d8) locale list changing from [] to [en-US]
06-16 18:45:13.005 I/.apps.wellbeing( 1489): AssetManager2(0xb4000078182e75f8) locale list changing from [] to [en-US]
06-16 18:45:13.008 I/.apps.wellbeing( 1489): AssetManager2(0xb4000078182e7f58) locale list changing from [] to [en-US]
06-16 18:45:13.009 I/.apps.wellbeing( 1489): AssetManager2(0xb4000078182e9538) locale list changing from [] to [en-US]
06-16 18:45:13.012 I/unprakash.brain( 6642): hiddenapi: Accessing hidden method Landroid/view/ViewGroup;->makeOptionalFitsSystemWindows()V (runtime_flags=0, domain=platform, api=unsupported) from Landroidx/appcompat/widget/ViewUtils; (domain=app) using reflection: allowed
06-16 18:45:13.015 I/unprakash.brain( 6642): AssetManager2(0xb4000078182dc0b8) locale list changing from [] to [en-US]
06-16 18:45:13.016 I/WebViewFactory( 6642): Loading com.google.android.webview version 133.0.6943.137 (code 694313732)
06-16 18:45:13.016 I/unprakash.brain( 6642): AssetManager2(0xb4000078182e2198) locale list changing from [] to [en-US]
06-16 18:45:13.017 I/unprakash.brain( 6642): AssetManager2(0xb4000078182de638) locale list changing from [] to [en-US]
06-16 18:45:13.017 V/WindowManagerShell(  920): Transition animation finished (aborted=false), notifying core (#44) android.os.BinderProxy@429677c@0
06-16 18:45:13.021 V/WindowManager(  669): Finish Transition (#44): created at 06-16 18:45:12.624 collect-started=0.012ms request-sent=2.668ms started=4.219ms ready=61.269ms sent=68.49ms commit=27.118ms finished=396.794ms
06-16 18:45:13.022 I/unprakash.brain( 6642): AssetManager2(0xb4000078182dff38) locale list changing from [] to [en-US]
06-16 18:45:13.022 I/unprakash.brain( 6642): AssetManager2(0xb4000078182e0ed8) locale list changing from [] to [en-US]
06-16 18:45:13.023 V/ResourcesManager( 6642): The following library key has been added: ResourcesKey{ mHash=821b88aa mResDir=null mSplitDirs=[] mOverlayDirs=[] mLibDirs=[/data/app/~~8EQ0CQSFeacIWsLSgKCLew==/com.google.android.webview-31p1nKGbdMsRohRGqtzW9w==/WebViewGoogle.apk,/data/app/~~CRawBP1awgXlyZ4_6msebw==/com.google.android.trichromelibrary_694313732-kYVIO9OTa1IOhkiHgqtNMA==/TrichromeLibrary.apk,/system_ext/framework/androidx.window.extensions.jar] mDisplayId=0 mOverrideConfig=v36 mCompatInfo={420dpi always-compat} mLoaders=[]}
06-16 18:45:13.024 V/WindowManagerShell(  920): Track 0 became idle
06-16 18:45:13.025 V/WindowManagerShell(  920): All active transition animations finished
06-16 18:45:13.026 W/unprakash.brain( 6642): Failed to find entry 'classes.dex': Entry not found
06-16 18:45:13.026 W/gle.android.gms( 1526): Reducing the number of considered missed Gc histogram windows from 216 to 100
06-16 18:45:13.026 D/nativeloader( 6642): Configuring clns-10 for other apk /data/app/~~CRawBP1awgXlyZ4_6msebw==/com.google.android.trichromelibrary_694313732-kYVIO9OTa1IOhkiHgqtNMA==/TrichromeLibrary.apk. target_sdk_version=34, uses_libraries=ALL, library_path=/data/app/~~8EQ0CQSFeacIWsLSgKCLew==/com.google.android.webview-31p1nKGbdMsRohRGqtzW9w==/lib/arm64:/data/app/~~8EQ0CQSFeacIWsLSgKCLew==/com.google.android.webview-31p1nKGbdMsRohRGqtzW9w==/WebViewGoogle.apk!/lib/arm64-v8a:/data/app/~~CRawBP1awgXlyZ4_6msebw==/com.google.android.trichromelibrary_694313732-kYVIO9OTa1IOhkiHgqtNMA==/TrichromeLibrary.apk!/lib/arm64-v8a, permitted_path=/data:/mnt/expand
06-16 18:45:13.027 D/ApplicationLoaders( 6642): Returning zygote-cached class loader: /system_ext/framework/androidx.window.extensions.jar
