06-16 18:45:13.027 D/nativeloader( 6642): Configuring clns-11 for other apk /data/app/~~8EQ0CQSFeacIWsLSgKCLew==/com.google.android.webview-31p1nKGbdMsRohRGqtzW9w==/WebViewGoogle.apk. target_sdk_version=34, uses_libraries=, library_path=/data/app/~~8EQ0CQSFeacIWsLSgKCLew==/com.google.android.webview-31p1nKGbdMsRohRGqtzW9w==/lib/arm64:/data/app/~~8EQ0CQSFeacIWsLSgKCLew==/com.google.android.webview-31p1nKGbdMsRohRGqtzW9w==/WebViewGoogle.apk!/lib/arm64-v8a:/data/app/~~CRawBP1awgXlyZ4_6msebw==/com.google.android.trichromelibrary_694313732-kYVIO9OTa1IOhkiHgqtNMA==/TrichromeLibrary.apk!/lib/arm64-v8a, permitted_path=/data:/mnt/expand
06-16 18:45:13.028 I/gle.android.gms( 1526): WaitForGcToComplete blocked ProfileSaver on Background for 84.592ms
06-16 18:45:13.038 D/VRI[NexusLauncherActivity]( 1053): visibilityChanged oldVisibility=true newVisibility=false
06-16 18:45:13.040 D/NexusLauncherModelDelegate( 1053): notifySmartspaceEvent: SmartspaceTargetEvent{mSmartspaceTarget=null, mSmartspaceActionId='null', mEventType=7}
06-16 18:45:13.042 I/Icing   ( 1526): IndexChimeraService.getServiceInterface callingPackage=com.google.android.gms componentName=null serviceId=30
06-16 18:45:13.043 I/gle.android.gms( 1526): AssetManager2(0xb4000078182d5038) locale list changing from [] to [en-US]
06-16 18:45:13.044 I/Icing   ( 1526): Usage reports ok 1, Failed Usage reports 0, indexed 0, rejected 0
06-16 18:45:13.054 I/ImeTracker(  669): system_server:cba2ddf3: onRequestShow at ORIGIN_SERVER reason CONTROLS_CHANGED fromUser false
06-16 18:45:13.055 I/ImeTracker( 1053): system_server:cba2ddf3: onCancelled at PHASE_CLIENT_ON_CONTROLS_CHANGED
06-16 18:45:13.055 I/ImeTracker( 1053): system_server:9137f879: onShown
06-16 18:45:13.059 I/cr_WVCFactoryProvider( 6642): version=133.0.6943.137 (694313732) minSdkVersion=29 isBundle=false multiprocess=true packageId=2
06-16 18:45:13.060 I/unprakash.brain( 6642): AssetManager2(0xb4000078182d7bf8) locale list changing from [] to [en-US]
06-16 18:45:13.060 I/Icing   ( 1526): Usage reports ok 0, Failed Usage reports 0, indexed 0, rejected 0
06-16 18:45:13.061 I/Icing   ( 1526): Indexing com.google.android.gms-apps from com.google.android.gms
06-16 18:45:13.064 I/Icing   ( 1526): Indexing done com.google.android.gms-apps
06-16 18:45:13.068 D/nativeloader( 6642): Load /data/app/~~CRawBP1awgXlyZ4_6msebw==/com.google.android.trichromelibrary_694313732-kYVIO9OTa1IOhkiHgqtNMA==/TrichromeLibrary.apk!/lib/arm64-v8a/libmonochrome_64.so using class loader ns clns-11 (caller=/data/app/~~8EQ0CQSFeacIWsLSgKCLew==/com.google.android.webview-31p1nKGbdMsRohRGqtzW9w==/WebViewGoogle.apk): ok
06-16 18:45:13.070 D/nativeloader( 6642): Load /system/lib64/libwebviewchromium_plat_support.so using class loader ns clns-11 (caller=/data/app/~~8EQ0CQSFeacIWsLSgKCLew==/com.google.android.webview-31p1nKGbdMsRohRGqtzW9w==/WebViewGoogle.apk): ok
06-16 18:45:13.070 I/.apps.wellbeing( 1489): AssetManager2(0xb4000078182e9858) locale list changing from [] to [en-US]
06-16 18:45:13.071 I/chromium( 6642): [0616/184513.070982:INFO:variations_seed_loader.cc(67)] Failed to open file for reading.: No such file or directory (2)
06-16 18:45:13.071 I/cr_VariationsUtils( 6642): Failed reading seed file "/data/user/0/com.arunprakash.brain/app_webview/variations_seed_new"
06-16 18:45:13.075 I/cr_LibraryLoader( 6642): Successfully loaded native library
06-16 18:45:13.075 I/cr_CachingUmaRecorder( 6642): Flushed 6 samples from 6 histograms, 0 samples were dropped.
06-16 18:45:13.076 I/cr_VariationsUtils( 6642): Loaded seed with age 17009s
06-16 18:45:13.076 I/cr_CombinedPProvider( 6642): #registerProvider() provider:WV.C8@f09a444 isPolicyCacheEnabled:false policyProvidersSize:0
06-16 18:45:13.077 I/cr_PolicyProvider( 6642): #setManagerAndSource() 0
06-16 18:45:13.077 I/.apps.wellbeing( 1489): AssetManager2(0xb4000078182ec0f8) locale list changing from [] to [en-US]
06-16 18:45:13.078 V/GrammaticalInflectionUtils(  669): AttributionSource: AttributionSource { uid = 99008, packageName = null, attributionTag = null, token = android.os.Binder@5a281d, deviceId = 0, next = null } does not have READ_SYSTEM_GRAMMATICAL_GENDER permission.
06-16 18:45:13.081 I/cr_CombinedPProvider( 6642): #linkNativeInternal() 1
06-16 18:45:13.081 I/cr_AppResProvider( 6642): #getApplicationRestrictionsFromUserManager() Bundle[EMPTY_PARCEL]
06-16 18:45:13.081 I/cr_PolicyProvider( 6642): #notifySettingsAvailable() 0
06-16 18:45:13.081 I/cr_CombinedPProvider( 6642): #onSettingsAvailable() 0
06-16 18:45:13.081 I/cr_CombinedPProvider( 6642): #flushPolicies()
06-16 18:45:13.081 D/Zygote  ( 1000): Forked child process 6714
06-16 18:45:13.083 E/libc    ( 6714): SetHeapTaggingLevel: re-enabling tagging after it was disabled is not supported
06-16 18:45:13.084 D/BoundBrokerSvc( 1526): onBind: Intent { act=com.google.android.gms.safetynet.service.START xflg=0x4 pkg=com.google.android.gms }
06-16 18:45:13.084 D/BoundBrokerSvc( 1526): Loading bound service for intent: Intent { act=com.google.android.gms.safetynet.service.START xflg=0x4 pkg=com.google.android.gms }
06-16 18:45:13.084 I/ocessService0:0( 6714): Using CollectorTypeCMC GC.
06-16 18:45:13.087 E/ocessService0:0( 6714): Not starting debugger since process cannot load the jdwp agent.
06-16 18:45:13.088 I/.apps.wellbeing( 1489): AssetManager2(0xb4000078182e7c38) locale list changing from [] to [en-US]
06-16 18:45:13.089 D/nativeloader( 6714): Load libframework-connectivity-tiramisu-jni.so using APEX ns com_android_tethering for caller /apex/com.android.tethering/javalib/framework-connectivity-t.jar: ok
06-16 18:45:13.090 I/ActivityManager(  669): Start proc 6714:com.google.android.webview:sandboxed_process0:org.chromium.content.app.SandboxedProcessService0:0/u0i8 for  {com.arunprakash.brain/org.chromium.content.app.SandboxedProcessService0:0}
06-16 18:45:13.090 I/ActivityManager(  669): ProcessObserver broadcast disabled
06-16 18:45:13.091 D/CompatChangeReporter( 6714): Compat change id reported: 242716250; UID 99008; state: ENABLED
06-16 18:45:13.097 D/ApplicationLoaders( 6714): Returning zygote-cached class loader: /system_ext/framework/androidx.window.extensions.jar
06-16 18:45:13.098 I/ocessService0:0( 6714): AssetManager2(0x78182d9818) locale list changing from [] to [en-US]
06-16 18:45:13.099 W/servicemanager(  219): Isolated app with UID 99008 requested 'network_management', but the service is not allowed for isolated apps.
06-16 18:45:13.099 I/LoadedApk( 6714): No resource references to update in package com.google.android.trichromelibrary
06-16 18:45:13.099 I/cr_WebViewApkApp( 6714): version=133.0.6943.137 (694313732) minSdkVersion=29 isBundle=false processName=com.google.android.webview:sandboxed_process0:org.chromium.content.app.SandboxedProcessService0:0
06-16 18:45:13.100 I/unprakash.brain( 6642): AssetManager2(0xb4000078182dba78) locale list changing from [] to [en-US]
06-16 18:45:13.100 D/BackgroundInstallControlService(  669): Package event received: 0
06-16 18:45:13.100 W/chromium( 6642): [WARNING:dns_config_service_android.cc(81)] Failed to read DnsConfig.
06-16 18:45:13.101 I/.apps.wellbeing( 1489): AssetManager2(0xb4000078182edd18) locale list changing from [] to [en-US]
06-16 18:45:13.101 I/cr_ChildProcessService( 6714): Creating new ChildProcessService pid=6714
06-16 18:45:13.101 I/unprakash.brain( 6642): AssetManager2(0xb4000078182dfc18) locale list changing from [] to [en-US]
06-16 18:45:13.101 W/servicemanager(  219): Isolated app with UID 99008 requested 'connectivity', but the service is not allowed for isolated apps.
06-16 18:45:13.103 W/servicemanager(  219): Isolated app with UID 99008 requested 'content_capture', but the service is not allowed for isolated apps.
06-16 18:45:13.103 I/.apps.wellbeing( 1489): AssetManager2(0xb4000078182e1838) locale list changing from [] to [en-US]
06-16 18:45:13.106 I/.apps.wellbeing( 1489): AssetManager2(0xb4000078182ea4d8) locale list changing from [] to [en-US]
06-16 18:45:13.107 I/.apps.wellbeing( 1489): AssetManager2(0xb4000078182ec418) locale list changing from [] to [en-US]
06-16 18:45:13.109 I/.apps.wellbeing( 1489): AssetManager2(0xb4000078182ea7f8) locale list changing from [] to [en-US]
06-16 18:45:13.114 D/BoundBrokerSvc( 1526): onBind: Intent { act=com.google.android.gms.safebrowsing.SafeBrowsingService.START dat=chimera-action:/... xflg=0x4 cmp=com.google.android.gms/.chimera.GmsBoundBrokerService }
06-16 18:45:13.114 D/BoundBrokerSvc( 1526): Loading bound service for intent: Intent { act=com.google.android.gms.safebrowsing.SafeBrowsingService.START dat=chimera-action:/... xflg=0x4 cmp=com.google.android.gms/.chimera.GmsBoundBrokerService }
06-16 18:45:13.128 I/.apps.wellbeing( 1489): AssetManager2(0xb400007818304158) locale list changing from [] to [en-US]
06-16 18:45:13.130 I/.apps.wellbeing( 1489): AssetManager2(0xb4000078182e88b8) locale list changing from [] to [en-US]
06-16 18:45:13.131 E/chromium( 6642): [ERROR:simple_file_enumerator.cc(21)] opendir /data/user/0/com.arunprakash.brain/cache/WebView/Default/HTTP Cache/Code Cache/js: No such file or directory (2)
06-16 18:45:13.131 E/chromium( 6642): [ERROR:simple_index_file.cc(613)] Could not reconstruct index from disk
06-16 18:45:13.133 D/BackgroundInstallControlService(  669): Package event received: 0
06-16 18:45:13.133 D/ActivityManager(  669): sync unfroze 3519 com.google.android.webview:webview_service for 6
06-16 18:45:13.134 D/BackgroundInstallControlService(  669): Package event received: 0
06-16 18:45:13.135 I/.apps.wellbeing( 1489): AssetManager2(0xb4000078182e7918) locale list changing from [] to [en-US]
06-16 18:45:13.137 D/ActivityThread( 3519): Package [com.arunprakash.brain] reported as REPLACED, but missing application info. Assuming REMOVED.
06-16 18:45:13.139 I/.apps.wellbeing( 1489): AssetManager2(0xb4000078182ea1b8) locale list changing from [] to [en-US]
06-16 18:45:13.140 W/webview_service( 3519): Reducing the number of considered missed Gc histogram windows from 141 to 100
06-16 18:45:13.142 I/.apps.wellbeing( 1489): AssetManager2(0xb4000078182e6c98) locale list changing from [] to [en-US]
06-16 18:45:13.142 I/.apps.wellbeing( 1489): AssetManager2(0xb4000078182e5cf8) locale list changing from [] to [en-US]
06-16 18:45:13.143 I/.apps.wellbeing( 1489): AssetManager2(0xb4000078182e6338) locale list changing from [] to [en-US]
06-16 18:45:13.147 I/.apps.wellbeing( 1489): AssetManager2(0xb4000078182e4d58) locale list changing from [] to [en-US]
06-16 18:45:13.149 I/.apps.wellbeing( 1489): AssetManager2(0xb4000078182ec738) locale list changing from [] to [en-US]
06-16 18:45:13.151 I/.apps.wellbeing( 1489): AssetManager2(0xb4000078182f0f18) locale list changing from [] to [en-US]
06-16 18:45:13.155 I/.apps.wellbeing( 1489): AssetManager2(0xb4000078182ebdd8) locale list changing from [] to [en-US]
06-16 18:45:13.160 D/Capacitor( 6642): Starting BridgeActivity
06-16 18:45:13.166 I/.apps.wellbeing( 1489): AssetManager2(0xb4000078182f37b8) locale list changing from [] to [en-US]
06-16 18:45:13.168 I/.apps.wellbeing( 1489): AssetManager2(0xb4000078182f2b38) locale list changing from [] to [en-US]
06-16 18:45:13.179 I/.apps.wellbeing( 1489): AssetManager2(0xb4000078182f21d8) locale list changing from [] to [en-US]
06-16 18:45:13.182 I/.apps.wellbeing( 1489): AssetManager2(0xb4000078182f2818) locale list changing from [] to [en-US]
06-16 18:45:13.196 W/libc    ( 6642): Access denied finding property "vendor.mesa.log"
06-16 18:45:13.196 W/libc    ( 6642): Access denied finding property "vendor.mesa.log.file"
06-16 18:45:13.196 E/MESA    ( 6642): Failed to open rendernode: No such file or directory
06-16 18:45:13.196 W/cr_media( 6642): BLUETOOTH_CONNECT permission is missing.
06-16 18:45:13.196 W/cr_media( 6642): getBluetoothAdapter() requires BLUETOOTH permission
06-16 18:45:13.196 W/cr_media( 6642): registerBluetoothIntentsIfNeeded: Requires BLUETOOTH permission
06-16 18:45:13.200 I/.apps.wellbeing( 1489): AssetManager2(0xb4000078182ee038) locale list changing from [] to [en-US]
06-16 18:45:13.200 I/cr_LibraryLoader( 6714): Successfully loaded native library
06-16 18:45:13.200 I/cr_CachingUmaRecorder( 6714): Flushed 2 samples from 2 histograms, 0 samples were dropped.
06-16 18:45:13.202 W/SystemServiceRegistry( 6714): No service published for: uimode
06-16 18:45:13.204 W/servicemanager(  219): Isolated app with UID 99008 requested 'uimode', but the service is not allowed for isolated apps.
06-16 18:45:13.205 W/chromium( 6714): [WARNING:runtime_features.cc(560)] Fenced frames cannot be enabled in this configuration. Use --enable-features=FencedFrames instead.
06-16 18:45:13.205 W/chromium( 6714): [WARNING:runtime_features.cc(585)] Topics cannot be enabled in this configuration. Use --enable-features=BrowsingTopics in addition.
06-16 18:45:13.205 W/chromium( 6714): [WARNING:runtime_features.cc(606)] SharedStorage cannot be enabled in this configuration. Use --enable-features=SharedStorageAPI in addition.
06-16 18:45:13.206 I/.apps.wellbeing( 1489): AssetManager2(0xb4000078182f1b98) locale list changing from [] to [en-US]
06-16 18:45:13.208 W/HWUI    ( 6642): Unknown dataspace 0
06-16 18:45:13.210 I/servicemanager(  219): Caller(pid=6642,uid=10213,sid=u:r:untrusted_app:s0:c213,c256,c512,c768) Found android.hardware.graphics.allocator.IAllocator/default in device VINTF manifest.
06-16 18:45:13.213 I/.apps.wellbeing( 1489): AssetManager2(0xb4000078182ee358) locale list changing from [] to [en-US]
06-16 18:45:13.213 W/libc    ( 6642): Access denied finding property "vendor.mesa.vk.trace.per.submit"
06-16 18:45:13.213 W/libc    ( 6642): Access denied finding property "vendor.mesa.gallium.print.optio"
06-16 18:45:13.212 I/servicemanager(  219): Caller(pid=6642,uid=10213,sid=u:r:untrusted_app:s0:c213,c256,c512,c768) Found android.hardware.graphics.allocator.IAllocator/default in device VINTF manifest.
06-16 18:45:13.213 I/servicemanager(  219): Caller(pid=6642,uid=10213,sid=u:r:untrusted_app:s0:c213,c256,c512,c768) Found mapper/ranchu in device VINTF manifest.
06-16 18:45:13.214 W/libc    ( 6642): Access denied finding property "vendor.mesa.vk.trace.frame"
06-16 18:45:13.214 I/.apps.wellbeing( 1489): AssetManager2(0xb4000078182f0bf8) locale list changing from [] to [en-US]
06-16 18:45:13.214 I/FontLog ( 1196): Received query name=Google Sans&weight=700&besteffort=false, URI content://com.google.android.gms.fonts [CONTEXT service_id=132 ]
06-16 18:45:13.215 I/FontLog ( 1196): Query [name=Google Sans&weight=700&besteffort=false] resolved to {Google Sans, wdth 100.0, wght 700, ital 0.0, bestEffort false}, isVf false} [CONTEXT service_id=132 ]
06-16 18:45:13.215 I/FontLog ( 1196): Font PFD returned from cache for {Google Sans, wdth 100.0, wght 700, ital 0.0, bestEffort false}, isVf false} [CONTEXT service_id=132 ]
06-16 18:45:13.215 I/FontLog ( 1196): Fetch {Google Sans, wdth 100.0, wght 700, ital 0.0, bestEffort false}, isVf false} end status Status{statusCode=SUCCESS, resolution=null} [CONTEXT service_id=132 ]
06-16 18:45:13.216 I/FontLog ( 1196): Pulling font file for id = 63, cache size = 5 [CONTEXT service_id=132 ]
06-16 18:45:13.224 I/.apps.wellbeing( 1489): AssetManager2(0xb4000078182ed6d8) locale list changing from [] to [en-US]
06-16 18:45:13.225 W/libc    ( 6642): Access denied finding property "vendor.mesa.vk.wsi.headless.swa"
06-16 18:45:13.225 I/CameraManagerGlobal( 6642): Connecting to camera service
06-16 18:45:13.226 D/CoreBackPreview(  669): Window{c2f1c6b u0 com.arunprakash.brain/com.arunprakash.brain.MainActivity}: Setting back callback OnBackInvokedCallbackInfo{mCallback=android.window.IOnBackInvokedCallback$Stub$Proxy@598cd5e, mPriority=-1, mIsAnimationCallback=false, mOverrideBehavior=0}
06-16 18:45:13.228 I/AttributionAndPermissionUtils(  587): checkPermission (forDataDelivery 0 startDataDelivery 0): Permission hard denied for client attribution [uid 10213, pid 6642, packageName "<unknown>"]
06-16 18:45:13.231 I/.apps.wellbeing( 1489): AssetManager2(0xb4000078182eecb8) locale list changing from [] to [en-US]
06-16 18:45:13.233 I/FontLog ( 1196): Received query name=Noto Color Emoji Compat&weight=400&besteffort=false, URI content://com.google.android.gms.fonts [CONTEXT service_id=132 ]
06-16 18:45:13.233 I/FontLog ( 1196): Query [name=Noto Color Emoji Compat&weight=400&besteffort=false] resolved to {Noto Color Emoji Compat, wdth 100.0, wght 400, ital 0.0, bestEffort false}, isVf false} [CONTEXT service_id=132 ]
06-16 18:45:13.238 I/.apps.wellbeing( 1489): AssetManager2(0xb4000078182f0298) locale list changing from [] to [en-US]
06-16 18:45:13.238 I/FontLog ( 1196): Fetch {Noto Color Emoji Compat, wdth 100.0, wght 400, ital 0.0, bestEffort false}, isVf false} end status Status{statusCode=SUCCESS, resolution=null} [CONTEXT service_id=132 ]
06-16 18:45:13.238 W/chromium( 6642): [WARNING:viz_main_impl.cc(85)] VizNullHypothesis is disabled (not a warning)
06-16 18:45:13.240 I/FontLog ( 1196): Pulling font file for id = 64, cache size = 6 [CONTEXT service_id=132 ]
06-16 18:45:13.243 I/FontLog ( 1196): Received query name=Google Sans Flex&weight=400&besteffort=false, URI content://com.google.android.gms.fonts [CONTEXT service_id=132 ]
06-16 18:45:13.243 I/FontLog ( 1196): Query [name=Google Sans Flex&weight=400&besteffort=false] resolved to {Google Sans Flex, wdth 100.0, wght 400, ital 0.0, bestEffort false}, isVf false} [CONTEXT service_id=132 ]
06-16 18:45:13.244 I/FontLog ( 1196): Font PFD returned from cache for {Google Sans Flex, wdth 100.0, wght 400, ital 0.0, bestEffort false}, isVf false} [CONTEXT service_id=132 ]
06-16 18:45:13.244 I/FontLog ( 1196): Fetch {Google Sans Flex, wdth 100.0, wght 400, ital 0.0, bestEffort false}, isVf false} end status Status{statusCode=SUCCESS, resolution=null} [CONTEXT service_id=132 ]
06-16 18:45:13.245 I/FontLog ( 1196): Pulling font file for id = 65, cache size = 5 [CONTEXT service_id=132 ]
06-16 18:45:13.247 I/FontLog ( 1196): Received query name=Google Sans&weight=400&besteffort=false, URI content://com.google.android.gms.fonts [CONTEXT service_id=132 ]
06-16 18:45:13.247 I/FontLog ( 1196): Query [name=Google Sans&weight=400&besteffort=false] resolved to {Google Sans, wdth 100.0, wght 400, ital 0.0, bestEffort false}, isVf false} [CONTEXT service_id=132 ]
06-16 18:45:13.247 I/FontLog ( 1196): Font PFD returned from cache for {Google Sans, wdth 100.0, wght 400, ital 0.0, bestEffort false}, isVf false} [CONTEXT service_id=132 ]
06-16 18:45:13.247 I/FontLog ( 1196): Fetch {Google Sans, wdth 100.0, wght 400, ital 0.0, bestEffort false}, isVf false} end status Status{statusCode=SUCCESS, resolution=null} [CONTEXT service_id=132 ]
06-16 18:45:13.248 I/FontLog ( 1196): Pulling font file for id = 66, cache size = 6 [CONTEXT service_id=132 ]
06-16 18:45:13.252 D/BackgroundInstallControlService(  669): Package event received: 0
06-16 18:45:13.255 I/FontLog ( 1196): Received query name=Google Sans&weight=500&besteffort=false, URI content://com.google.android.gms.fonts [CONTEXT service_id=132 ]
06-16 18:45:13.255 I/FontLog ( 1196): Query [name=Google Sans&weight=500&besteffort=false] resolved to {Google Sans, wdth 100.0, wght 500, ital 0.0, bestEffort false}, isVf false} [CONTEXT service_id=132 ]
06-16 18:45:13.255 I/FontLog ( 1196): Font PFD returned from cache for {Google Sans, wdth 100.0, wght 500, ital 0.0, bestEffort false}, isVf false} [CONTEXT service_id=132 ]
06-16 18:45:13.255 I/FontLog ( 1196): Fetch {Google Sans, wdth 100.0, wght 500, ital 0.0, bestEffort false}, isVf false} end status Status{statusCode=SUCCESS, resolution=null} [CONTEXT service_id=132 ]
06-16 18:45:13.257 I/FontLog ( 1196): Pulling font file for id = 67, cache size = 6 [CONTEXT service_id=132 ]
06-16 18:45:13.261 I/.apps.wellbeing( 1489): AssetManager2(0xb4000078182f1558) locale list changing from [] to [en-US]
06-16 18:45:13.262 I/.apps.wellbeing( 1489): AssetManager2(0xb4000078182f05b8) locale list changing from [] to [en-US]
06-16 18:45:13.266 I/.apps.wellbeing( 1489): AssetManager2(0xb4000078182ef2f8) locale list changing from [] to [en-US]
06-16 18:45:13.269 I/.apps.wellbeing( 1489): AssetManager2(0xb4000078182ed9f8) locale list changing from [] to [en-US]
06-16 18:45:13.270 I/.apps.wellbeing( 1489): AssetManager2(0xb4000078182f2e58) locale list changing from [] to [en-US]
06-16 18:45:13.272 I/.apps.wellbeing( 1489): AssetManager2(0xb4000078182f3498) locale list changing from [] to [en-US]
06-16 18:45:13.273 I/.apps.wellbeing( 1489): AssetManager2(0xb4000078182f1878) locale list changing from [] to [en-US]
06-16 18:45:13.274 I/.apps.wellbeing( 1489): AssetManager2(0xb4000078182ee678) locale list changing from [] to [en-US]
06-16 18:45:13.278 I/.apps.wellbeing( 1489): AssetManager2(0xb4000078182f7958) locale list changing from [] to [en-US]
06-16 18:45:13.281 I/ActivityTaskManager(  669): Displayed com.arunprakash.brain/.MainActivity for user 0: +657ms
06-16 18:45:13.284 I/.apps.wellbeing( 1489): AssetManager2(0xb4000078182f8f38) locale list changing from [] to [en-US]
06-16 18:45:13.286 I/.apps.wellbeing( 1489): AssetManager2(0xb4000078182f4d98) locale list changing from [] to [en-US]
06-16 18:45:13.289 I/.apps.wellbeing( 1489): AssetManager2(0xb4000078182ed3b8) locale list changing from [] to [en-US]
06-16 18:45:13.293 I/.apps.wellbeing( 1489): AssetManager2(0xb4000078182f6cd8) locale list changing from [] to [en-US]
06-16 18:45:13.297 I/.apps.wellbeing( 1489): AssetManager2(0xb4000078182f8c18) locale list changing from [] to [en-US]
06-16 18:45:13.298 D/BaseDepthController( 1053): setSurface:
06-16 18:45:13.298 D/BaseDepthController( 1053): 	mWaitingOnSurfaceValidity: false
06-16 18:45:13.298 D/BaseDepthController( 1053): 	mBaseSurface: null
06-16 18:45:13.298 D/BaseDepthController( 1053): mSurface is null and mCurrentBlur is: 23
06-16 18:45:13.298 D/InsetsController( 1053): hide(ime(), fromIme=false)
06-16 18:45:13.298 I/ImeTracker( 1053): com.google.android.apps.nexuslauncher:619eeeeb: onRequestHide at ORIGIN_CLIENT reason HIDE_SOFT_INPUT_BY_INSETS_API fromUser false
06-16 18:45:13.299 W/WindowOnBackDispatcher( 1053): sendCancelIfRunning: isInProgress=false callback=android.view.ImeBackAnimationController@90b0a0f
06-16 18:45:13.299 D/CoreBackPreview(  669): Window{797dd32 u0 com.google.android.apps.nexuslauncher/com.google.android.apps.nexuslauncher.NexusLauncherActivity}: Setting back callback OnBackInvokedCallbackInfo{mCallback=android.window.IOnBackInvokedCallback$Stub$Proxy@7e5cbc5, mPriority=0, mIsAnimationCallback=true, mOverrideBehavior=0}
06-16 18:45:13.299 D/InsetsController( 1053): Setting requestedVisibleTypes to -9 (was -1)
06-16 18:45:13.299 D/StatsLog( 1053): LAUNCHER_ALLAPPS_KEYBOARD_CLOSED
06-16 18:45:13.299 D/StatsLog( 1053): LAUNCHER_ONSTOP
06-16 18:45:13.299 I/.apps.wellbeing( 1489): AssetManager2(0xb4000078182f5a18) locale list changing from [] to [en-US]
06-16 18:45:13.299 D/StatsLog( 1053): LAUNCHER_GOOGLE_SEARCH_RESTORE_LIST_SIZE_AFTER_ACTIVITY_RESTART
06-16 18:45:13.299 D/OneSearchSuggestProvider( 1053): Forcefully shut down the binder channel
06-16 18:45:13.301 I/.apps.wellbeing( 1489): AssetManager2(0xb4000078182f5d38) locale list changing from [] to [en-US]
06-16 18:45:13.301 I/IPCThreadState( 1053): oneway function results for code 2 on binder at 0xb40000786835a6a0 will be dropped but finished with status UNKNOWN_TRANSACTION
06-16 18:45:13.304 I/netd    (  454): tetherGetStats() -> {[]} <1.91ms>
06-16 18:45:13.306 I/resolv  (  454): GetAddrInfoHandler::run: {101 101 101 983141 10213 0}
06-16 18:45:13.307 I/resolv  (  454): res_nmkquery: (QUERY, IN, A)
06-16 18:45:13.307 I/resolv  (  454): res_nmkquery: (QUERY, IN, AAAA)
06-16 18:45:13.307 I/resolv  (  454): Connecting to {fec0::3/} with mark 0xf0065
06-16 18:45:13.310 I/.apps.wellbeing( 1489): AssetManager2(0xb4000078182f4a78) locale list changing from [] to [en-US]
06-16 18:45:13.311 I/resolv  (  454):  SSL_connect returned -1 with mark 0xf0065
06-16 18:45:13.312 I/ImeTracker(  669): com.arunprakash.brain:1452919d: onRequestHide at ORIGIN_SERVER reason HIDE_UNSPECIFIED_WINDOW fromUser false
06-16 18:45:13.314 D/InsetsController( 6642): hide(ime(), fromIme=false)
06-16 18:45:13.314 I/ImeTracker( 6642): com.arunprakash.brain:1452919d: onCancelled at PHASE_CLIENT_ALREADY_HIDDEN
06-16 18:45:13.315 I/.apps.wellbeing( 1489): AssetManager2(0xb4000078182f6698) locale list changing from [] to [en-US]
06-16 18:45:13.322 D/BackgroundInstallControlService(  669): Package event received: 0
06-16 18:45:13.323 I/GoogleInputMethodService( 1475): GoogleInputMethodService.onFinishInputView():1524
06-16 18:45:13.323 I/ImeTracker(  669): system_server:f1cdb9ee: onRequestHide at ORIGIN_SERVER reason IME_REQUESTED_CHANGED_LISTENER fromUser false
06-16 18:45:13.324 I/GlobeKeyExtension( 1475): GlobeKeyExtension.onDeactivate():104
06-16 18:45:13.324 D/WindowManagerShell(  920): onKeepClearAreasChanged: restricted={}, unrestricted={}
06-16 18:45:13.325 I/VoiceInputManagerWrapper( 1475): VoiceInputManagerWrapper.shutdown():122 shutdown()
06-16 18:45:13.325 W/TooltipLifecycleManager( 1475): TooltipLifecycleManager.dismissTooltips():154 Tooltip with id spell_check_add_to_dictionary not found in tooltipManager.
06-16 18:45:13.327 I/InputBundle( 1475): InputBundle.consumeEvent():949 Skip consuming an event as keyboard status is 0
06-16 18:45:13.327 I/AndroidIME( 1475): AbstractIme.onDeactivate():203 LatinIme.onDeactivate()
06-16 18:45:13.328 I/GoogleInputMethodService( 1475): GoogleInputMethodService.onFinishInput():2043
06-16 18:45:13.328 I/Module  ( 1475): DeviceLockedStatusModuleProvider$Module.updateDeviceLockedStatus():100 repeatCheckTimes = 0, locked = false
06-16 18:45:13.330 I/GoogleInputMethodService( 1475): GoogleInputMethodService.onStartInput():1293 onStartInput(EditorInfo{EditorInfo{packageName=com.arunprakash.brain, inputType=0, inputTypeString=NULL, enableLearning=false, autoCorrection=false, autoComplete=false, imeOptions=12000000, privateImeOptions=null, actionName=UNSPECIFIED, actionLabel=null, initialSelStart=-1, initialSelEnd=-1, initialCapsMode=0, label=null, fieldId=0, fieldName=null, extras=null, hintText=null, hintLocales=[]}}, false)
06-16 18:45:13.330 W/ModuleManager( 1475): ModuleManager.loadModule():547 Module mly is not available
06-16 18:45:13.330 I/Module  ( 1475): DeviceLockedStatusModuleProvider$Module.updateDeviceLockedStatus():100 repeatCheckTimes = 1, locked = false
06-16 18:45:13.330 W/PackageConfigPersister(  669): App-specific configuration not found for packageName: com.arunprakash.brain and userId: 0
06-16 18:45:13.330 I/GoogleInputMethodService( 1475): GoogleInputMethodService.onStartInputView():1392 onStartInputView(EditorInfo{EditorInfo{packageName=com.arunprakash.brain, inputType=0, inputTypeString=NULL, enableLearning=false, autoCorrection=false, autoComplete=false, imeOptions=12000000, privateImeOptions=null, actionName=UNSPECIFIED, actionLabel=null, initialSelStart=-1, initialSelEnd=-1, initialCapsMode=0, label=null, fieldId=0, fieldName=null, extras=null, hintText=null, hintLocales=[]}}, false)
06-16 18:45:13.330 I/KeyboardHeightUtil( 1475): KeyboardHeightUtil.getOemKeyboardHeightRatio():161 systemKeyboardHeightRatio:1.000000.
06-16 18:45:13.337 I/InputContextChangeTracker( 1475): InputContextChangeTracker.fixLyingSelectionRangeFromSurroundingText():1665 fixLyingSelectionRangeFromSurroundingText(): [-1, -1]([-1, -1]) -> [0, 0]([0, 0])
06-16 18:45:13.338 I/AndroidIME( 1475): InputBundleManager.loadActiveInputBundleId():483 loadActiveInputBundleId: und-Latn-x-password, password
06-16 18:45:13.338 I/AndroidIME( 1475): AbstractIme.onActivate():90 PasswordIme.onActivate() : EditorInfo = EditorInfo{packageName=com.arunprakash.brain, inputType=0, inputTypeString=NULL, enableLearning=false, autoCorrection=false, autoComplete=false, imeOptions=12000000, privateImeOptions=null, actionName=UNSPECIFIED, actionLabel=null, initialSelStart=-1, initialSelEnd=-1, initialCapsMode=0, label=null, fieldId=0, fieldName=null, extras=null, hintText=null, hintLocales=[]}, IncognitoMode = false, DeviceLocked = false
06-16 18:45:13.338 I/KeyboardWrapper( 1475): KeyboardWrapper.activateKeyboard():562 activateKeyboard(): type=prime, status=0, imeDef=kyj{stringId=password, language=und-Latn-x-password, languageTag=und-Latn-x-password, processedConditions={variant=qwerty, enable_access_points_in_password_number=false, enable_number_row=false, device=phone}, className=com.google.android.libraries.inputmethod.ime.password.PasswordIme, label=2132019061, keyEventInterpreter=null, inlineComposing=true, autoCapital=true, announceAutoSelectedCandidate=true, statusIcon=0, primeKeyboardType=SOFT, indicatorIcon=0, indicatorLabel=null, displayAppCompletions=false, extraValues=kyb{}, processors=lac@c090e62, unacceptableMetaKeys=4098, languageSpecificSettings=0, asciiCapable=false, alwaysShowSuggestions=false, useAsciiPasswordKeyboard=false, secondaryIme=null, keyboardGroupDef=kzl@4092bf3, phenotypeFlagId=0, localizationLanguageTag=null, supportsInlineSuggestion=false}
06-16 18:45:13.338 I/KeyboardManager( 1475): KeyboardManager.requestKeyboard():248 Creating keyboard prime, imeId=password, cacheKey=theme_!gsf_!pgsans_!pgsf_!use_system_font_BORDER=true_FLAVOR_DPI=XXHDPI_KEYBOARD_WIDTH_CATEGORY=NORMAL_LIGHT_THEME=true_PHYSICAL_DIAGONAL=5.9809904_SCREEN_SHORTEST_WIDTH=411_SCREEN_SHORTEST_WIDTH_NO_SCALE=411_bottom4dp_enable_google_fonts_icons=true_enable_popup_on_keypress=true_keyboard_redesign_google_sans=true_noshadow_overlay_builtin_dynamic_color_light_base.binarypb:gm3-light-fffaf8ff-ff475d92-6dac7c28fa7faa76f8370bbfdbc77981_silkpopup_unify_function_key_color=true
06-16 18:45:13.338 I/KeyboardWrapper( 1475): KeyboardWrapper.onKeyboardReady():212 onKeyboardReady(): type=prime(prime), kb=com.google.android.apps.inputmethod.latin.keyboard.LatinPasswordKeyboard@2c45aec
06-16 18:45:13.338 I/KeyboardWrapper( 1475): KeyboardWrapper.doActivateKeyboard():589 doActivateKeyboard(): prime
06-16 18:45:13.339 I/KeyboardViewHelper( 1475): KeyboardViewHelper.getView():178 Get view with height ratio:1.000000
06-16 18:45:13.342 I/KeyboardHeightUtil( 1475): KeyboardHeightUtil.calculateMaxKeyboardBodyHeight():46 leave 281 height for app when ime window height:2142, header height:116 and isFullscreenMode:false, so the max keyboard body height is:1745
06-16 18:45:13.342 W/TooltipLifecycleManager( 1475): TooltipLifecycleManager.dismissTooltips():154 Tooltip with id undo_access_point_promotion_banner not found in tooltipManager.
06-16 18:45:13.342 I/GlobeKeyExtension( 1475): GlobeKeyExtension.getKeyboardInitialStates():131
06-16 18:45:13.343 W/Keyboard( 1475): Keyboard.getKeyboardViewHelper():597 null helper is returned: keyboardDef=kze{processedConditions={enable_more_candidates_view_for_multilingual=false, layout_9key_split=false, enable_secondary_symbols=false, language=en-US, deprecate_long_press_space_for_ime_picker=false, expressions=normal, enable_access_points_in_password_number=false, show_suggestions=true, enable_flick_symbols=true, variant=qwerty, device=phone, keyboard_mode=normal, show_secondary_digits=false, enable_preemptive_decode=true, rtl_layout=false}, globalConditions={global_theme_key=theme_!gsf_!pgsans_!pgsf_!use_system_font_BORDER=true_FLAVOR_DPI=XXHDPI_KEYBOARD_WIDTH_CATEGORY=NORMAL_LIGHT_THEME=true_PHYSICAL_DIAGONAL=5.9809904_SCREEN_SHORTEST_WIDTH=411_SCREEN_SHORTEST_WIDTH_NO_SCALE=411_bottom4dp_enable_google_fonts_icons=true_enable_popup_on_keypress=true_keyboard_redesign_google_sans=true_noshadow_overlay_builtin_dynamic_color_light_base.binarypb:gm3-light-fffaf8ff-ff475d92-6dac7c28fa7faa76f8370bbfdbc77981_silkpopup_unify_function_key_color=true, global_locale=en_US, global_density_dpi=420, global_orientation=1}, className=.latin.keyboard.LatinPasswordKeyboard, resourceIds=[#0x7f17065e, #0x7f1708dc, #0x7f17071c], initialStates=0, keyboardViewDefs=[kzt{direction=null, id=#0x7f0b0166, isScalable=true, layoutId=#0x7f0e0346, type=BODY, touchable=true, defaultShow=true}, kzt{direction=null, id=#0x7f0b0166, isScalable=false, layoutId=#0x7f0e01db, type=FLOATING_CANDIDATES, touchable=false, defaultShow=false}, kzt{direction=LOCALE, id=#0x7f0b0166, isScalable=false, layoutId=#0x7f0e04d8, type=HEADER, touchable=true, defaultShow=true}], persistentStates=0, persistentStatesPrefKey=null, popupBubbleLayoutId=#0x7f0e05ce, recentKeyLayoutId=0, recentKeyPopupLayoutId=0, recentKeyType=null, rememberRecentKey=NONE, sessionStates=17592186044419}, type=WIDGET, helpersCreated=[kkl@9d4775e, kkl@c89a73f, kkl@14b980c, null], context.getResources().getConfiguration(): {1.0 310mcc260mnc [en_US] ldltr sw411dp w411dp h840dp 420dpi nrml long port finger -keyb/v/h -nav/h winConfig={ mBounds=Rect(0, 0 - 1080, 2400) mAppBounds=Rect(0, 132 - 1080, 2337) mMaxBounds=Rect(0, 0 - 1080, 2400) mDisplayRotation=ROTATION_0 mWindowingMode=fullscreen mActivityType=undefined mAlwaysOnTop=undefined mRotation=ROTATION_0} as.3 s.37 fontWeightAdjustment=0}
06-16 18:45:13.343 I/KeyboardHeightUtil( 1475): KeyboardHeightUtil.calculateMaxKeyboardBodyHeight():46 leave 281 height for app when ime window height:2142, header height:116 and isFullscreenMode:false, so the max keyboard body height is:1745
06-16 18:45:13.343 I/AndroidIME( 1475): InputBundleManager.startInput():361 startInput() with kzp[keyboardType=prime, payload=null]
06-16 18:45:13.343 I/GlobeKeyExtension( 1475): GlobeKeyExtension.onActivate():70
06-16 18:45:13.343 I/.apps.wellbeing( 1489): AssetManager2(0xb4000078182fb198) locale list changing from [] to [en-US]
06-16 18:45:13.346 I/CrowdsourceExtension( 1475): CrowdsourceExtension.checkIfDefaultBrowserIsAllowed():109 Failed to get default browser. The default browser may be deactivated.
06-16 18:45:13.346 I/NewLanguagePromptExtension( 1475): NewLanguagePromptExtension.onActivate():186 Not activated NewLanguagePromptExtension: not a normal text input box.
06-16 18:45:13.346 I/HardKeyTracker( 1475): HardKeyTracker.unregisterKeySequence():182 Unregister key sequence lsr{labelResId=2132020165, callback=cbb@b68e7ef, lastModifier=2, keyCodes=[56], actions=[0]}
06-16 18:45:13.346 I/HardKeyTracker( 1475): HardKeyTracker.unregisterKeySequence():182 Unregister key sequence lsr{labelResId=2132020165, callback=cbb@236a7da, lastModifier=0, keyCodes=[317], actions=[0]}
06-16 18:45:13.346 I/HardKeyTracker( 1475): HardKeyTracker.registerKeySequence():138 Register key sequence lsr{labelResId=2132020165, callback=cbb@cf414ac, lastModifier=2, keyCodes=[56], actions=[0]}
06-16 18:45:13.346 I/HardKeyTracker( 1475): HardKeyTracker.registerKeySequence():138 Register key sequence lsr{labelResId=2132020165, callback=cbb@6c1157b, lastModifier=0, keyCodes=[317], actions=[0]}
06-16 18:45:13.346 E/AppOps  (  669): attributionTag VCN not declared in manifest of android
06-16 18:45:13.346 I/VoiceInputManagerWrapper( 1475): VoiceInputManagerWrapper.cancelShutdown():100 cancelShutdown()
06-16 18:45:13.346 I/VoiceInputManagerWrapper( 1475): VoiceInputManagerWrapper.syncLanguagePacks():112 syncLanguagePacks()
06-16 18:45:13.346 I/SpeechFactory( 1475): SpeechRecognitionFactory.maybeScheduleAutoPackDownloadForFallback():161 maybeScheduleAutoPackDownloadForFallback()
06-16 18:45:13.346 I/FallbackOnDeviceRecognitionProvider( 1475): FallbackOnDeviceRecognitionProvider.maybeScheduleAutoPackDownload():198 maybeScheduleAutoPackDownload() for language tag en-US
06-16 18:45:13.346 I/VoiceInputManager( 1475): VoiceInputManager.onKeyboardActivated():1023 onKeyboardActivated() [UD]
06-16 18:45:13.346 I/AccessoryInputModeManager( 1475): AccessoryInputModeManager.onModeStarted():322 Accessory input mode started: null
06-16 18:45:13.346 I/ProactiveUndoTriggerExtension( 1475): ProactiveUndoTriggerExtension.eventConsumer$lambda$0():125 kyp{intention=null, keyCode=-10160, DEACTIVATE_SUPPLEMENTARY_KEYBOARD, data=accessory_candidates_consumer}
06-16 18:45:13.346 W/SupplementaryKeyboardsWrapper( 1475): SupplementaryKeyboardsWrapper.deactivateKeyboard():160 keyboard accessory_candidates_consumer is not activated before!
06-16 18:45:13.347 I/KeyboardModeUtils( 1475): KeyboardModeUtils.getKeyboardBottomOffset():437 inch: 0.000000 ydpi: 420.000000 adjustKeyboardBottomByDisplaySize: false currentDensityDpi: 420 defaultDensityDpi: 420 keyboardBottomToScreenPx: 0 keyboardBottomToNavBarPx: -126 navBarHeight: 126
06-16 18:45:13.347 I/KeyboardHeightUtil( 1475): KeyboardHeightUtil.calculateMaxKeyboardBodyHeight():46 leave 281 height for app when ime window height:2142, header height:116 and isFullscreenMode:false, so the max keyboard body height is:1745
06-16 18:45:13.347 I/KeyboardHeightUtil( 1475): KeyboardHeightUtil.calculateMaxKeyboardBodyHeight():46 leave 281 height for app when ime window height:2142, header height:116 and isFullscreenMode:false, so the max keyboard body height is:1745
06-16 18:45:13.347 I/KeyboardHeightUtil( 1475): KeyboardHeightUtil.calculateMaxKeyboardBodyHeight():46 leave 281 height for app when ime window height:2142, header height:116 and isFullscreenMode:false, so the max keyboard body height is:1745
06-16 18:45:13.347 I/KeyboardHeightUtil( 1475): KeyboardHeightUtil.calculateMaxKeyboardBodyHeight():46 leave 281 height for app when ime window height:2142, header height:116 and isFullscreenMode:false, so the max keyboard body height is:1745
06-16 18:45:13.347 W/ExtensionWrapper( 1475): ExtensionWrapper.setExtensionViewVisibility():801 interface koa is not activate
06-16 18:45:13.348 I/Module  ( 1475): DeviceLockedStatusModuleProvider$Module.updateDeviceLockedStatus():100 repeatCheckTimes = 1, locked = false
06-16 18:45:13.348 I/VoiceImeExtension( 1475): VoiceImeExtension.shouldStartVoiceInputAutomaticallyInCurrentInputBox():469 No private IME option set to start voice input.
06-16 18:45:13.348 I/GoogleInputMethodService( 1475): GoogleInputMethodService.onFinishInputView():1524
06-16 18:45:13.348 I/GlobeKeyExtension( 1475): GlobeKeyExtension.onDeactivate():104
06-16 18:45:13.348 I/VoiceInputManagerWrapper( 1475): VoiceInputManagerWrapper.shutdown():122 shutdown()
06-16 18:45:13.348 W/TooltipLifecycleManager( 1475): TooltipLifecycleManager.dismissTooltips():154 Tooltip with id spell_check_add_to_dictionary not found in tooltipManager.
06-16 18:45:13.349 I/AndroidIME( 1475): AbstractIme.onDeactivate():203 PasswordIme.onDeactivate()
06-16 18:45:13.349 I/ImeTracker( 1475): system_server:f1cdb9ee: onHidden
06-16 18:45:13.350 E/ImeBackDispatcher( 6642): Ime callback not found. Ignoring unregisterReceivedCallback. callbackId: 58603126
06-16 18:45:13.350 I/ImeTracker(  669): system_server:26bd630a: onRequestShow at ORIGIN_SERVER reason CONTROLS_CHANGED fromUser false
06-16 18:45:13.351 I/KeyboardModeUtils( 1475): KeyboardModeUtils.getKeyboardBottomOffset():437 inch: 0.000000 ydpi: 420.000000 adjustKeyboardBottomByDisplaySize: false currentDensityDpi: 420 defaultDensityDpi: 420 keyboardBottomToScreenPx: 0 keyboardBottomToNavBarPx: -126 navBarHeight: 126
06-16 18:45:13.351 I/KeyboardHeightUtil( 1475): KeyboardHeightUtil.calculateMaxKeyboardBodyHeight():46 leave 281 height for app when ime window height:2142, header height:116 and isFullscreenMode:false, so the max keyboard body height is:1745
06-16 18:45:13.351 I/KeyboardHeightUtil( 1475): KeyboardHeightUtil.calculateMaxKeyboardBodyHeight():46 leave 281 height for app when ime window height:2142, header height:116 and isFullscreenMode:false, so the max keyboard body height is:1745
06-16 18:45:13.351 I/WindowMetricsNotification( 1475): WindowMetricsNotification.notifyWithWindow():166
06-16 18:45:13.351 I/WindowMetricsNotification( 1475): WindowMetricsNotification.notify():159 mub[bounds=Rect(0, 132 - 1080, 2400), insets=Rect(0, 0 - 0, 126), densityDpi=420, smallestScreenWidthDp=411, displayWidth=1080, displayHeight=2400, xdpi=420.0, ydpi=420.0, isTrustable=true, displayId=0]; DisplayMetrics{density=2.625, width=1080, height=2400, scaledDensity=2.625, xdpi=420.0, ydpi=420.0}
06-16 18:45:13.352 W/System  ( 1053): A resource failed to call release.
06-16 18:45:13.352 W/System  ( 1053): A resource failed to call release.
06-16 18:45:13.352 W/System  ( 1053): A resource failed to call release.
06-16 18:45:13.352 I/ImeTracker( 1053): com.google.android.apps.nexuslauncher:619eeeeb: onCancelled at PHASE_CLIENT_ANIMATION_CANCEL
06-16 18:45:13.358 I/GoogleInputMethodService( 1475): GoogleInputMethodService$1.onKeyboardViewShown():312 onKeyboardViewShown: keyboardType=prime, keyboardViewType=HEADER keyboardView=com.google.android.libraries.inputmethod.widgets.SoftKeyboardView{31f1f6d V.E...... ........ 0,0-1080,116}
06-16 18:45:13.358 I/KeyboardHeightUtil( 1475): KeyboardHeightUtil.calculateMaxKeyboardBodyHeight():46 leave 281 height for app when ime window height:2142, header height:116 and isFullscreenMode:false, so the max keyboard body height is:1745
06-16 18:45:13.358 I/GoogleInputMethodService( 1475): GoogleInputMethodService$1.onKeyboardViewShown():312 onKeyboardViewShown: keyboardType=prime, keyboardViewType=BODY keyboardView=com.google.android.libraries.inputmethod.widgets.SoftKeyboardView{d8dc377 V.E...... ........ 0,0-1080,641}
06-16 18:45:13.358 I/KeyboardHeightUtil( 1475): KeyboardHeightUtil.calculateMaxKeyboardBodyHeight():46 leave 281 height for app when ime window height:2142, header height:116 and isFullscreenMode:false, so the max keyboard body height is:1745
06-16 18:45:13.358 I/NewLanguagePromptExtension( 1475): NewLanguagePromptExtension$1.onKeyboardViewShown():86 Not show new language banner: not prime keyboard, or the extension not activated.
06-16 18:45:13.365 I/KeyboardModeUtils( 1475): KeyboardModeUtils.getKeyboardBottomOffset():437 inch: 0.000000 ydpi: 420.000000 adjustKeyboardBottomByDisplaySize: false currentDensityDpi: 420 defaultDensityDpi: 420 keyboardBottomToScreenPx: 0 keyboardBottomToNavBarPx: -126 navBarHeight: 126
06-16 18:45:13.365 I/KeyboardHeightUtil( 1475): KeyboardHeightUtil.calculateMaxKeyboardBodyHeight():46 leave 281 height for app when ime window height:2142, header height:116 and isFullscreenMode:false, so the max keyboard body height is:1745
06-16 18:45:13.366 I/KeyboardHeightUtil( 1475): KeyboardHeightUtil.calculateMaxKeyboardBodyHeight():46 leave 281 height for app when ime window height:2142, header height:116 and isFullscreenMode:false, so the max keyboard body height is:1745
06-16 18:45:13.368 I/ImeTracker( 6642): system_server:26bd630a: onCancelled at PHASE_CLIENT_ON_CONTROLS_CHANGED
06-16 18:45:13.375 I/.apps.wellbeing( 1489): AssetManager2(0xb4000078182f88f8) locale list changing from [] to [en-US]
06-16 18:45:13.379 I/.apps.wellbeing( 1489): AssetManager2(0xb4000078182fa518) locale list changing from [] to [en-US]
06-16 18:45:13.382 I/.apps.wellbeing( 1489): AssetManager2(0xb4000078182fbaf8) locale list changing from [] to [en-US]
06-16 18:45:13.386 I/.apps.wellbeing( 1489): AssetManager2(0xb4000078182fa838) locale list changing from [] to [en-US]
06-16 18:45:13.387 I/.apps.wellbeing( 1489): AssetManager2(0xb4000078182f56f8) locale list changing from [] to [en-US]
06-16 18:45:13.388 I/.apps.wellbeing( 1489): AssetManager2(0xb4000078182f4438) locale list changing from [] to [en-US]
06-16 18:45:13.392 I/.apps.wellbeing( 1489): AssetManager2(0xb4000078182fb7d8) locale list changing from [] to [en-US]
06-16 18:45:13.393 I/.apps.wellbeing( 1489): AssetManager2(0xb4000078182f9bb8) locale list changing from [] to [en-US]
06-16 18:45:13.396 I/.apps.wellbeing( 1489): AssetManager2(0xb4000078182f69b8) locale list changing from [] to [en-US]
06-16 18:45:13.397 I/.apps.wellbeing( 1489): AssetManager2(0xb4000078182f7638) locale list changing from [] to [en-US]
06-16 18:45:13.399 I/.apps.wellbeing( 1489): AssetManager2(0xb4000078182f9898) locale list changing from [] to [en-US]
06-16 18:45:13.400 I/.apps.wellbeing( 1489): AssetManager2(0xb4000078182fa1f8) locale list changing from [] to [en-US]
06-16 18:45:13.405 I/.apps.wellbeing( 1489): AssetManager2(0xb4000078182f85d8) locale list changing from [] to [en-US]
06-16 18:45:13.406 I/.apps.wellbeing( 1489): AssetManager2(0xb4000078182f9258) locale list changing from [] to [en-US]
06-16 18:45:13.406 I/unprakash.brain( 6642): Compiler allocated 5111KB to compile void android.view.ViewRootImpl.performTraversals()
06-16 18:45:13.408 I/.apps.wellbeing( 1489): AssetManager2(0xb4000078182f50b8) locale list changing from [] to [en-US]
06-16 18:45:13.410 I/.apps.wellbeing( 1489): AssetManager2(0xb4000078182f7f98) locale list changing from [] to [en-US]
06-16 18:45:13.410 I/.apps.wellbeing( 1489): AssetManager2(0xb4000078182fd718) locale list changing from [] to [en-US]
06-16 18:45:13.413 I/.apps.wellbeing( 1489): AssetManager2(0xb4000078182f6058) locale list changing from [] to [en-US]
06-16 18:45:13.414 I/.apps.wellbeing( 1489): AssetManager2(0xb4000078182f7318) locale list changing from [] to [en-US]
06-16 18:45:13.418 I/.apps.wellbeing( 1489): AssetManager2(0xb4000078182f9ed8) locale list changing from [] to [en-US]
06-16 18:45:13.459 I/.apps.wellbeing( 1489): AssetManager2(0xb400007818301ef8) locale list changing from [] to [en-US]
06-16 18:45:13.465 I/.apps.wellbeing( 1489): AssetManager2(0xb4000078183034d8) locale list changing from [] to [en-US]
06-16 18:45:13.474 I/.apps.wellbeing( 1489): AssetManager2(0xb4000078182fdd58) locale list changing from [] to [en-US]
06-16 18:45:13.480 I/.apps.wellbeing( 1489): AssetManager2(0xb4000078182fe9d8) locale list changing from [] to [en-US]
06-16 18:45:13.489 I/.apps.wellbeing( 1489): AssetManager2(0xb4000078182fda38) locale list changing from [] to [en-US]
06-16 18:45:13.493 I/.apps.wellbeing( 1489): AssetManager2(0xb4000078182ff338) locale list changing from [] to [en-US]
06-16 18:45:13.495 I/.apps.wellbeing( 1489): AssetManager2(0xb4000078182fc458) locale list changing from [] to [en-US]
06-16 18:45:13.496 I/.apps.wellbeing( 1489): AssetManager2(0xb4000078182fd0d8) locale list changing from [] to [en-US]
06-16 18:45:13.515 I/.apps.wellbeing( 1489): AssetManager2(0xb4000078183037f8) locale list changing from [] to [en-US]
06-16 18:45:13.518 I/.apps.wellbeing( 1489): AssetManager2(0xb4000078182fecf8) locale list changing from [] to [en-US]
06-16 18:45:13.522 I/.apps.wellbeing( 1489): AssetManager2(0xb4000078182fc138) locale list changing from [] to [en-US]
06-16 18:45:13.526 I/.apps.wellbeing( 1489): AssetManager2(0xb4000078182fc778) locale list changing from [] to [en-US]
06-16 18:45:13.548 I/.apps.wellbeing( 1489): AssetManager2(0xb4000078182fcdb8) locale list changing from [] to [en-US]
06-16 18:45:13.552 I/.apps.wellbeing( 1489): AssetManager2(0xb4000078182ffc98) locale list changing from [] to [en-US]
06-16 18:45:13.562 I/.apps.wellbeing( 1489): AssetManager2(0xb4000078183002d8) locale list changing from [] to [en-US]
06-16 18:45:13.564 I/.apps.wellbeing( 1489): AssetManager2(0xb4000078183031b8) locale list changing from [] to [en-US]
06-16 18:45:13.587 I/.apps.wellbeing( 1489): AssetManager2(0xb400007818303b18) locale list changing from [] to [en-US]
06-16 18:45:13.591 I/.apps.wellbeing( 1489): AssetManager2(0xb4000078183018b8) locale list changing from [] to [en-US]
06-16 18:45:13.609 I/.apps.wellbeing( 1489): AssetManager2(0xb400007818301bd8) locale list changing from [] to [en-US]
06-16 18:45:13.611 I/.apps.wellbeing( 1489): AssetManager2(0xb4000078182fca98) locale list changing from [] to [en-US]
06-16 18:45:13.618 I/resolv  (  454):  SSL_connect returned -1 with mark 0xf0065
06-16 18:45:13.623 I/.apps.wellbeing( 1489): AssetManager2(0xb400007818309bf8) locale list changing from [] to [en-US]
06-16 18:45:13.630 I/.apps.wellbeing( 1489): AssetManager2(0xb40000781830a878) locale list changing from [] to [en-US]
06-16 18:45:13.636 I/.apps.wellbeing( 1489): AssetManager2(0xb4000078182fe078) locale list changing from [] to [en-US]
06-16 18:45:13.640 I/.apps.wellbeing( 1489): AssetManager2(0xb40000781830b1d8) locale list changing from [] to [en-US]
06-16 18:45:13.651 I/.apps.wellbeing( 1489): AssetManager2(0xb4000078182ff658) locale list changing from [] to [en-US]
06-16 18:45:13.654 I/.apps.wellbeing( 1489): AssetManager2(0xb400007818307fd8) locale list changing from [] to [en-US]
06-16 18:45:13.657 I/.apps.wellbeing( 1489): AssetManager2(0xb4000078183063b8) locale list changing from [] to [en-US]
06-16 18:45:13.658 I/.apps.wellbeing( 1489): AssetManager2(0xb40000781830ab98) locale list changing from [] to [en-US]
06-16 18:45:13.663 I/.apps.wellbeing( 1489): AssetManager2(0xb4000078183069f8) locale list changing from [] to [en-US]
06-16 18:45:13.664 I/.apps.wellbeing( 1489): AssetManager2(0xb40000781830b4f8) locale list changing from [] to [en-US]
06-16 18:45:13.666 I/.apps.wellbeing( 1489): AssetManager2(0xb400007818307cb8) locale list changing from [] to [en-US]
06-16 18:45:13.689 I/.apps.wellbeing( 1489): AssetManager2(0xb400007818308c58) locale list changing from [] to [en-US]
06-16 18:45:13.707 I/FontLog ( 1196): Received query Noto Color Emoji Compat, URI content://com.google.android.gms.fonts [CONTEXT service_id=132 ]
06-16 18:45:13.707 I/FontLog ( 1196): Query [emojicompat-emoji-font] resolved to {Noto Color Emoji Compat, wdth 100.0, wght 400, ital 0.0, bestEffort false}, isVf false} [CONTEXT service_id=132 ]
06-16 18:45:13.708 I/FontLog ( 1196): Fetch {Noto Color Emoji Compat, wdth 100.0, wght 400, ital 0.0, bestEffort false}, isVf false} end status Status{statusCode=SUCCESS, resolution=null} [CONTEXT service_id=132 ]
06-16 18:45:13.708 I/FontLog ( 1196): Pulling font file for id = 68, cache size = 7 [CONTEXT service_id=132 ]
06-16 18:45:13.710 I/FontLog ( 1196): Pulling font file for id = 68, cache size = 7 [CONTEXT service_id=132 ]
06-16 18:45:13.718 I/.apps.wellbeing( 1489): AssetManager2(0xb400007818303e38) locale list changing from [] to [en-US]
06-16 18:45:13.721 I/.apps.wellbeing( 1489): AssetManager2(0xb400007818306098) locale list changing from [] to [en-US]
06-16 18:45:13.728 I/.apps.wellbeing( 1489): AssetManager2(0xb4000078183050f8) locale list changing from [] to [en-US]
