06-16 18:45:13.788 I/.apps.wellbeing( 1489): AssetManager2(0xb4000078182ebab8) locale list changing from [] to [en-US]
06-16 18:45:13.791 I/.apps.wellbeing( 1489): AssetManager2(0xb4000078182e8598) locale list changing from [] to [en-US]
06-16 18:45:13.794 I/.apps.wellbeing( 1489): AssetManager2(0xb4000078182e5078) locale list changing from [] to [en-US]
06-16 18:45:13.798 I/.apps.wellbeing( 1489): AssetManager2(0xb4000078182e1b58) locale list changing from [] to [en-US]
06-16 18:45:13.800 I/.apps.wellbeing( 1489): AssetManager2(0xb4000078182dd058) locale list changing from [] to [en-US]
06-16 18:45:13.807 I/.apps.wellbeing( 1489): AssetManager2(0xb4000078182e3778) locale list changing from [] to [en-US]
06-16 18:45:13.865 W/TooltipLifecycleManager( 1475): TooltipLifecycleManager.dismissTooltips():154 Tooltip with id undo_access_point_promotion_banner not found in tooltipManager.
06-16 18:45:13.867 I/ImeTracker(  669): system_server:6ef1e2c3: onRequestHide at ORIGIN_SERVER reason IME_REQUESTED_CHANGED_LISTENER fromUser false
06-16 18:45:13.867 I/ImeTracker(  669): system_server:6ef1e2c3: onCancelled at PHASE_SERVER_SHOULD_HIDE
06-16 18:45:14.117 I/resolv  (  454):  SSL_connect returned 1 with mark 0xf0065
06-16 18:45:14.194 I/resolv  (  454): res_tls_send: TLS query result: 0
06-16 18:45:14.194 I/resolv  (  454): doQuery: rcode=0, ancount=2, return value=468
06-16 18:45:14.200 I/resolv  (  454): res_tls_send: TLS query result: 0
06-16 18:45:14.200 I/resolv  (  454): doQuery: rcode=0, ancount=2, return value=468
06-16 18:45:15.607 D/WifiClientModeImpl[9008:wlan0](  669): updateLinkLayerStatsRssiSpeedFrequencyCapabilities rssi=-50 TxLinkspeed=2 freq=2447 RxLinkSpeed=2
06-16 18:45:15.607 D/WifiDataStall(  669): tx tput in kbps: 11000
06-16 18:45:15.608 D/WifiDataStall(  669): rx tput in kbps: 11000
06-16 18:45:15.608 V/WifiConfigManager(  669): Updating scan detail cache freq=2447 BSSID=00:13:10:85:fe:01 RSSI=-50 for "AndroidWifi"NONE
06-16 18:45:15.608 D/WifiThroughputPredictor(  669):  utilization (LLS) 80 isBluetoothConnected: false final utilization: 80
06-16 18:45:15.608 D/WifiThroughputPredictor(  669):  BW: 0 RSSI: -50 Nss: 1 Mode: 1 symDur: 4000 snrDb 30 bitPerTone: 4500 rate: 54 throughput: 11
06-16 18:45:15.608 D/WifiThroughputPredictor(  669):  utilization (LLS) 80 isBluetoothConnected: false final utilization: 80
06-16 18:45:15.608 D/WifiThroughputPredictor(  669):  BW: 0 RSSI: -50 Nss: 1 Mode: 1 symDur: 4000 snrDb 30 bitPerTone: 4500 rate: 54 throughput: 11
06-16 18:45:15.608 D/WifiThroughputPredictor(  669):  utilization (LLS) 80 isBluetoothConnected: false final utilization: 80
06-16 18:45:15.608 D/WifiThroughputPredictor(  669):  BW: 0 RSSI: -50 Nss: 1 Mode: 1 symDur: 4000 snrDb 30 bitPerTone: 4500 rate: 54 throughput: 11
06-16 18:45:15.608 D/WifiThroughputPredictor(  669):  utilization (LLS) 80 isBluetoothConnected: false final utilization: 80
06-16 18:45:15.608 D/WifiThroughputPredictor(  669):  BW: 0 RSSI: -50 Nss: 1 Mode: 1 symDur: 4000 snrDb 30 bitPerTone: 4500 rate: 54 throughput: 11
06-16 18:45:15.608 D/WifiScoreCard(  669): BSSID update SIGNAL_POLL ID: 1101133663 SSID: "AndroidWifi", BSSID: 00:13:10:85:fe:01, MAC: 02:15:b2:00:00:00, IP: /10.0.2.16, Security type: 0, Supplicant state: COMPLETED, Wi-Fi standard: legacy, RSSI: -50, Link speed: 2Mbps, Tx Link speed: 2Mbps, Max Supported Tx Link speed: 11Mbps, Rx Link speed: 2Mbps, Max Supported Rx Link speed: 11Mbps, Frequency: 2447MHz, Net ID: 0, Metered hint: false, score: 60, isUsable: true, CarrierMerged: false, SubscriptionId: -1, IsPrimary: 1, Trusted: true, Restricted: false, Ephemeral: false, OEM paid: false, OEM private: false, OSU AP: false, FQDN: <none>, Provider friendly name: <none>, Requesting package name: <none>"AndroidWifi"openMLO Information: , Is TID-To-Link negotiation supported by the AP: false, AP MLD Address: <none>, AP MLO Link Id: <none>, AP MLO Affiliated links: <none>, Vendor Data: <none>
06-16 18:45:15.609 D/WifiScoreCard(  669): txRate: 7 txSpeed: 2
06-16 18:45:15.609 D/WifiScoreCard(  669): network update SIGNAL_POLL "AndroidWifi" ID: 9264453 RSSI -50 txSpeed 2
06-16 18:45:15.609 D/WifiClientModeImpl[9008:wlan0](  669):  ClientModeImpl$L2ConnectedState screen=on 1 0 "AndroidWifi" 00:13:10:85:fe:01 rssi=-50 f=2447 sc=60 link=2 tx=6.5, 0.0, 0.0 rx=5.8 bcn=0 [on:0 tx:0 rx:0 period:3006] from screen [on:0 period:-795712231] score=60
06-16 18:45:16.639 E/TaskPersister(  669): File error accessing recents directory (directory doesn't exist?).
06-16 18:45:18.300 D/InetDiagMessage(  669): Destroyed 0 sockets, proto=IPPROTO_TCP, family=AF_INET, states=14
06-16 18:45:18.301 D/InetDiagMessage(  669): Destroyed 0 sockets, proto=IPPROTO_TCP, family=AF_INET6, states=14
06-16 18:45:18.301 D/InetDiagMessage(  669): Destroyed live tcp sockets for uids={10168} in 1ms
06-16 18:45:18.304 D/InetDiagMessage(  669): Destroyed 0 sockets, proto=IPPROTO_TCP, family=AF_INET, states=14
06-16 18:45:18.305 D/InetDiagMessage(  669): Destroyed 0 sockets, proto=IPPROTO_TCP, family=AF_INET6, states=14
06-16 18:45:18.305 D/InetDiagMessage(  669): Destroyed live tcp sockets for uids={20168} in 4ms
06-16 18:45:18.422 D/SatelliteController( 1042): iisInCarrierRoamingNbIotNtn: satellite is disabled
06-16 18:45:18.615 D/WifiClientModeImpl[9008:wlan0](  669): updateLinkLayerStatsRssiSpeedFrequencyCapabilities rssi=-50 TxLinkspeed=2 freq=2447 RxLinkSpeed=2
06-16 18:45:18.615 D/WifiDataStall(  669): tx tput in kbps: 11000
06-16 18:45:18.615 D/WifiDataStall(  669): rx tput in kbps: 11000
06-16 18:45:18.615 V/WifiConfigManager(  669): Updating scan detail cache freq=2447 BSSID=00:13:10:85:fe:01 RSSI=-50 for "AndroidWifi"NONE
06-16 18:45:18.615 D/WifiThroughputPredictor(  669):  utilization (LLS) 80 isBluetoothConnected: false final utilization: 80
06-16 18:45:18.615 D/ProfileInstaller( 6642): Installing profile for com.arunprakash.brain
06-16 18:45:18.615 D/WifiThroughputPredictor(  669):  BW: 0 RSSI: -50 Nss: 1 Mode: 1 symDur: 4000 snrDb 30 bitPerTone: 4500 rate: 54 throughput: 11
06-16 18:45:18.615 D/WifiThroughputPredictor(  669):  utilization (LLS) 80 isBluetoothConnected: false final utilization: 80
06-16 18:45:18.615 D/WifiThroughputPredictor(  669):  BW: 0 RSSI: -50 Nss: 1 Mode: 1 symDur: 4000 snrDb 30 bitPerTone: 4500 rate: 54 throughput: 11
06-16 18:45:18.616 D/WifiThroughputPredictor(  669):  utilization (LLS) 80 isBluetoothConnected: false final utilization: 80
06-16 18:45:18.616 D/WifiThroughputPredictor(  669):  BW: 0 RSSI: -50 Nss: 1 Mode: 1 symDur: 4000 snrDb 30 bitPerTone: 4500 rate: 54 throughput: 11
06-16 18:45:18.616 D/WifiThroughputPredictor(  669):  utilization (LLS) 80 isBluetoothConnected: false final utilization: 80
06-16 18:45:18.616 D/WifiThroughputPredictor(  669):  BW: 0 RSSI: -50 Nss: 1 Mode: 1 symDur: 4000 snrDb 30 bitPerTone: 4500 rate: 54 throughput: 11
06-16 18:45:18.616 D/WifiScoreCard(  669): BSSID update SIGNAL_POLL ID: 1101133663 SSID: "AndroidWifi", BSSID: 00:13:10:85:fe:01, MAC: 02:15:b2:00:00:00, IP: /10.0.2.16, Security type: 0, Supplicant state: COMPLETED, Wi-Fi standard: legacy, RSSI: -50, Link speed: 2Mbps, Tx Link speed: 2Mbps, Max Supported Tx Link speed: 11Mbps, Rx Link speed: 2Mbps, Max Supported Rx Link speed: 11Mbps, Frequency: 2447MHz, Net ID: 0, Metered hint: false, score: 60, isUsable: true, CarrierMerged: false, SubscriptionId: -1, IsPrimary: 1, Trusted: true, Restricted: false, Ephemeral: false, OEM paid: false, OEM private: false, OSU AP: false, FQDN: <none>, Provider friendly name: <none>, Requesting package name: <none>"AndroidWifi"openMLO Information: , Is TID-To-Link negotiation supported by the AP: false, AP MLD Address: <none>, AP MLO Link Id: <none>, AP MLO Affiliated links: <none>, Vendor Data: <none>
06-16 18:45:18.616 D/WifiScoreCard(  669): txRate: 24 txSpeed: 2
06-16 18:45:18.616 D/WifiScoreCard(  669): network update SIGNAL_POLL "AndroidWifi" ID: 9264453 RSSI -50 txSpeed 2
06-16 18:45:18.616 D/WifiClientModeImpl[9008:wlan0](  669):  ClientModeImpl$L2ConnectedState screen=on 1 0 "AndroidWifi" 00:13:10:85:fe:01 rssi=-50 f=2447 sc=60 link=2 tx=23.2, 0.0, 0.0 rx=29.5 bcn=0 [on:0 tx:0 rx:0 period:3007] from screen [on:0 period:-795709224] score=60
06-16 18:45:20.358 D/wpa_supplicant(  905): nl80211: Drv Event 64 (NL80211_CMD_NOTIFY_CQM) received for wlan0
06-16 18:45:20.358 D/wpa_supplicant(  905): nl80211: Beacon loss event
06-16 18:45:20.358 D/wpa_supplicant(  905): wlan0: Event BEACON_LOSS (53) received
06-16 18:45:20.358 I/wpa_supplicant(  905): wlan0: CTRL-EVENT-BEACON-LOSS
06-16 18:45:20.689 W/ActivityTaskManager(  669): callingPackage for (uid=2000, pid=6784) has no WPC
06-16 18:45:20.690 V/GrammaticalInflectionUtils(  669): AttributionSource: AttributionSource { uid = 10213, packageName = null, attributionTag = null, token = android.os.Binder@5a281d, deviceId = 0, next = null } does not have READ_SYSTEM_GRAMMATICAL_GENDER permission.
06-16 18:45:20.690 W/OptProp (  669): Cannot read opt property android.window.PROPERTY_COMPAT_ALLOW_USER_ASPECT_RATIO_OVERRIDE
06-16 18:45:20.690 W/OptProp (  669): Cannot read opt property android.window.PROPERTY_COMPAT_ALLOW_USER_ASPECT_RATIO_FULLSCREEN_OVERRIDE
06-16 18:45:20.690 W/OptProp (  669): Cannot read opt property android.window.PROPERTY_COMPAT_ALLOW_RESIZEABLE_ACTIVITY_OVERRIDES
06-16 18:45:20.690 W/OptProp (  669): Cannot read opt property android.window.PROPERTY_COMPAT_ALLOW_MIN_ASPECT_RATIO_OVERRIDE
06-16 18:45:20.691 D/KeyguardService(  920): setOccluded(false)
06-16 18:45:20.691 D/KeyguardViewMediator(  920): setOccluded(false)
06-16 18:45:20.691 I/ActivityTaskManager(  669): START u0 {act=android.intent.action.SEND typ=text/plain flg=0x10000000 xflg=0x4 pkg=share cmp=com.arunprakash.brain/.MainActivity (has extras)} with LAUNCH_SINGLE_TASK from uid 2000 (BAL_ALLOW_PERMISSION) result code=3
06-16 18:45:20.691 D/KeyguardViewMediator(  920): handleSetOccluded(false)
06-16 18:45:20.691 D/KeyguardViewMediator(  920): KeyguardViewMediator queue processing message: SET_OCCLUDED
06-16 18:45:20.691 D/WindowManagerShell(  920): onActivityRestartAttempt: topActivity=ComponentInfo{com.arunprakash.brain/com.arunprakash.brain.MainActivity}, wasVisible=true
06-16 18:45:20.693 D/CapacitorShareTarget( 6642): Share received: {"title":"A12","texts":["https:\/\/example.com\/a12-share-fixture"],"files":[]}
06-16 18:45:20.693 I/BpBinder(  511): onLastStrongRef automatically unlinking death recipients:
06-16 18:45:21.621 D/WifiClientModeImpl[9008:wlan0](  669): updateLinkLayerStatsRssiSpeedFrequencyCapabilities rssi=-50 TxLinkspeed=1 freq=2447 RxLinkSpeed=2
06-16 18:45:21.621 D/WifiDataStall(  669): tx tput in kbps: 11000
06-16 18:45:21.621 D/WifiDataStall(  669): rx tput in kbps: 11000
06-16 18:45:21.621 V/WifiConfigManager(  669): Updating scan detail cache freq=2447 BSSID=00:13:10:85:fe:01 RSSI=-50 for "AndroidWifi"NONE
06-16 18:45:21.621 D/WifiThroughputPredictor(  669):  utilization (LLS) 80 isBluetoothConnected: false final utilization: 80
06-16 18:45:21.621 D/WifiThroughputPredictor(  669):  BW: 0 RSSI: -50 Nss: 1 Mode: 1 symDur: 4000 snrDb 30 bitPerTone: 4500 rate: 54 throughput: 11
06-16 18:45:21.621 D/WifiThroughputPredictor(  669):  utilization (LLS) 80 isBluetoothConnected: false final utilization: 80
06-16 18:45:21.621 D/WifiThroughputPredictor(  669):  BW: 0 RSSI: -50 Nss: 1 Mode: 1 symDur: 4000 snrDb 30 bitPerTone: 4500 rate: 54 throughput: 11
06-16 18:45:21.622 D/WifiThroughputPredictor(  669):  utilization (LLS) 80 isBluetoothConnected: false final utilization: 80
06-16 18:45:21.622 D/WifiThroughputPredictor(  669):  BW: 0 RSSI: -50 Nss: 1 Mode: 1 symDur: 4000 snrDb 30 bitPerTone: 4500 rate: 54 throughput: 11
06-16 18:45:21.622 D/WifiThroughputPredictor(  669):  utilization (LLS) 80 isBluetoothConnected: false final utilization: 80
06-16 18:45:21.622 D/WifiThroughputPredictor(  669):  BW: 0 RSSI: -50 Nss: 1 Mode: 1 symDur: 4000 snrDb 30 bitPerTone: 4500 rate: 54 throughput: 11
06-16 18:45:21.622 D/WifiScoreCard(  669): BSSID update SIGNAL_POLL ID: 1101133663 SSID: "AndroidWifi", BSSID: 00:13:10:85:fe:01, MAC: 02:15:b2:00:00:00, IP: /10.0.2.16, Security type: 0, Supplicant state: COMPLETED, Wi-Fi standard: legacy, RSSI: -50, Link speed: 1Mbps, Tx Link speed: 1Mbps, Max Supported Tx Link speed: 11Mbps, Rx Link speed: 2Mbps, Max Supported Rx Link speed: 11Mbps, Frequency: 2447MHz, Net ID: 0, Metered hint: false, score: 60, isUsable: true, CarrierMerged: false, SubscriptionId: -1, IsPrimary: 1, Trusted: true, Restricted: false, Ephemeral: false, OEM paid: false, OEM private: false, OSU AP: false, FQDN: <none>, Provider friendly name: <none>, Requesting package name: <none>"AndroidWifi"openMLO Information: , Is TID-To-Link negotiation supported by the AP: false, AP MLD Address: <none>, AP MLO Link Id: <none>, AP MLO Affiliated links: <none>, Vendor Data: <none>
06-16 18:45:21.622 D/WifiScoreCard(  669): txRate: 11 txSpeed: 1
06-16 18:45:21.622 D/WifiScoreCard(  669): network update SIGNAL_POLL "AndroidWifi" ID: 9264453 RSSI -50 txSpeed 1
06-16 18:45:21.622 D/WifiClientModeImpl[9008:wlan0](  669):  ClientModeImpl$L2ConnectedState screen=on 1 0 "AndroidWifi" 00:13:10:85:fe:01 rssi=-50 f=2447 sc=60 link=1 tx=10.4, 0.0, 0.0 rx=12.7 bcn=0 [on:0 tx:0 rx:0 period:3006] from screen [on:0 period:-795706218] score=60
06-16 18:45:22.630 W/ssioncontroller( 1283): Reducing the number of considered missed Gc histogram windows from 122 to 100
06-16 18:45:22.632 I/netd    (  454): tetherGetStats() -> {[]} <0.97ms>
06-16 18:45:23.286 D/ActivityManager(  669): freezing 3519 com.google.android.webview:webview_service
06-16 18:45:23.288 D/InetDiagMessage(  669): Destroyed 0 sockets, proto=IPPROTO_TCP, family=AF_INET, states=14
06-16 18:45:23.288 D/InetDiagMessage(  669): Destroyed 0 sockets, proto=IPPROTO_TCP, family=AF_INET6, states=14
06-16 18:45:23.288 D/InetDiagMessage(  669): Destroyed live tcp sockets for uids={10168} in 0ms
06-16 18:45:23.309 D/ActivityManager(  669): freezing 1663 com.google.android.googlequicksearchbox:search
06-16 18:45:23.369 I/ProtoXDBBufferWrapper( 1475): ProtoXDBBufferWrapper.flushToStorage():158 Flushed 11 data item(s) to storage.
06-16 18:45:24.135 I/resolv  (  454): SSL remote close or read error.
06-16 18:45:24.135 I/resolv  (  454): Disconnecting {fec0::3/}, mark 0xf0065
06-16 18:45:24.629 D/WifiClientModeImpl[9008:wlan0](  669): updateLinkLayerStatsRssiSpeedFrequencyCapabilities rssi=-50 TxLinkspeed=1 freq=2447 RxLinkSpeed=2
06-16 18:45:24.629 D/WifiDataStall(  669): tx tput in kbps: 11000
06-16 18:45:24.629 D/WifiDataStall(  669): rx tput in kbps: 11000
06-16 18:45:24.629 V/WifiConfigManager(  669): Updating scan detail cache freq=2447 BSSID=00:13:10:85:fe:01 RSSI=-50 for "AndroidWifi"NONE
06-16 18:45:24.629 D/WifiThroughputPredictor(  669):  utilization (LLS) 80 isBluetoothConnected: false final utilization: 80
06-16 18:45:24.630 D/WifiThroughputPredictor(  669):  BW: 0 RSSI: -50 Nss: 1 Mode: 1 symDur: 4000 snrDb 30 bitPerTone: 4500 rate: 54 throughput: 11
06-16 18:45:24.630 D/WifiThroughputPredictor(  669):  utilization (LLS) 80 isBluetoothConnected: false final utilization: 80
06-16 18:45:24.630 D/WifiThroughputPredictor(  669):  BW: 0 RSSI: -50 Nss: 1 Mode: 1 symDur: 4000 snrDb 30 bitPerTone: 4500 rate: 54 throughput: 11
06-16 18:45:24.630 D/WifiThroughputPredictor(  669):  utilization (LLS) 80 isBluetoothConnected: false final utilization: 80
06-16 18:45:24.630 D/WifiThroughputPredictor(  669):  BW: 0 RSSI: -50 Nss: 1 Mode: 1 symDur: 4000 snrDb 30 bitPerTone: 4500 rate: 54 throughput: 11
06-16 18:45:24.630 D/WifiThroughputPredictor(  669):  utilization (LLS) 80 isBluetoothConnected: false final utilization: 80
06-16 18:45:24.630 D/WifiThroughputPredictor(  669):  BW: 0 RSSI: -50 Nss: 1 Mode: 1 symDur: 4000 snrDb 30 bitPerTone: 4500 rate: 54 throughput: 11
06-16 18:45:24.630 D/WifiScoreCard(  669): BSSID update SIGNAL_POLL ID: 1101133663 SSID: "AndroidWifi", BSSID: 00:13:10:85:fe:01, MAC: 02:15:b2:00:00:00, IP: /10.0.2.16, Security type: 0, Supplicant state: COMPLETED, Wi-Fi standard: legacy, RSSI: -50, Link speed: 1Mbps, Tx Link speed: 1Mbps, Max Supported Tx Link speed: 11Mbps, Rx Link speed: 2Mbps, Max Supported Rx Link speed: 11Mbps, Frequency: 2447MHz, Net ID: 0, Metered hint: false, score: 60, isUsable: true, CarrierMerged: false, SubscriptionId: -1, IsPrimary: 1, Trusted: true, Restricted: false, Ephemeral: false, OEM paid: false, OEM private: false, OSU AP: false, FQDN: <none>, Provider friendly name: <none>, Requesting package name: <none>"AndroidWifi"openMLO Information: , Is TID-To-Link negotiation supported by the AP: false, AP MLD Address: <none>, AP MLO Link Id: <none>, AP MLO Affiliated links: <none>, Vendor Data: <none>
06-16 18:45:24.630 D/WifiScoreCard(  669): txRate: 6 txSpeed: 1
06-16 18:45:24.630 D/WifiScoreCard(  669): network update SIGNAL_POLL "AndroidWifi" ID: 9264453 RSSI -50 txSpeed 1
06-16 18:45:24.631 D/WifiClientModeImpl[9008:wlan0](  669):  ClientModeImpl$L2ConnectedState screen=on 1 0 "AndroidWifi" 00:13:10:85:fe:01 rssi=-50 f=2447 sc=60 link=1 tx=5.0, 0.0, 0.0 rx=6.1 bcn=0 [on:0 tx:0 rx:0 period:3009] from screen [on:0 period:-795703209] score=60
06-16 18:45:27.633 D/WifiClientModeImpl[9008:wlan0](  669): updateLinkLayerStatsRssiSpeedFrequencyCapabilities rssi=-50 TxLinkspeed=1 freq=2447 RxLinkSpeed=2
06-16 18:45:27.634 D/WifiDataStall(  669): tx tput in kbps: 11000
06-16 18:45:27.634 D/WifiDataStall(  669): rx tput in kbps: 11000
06-16 18:45:27.634 V/WifiConfigManager(  669): Updating scan detail cache freq=2447 BSSID=00:13:10:85:fe:01 RSSI=-50 for "AndroidWifi"NONE
06-16 18:45:27.634 D/WifiThroughputPredictor(  669):  utilization (LLS) 80 isBluetoothConnected: false final utilization: 80
06-16 18:45:27.634 D/WifiThroughputPredictor(  669):  BW: 0 RSSI: -50 Nss: 1 Mode: 1 symDur: 4000 snrDb 30 bitPerTone: 4500 rate: 54 throughput: 11
06-16 18:45:27.634 D/WifiThroughputPredictor(  669):  utilization (LLS) 80 isBluetoothConnected: false final utilization: 80
06-16 18:45:27.634 D/WifiThroughputPredictor(  669):  BW: 0 RSSI: -50 Nss: 1 Mode: 1 symDur: 4000 snrDb 30 bitPerTone: 4500 rate: 54 throughput: 11
06-16 18:45:27.635 D/WifiThroughputPredictor(  669):  utilization (LLS) 80 isBluetoothConnected: false final utilization: 80
06-16 18:45:27.635 D/WifiThroughputPredictor(  669):  BW: 0 RSSI: -50 Nss: 1 Mode: 1 symDur: 4000 snrDb 30 bitPerTone: 4500 rate: 54 throughput: 11
06-16 18:45:27.635 D/WifiThroughputPredictor(  669):  utilization (LLS) 80 isBluetoothConnected: false final utilization: 80
06-16 18:45:27.635 D/WifiThroughputPredictor(  669):  BW: 0 RSSI: -50 Nss: 1 Mode: 1 symDur: 4000 snrDb 30 bitPerTone: 4500 rate: 54 throughput: 11
06-16 18:45:27.636 D/WifiScoreCard(  669): BSSID update SIGNAL_POLL ID: 1101133663 SSID: "AndroidWifi", BSSID: 00:13:10:85:fe:01, MAC: 02:15:b2:00:00:00, IP: /10.0.2.16, Security type: 0, Supplicant state: COMPLETED, Wi-Fi standard: legacy, RSSI: -50, Link speed: 1Mbps, Tx Link speed: 1Mbps, Max Supported Tx Link speed: 11Mbps, Rx Link speed: 2Mbps, Max Supported Rx Link speed: 11Mbps, Frequency: 2447MHz, Net ID: 0, Metered hint: false, score: 60, isUsable: true, CarrierMerged: false, SubscriptionId: -1, IsPrimary: 1, Trusted: true, Restricted: false, Ephemeral: false, OEM paid: false, OEM private: false, OSU AP: false, FQDN: <none>, Provider friendly name: <none>, Requesting package name: <none>"AndroidWifi"openMLO Information: , Is TID-To-Link negotiation supported by the AP: false, AP MLD Address: <none>, AP MLO Link Id: <none>, AP MLO Affiliated links: <none>, Vendor Data: <none>
06-16 18:45:27.636 D/WifiScoreCard(  669): txRate: 2 txSpeed: 1
06-16 18:45:27.636 D/WifiScoreCard(  669): network update SIGNAL_POLL "AndroidWifi" ID: 9264453 RSSI -50 txSpeed -1
06-16 18:45:27.636 D/WifiClientModeImpl[9008:wlan0](  669):  ClientModeImpl$L2ConnectedState screen=on 1 0 "AndroidWifi" 00:13:10:85:fe:01 rssi=-50 f=2447 sc=60 link=1 tx=1.8, 0.0, 0.0 rx=2.2 bcn=0 [on:0 tx:0 rx:0 period:3005] from screen [on:0 period:-795700204] score=60
06-16 18:45:27.732 I/AlarmManager( 1196): setExactAndAllowWhileIdle [name: GCM_HB_ALARM type: 2 triggerAtMillis: 6527274]
06-16 18:45:27.733 I/AlarmManager( 1196): setExactAndAllowWhileIdle [name: GCM_HB_ALARM type: 2 triggerAtMillis: 6527275]
06-16 18:45:28.098 D/BoundBrokerSvc( 1526): onUnbind: Intent { act=com.google.android.gms.feedback.internal.IFeedbackService dat=chimera-action:/... xflg=0x4 cmp=com.google.android.gms/.chimera.GmsBoundBrokerService }
06-16 18:45:28.296 D/wpa_supplicant(  905): nl80211: Drv Event 64 (NL80211_CMD_NOTIFY_CQM) received for wlan0
06-16 18:45:28.296 D/wpa_supplicant(  905): nl80211: Beacon loss event
06-16 18:45:28.296 D/wpa_supplicant(  905): wlan0: Event BEACON_LOSS (53) received
06-16 18:45:28.296 I/wpa_supplicant(  905): wlan0: CTRL-EVENT-BEACON-LOSS
06-16 18:45:28.302 D/BoundBrokerSvc( 1526): onUnbind: Intent { act=com.google.android.gms.safetynet.service.START xflg=0x4 pkg=com.google.android.gms }
06-16 18:45:28.303 D/BoundBrokerSvc( 1526): onUnbind: Intent { act=com.google.android.gms.safebrowsing.SafeBrowsingService.START dat=chimera-action:/... xflg=0x4 cmp=com.google.android.gms/.chimera.GmsBoundBrokerService }
06-16 18:45:28.320 I/netd    (  454): tetherGetStats() -> {[]} <1.29ms>
06-16 18:45:28.370 D/BoundBrokerSvc( 1526): onUnbind: Intent { act=com.google.firebase.dynamiclinks.service.START xflg=0x4 pkg=com.google.android.gms }
06-16 18:45:28.425 D/SatelliteController( 1042): iisInCarrierRoamingNbIotNtn: satellite is disabled
06-16 18:45:30.643 D/WifiClientModeImpl[9008:wlan0](  669): updateLinkLayerStatsRssiSpeedFrequencyCapabilities rssi=-50 TxLinkspeed=1 freq=2447 RxLinkSpeed=2
06-16 18:45:30.643 D/WifiDataStall(  669): tx tput in kbps: 11000
06-16 18:45:30.643 D/WifiDataStall(  669): rx tput in kbps: 11000
06-16 18:45:30.644 V/WifiConfigManager(  669): Updating scan detail cache freq=2447 BSSID=00:13:10:85:fe:01 RSSI=-50 for "AndroidWifi"NONE
06-16 18:45:30.644 D/WifiThroughputPredictor(  669):  utilization (LLS) 80 isBluetoothConnected: false final utilization: 80
06-16 18:45:30.644 D/WifiThroughputPredictor(  669):  BW: 0 RSSI: -50 Nss: 1 Mode: 1 symDur: 4000 snrDb 30 bitPerTone: 4500 rate: 54 throughput: 11
06-16 18:45:30.644 D/WifiThroughputPredictor(  669):  utilization (LLS) 80 isBluetoothConnected: false final utilization: 80
06-16 18:45:30.644 D/WifiThroughputPredictor(  669):  BW: 0 RSSI: -50 Nss: 1 Mode: 1 symDur: 4000 snrDb 30 bitPerTone: 4500 rate: 54 throughput: 11
06-16 18:45:30.645 D/WifiThroughputPredictor(  669):  utilization (LLS) 80 isBluetoothConnected: false final utilization: 80
06-16 18:45:30.645 D/WifiThroughputPredictor(  669):  BW: 0 RSSI: -50 Nss: 1 Mode: 1 symDur: 4000 snrDb 30 bitPerTone: 4500 rate: 54 throughput: 11
06-16 18:45:30.645 D/WifiThroughputPredictor(  669):  utilization (LLS) 80 isBluetoothConnected: false final utilization: 80
06-16 18:45:30.645 D/WifiThroughputPredictor(  669):  BW: 0 RSSI: -50 Nss: 1 Mode: 1 symDur: 4000 snrDb 30 bitPerTone: 4500 rate: 54 throughput: 11
06-16 18:45:30.646 D/WifiScoreCard(  669): BSSID update SIGNAL_POLL ID: 1101133663 SSID: "AndroidWifi", BSSID: 00:13:10:85:fe:01, MAC: 02:15:b2:00:00:00, IP: /10.0.2.16, Security type: 0, Supplicant state: COMPLETED, Wi-Fi standard: legacy, RSSI: -50, Link speed: 1Mbps, Tx Link speed: 1Mbps, Max Supported Tx Link speed: 11Mbps, Rx Link speed: 2Mbps, Max Supported Rx Link speed: 11Mbps, Frequency: 2447MHz, Net ID: 0, Metered hint: false, score: 60, isUsable: true, CarrierMerged: false, SubscriptionId: -1, IsPrimary: 1, Trusted: true, Restricted: false, Ephemeral: false, OEM paid: false, OEM private: false, OSU AP: false, FQDN: <none>, Provider friendly name: <none>, Requesting package name: <none>"AndroidWifi"openMLO Information: , Is TID-To-Link negotiation supported by the AP: false, AP MLD Address: <none>, AP MLO Link Id: <none>, AP MLO Affiliated links: <none>, Vendor Data: <none>
06-16 18:45:30.646 D/WifiScoreCard(  669): txRate: 1 txSpeed: 1
06-16 18:45:30.646 D/WifiScoreCard(  669): network update SIGNAL_POLL "AndroidWifi" ID: 9264453 RSSI -50 txSpeed -1
06-16 18:45:30.646 D/WifiClientModeImpl[9008:wlan0](  669):  ClientModeImpl$L2ConnectedState screen=on 1 0 "AndroidWifi" 00:13:10:85:fe:01 rssi=-50 f=2447 sc=60 link=1 tx=0.8, 0.0, 0.0 rx=1.2 bcn=0 [on:0 tx:0 rx:0 period:3010] from screen [on:0 period:-795697194] score=60
06-16 18:45:30.877 W/screencap( 6791): Thread Pool max thread count is 0. Cannot cache binder as linkToDeath cannot be implemented. serviceName: SurfaceFlingerAIDL
06-16 18:45:30.878 W/BpBinder( 6791): Linking to death on android.gui.ISurfaceComposer but there are no threads (yet?) listening to incoming transactions. See ProcessState::startThreadPool and ProcessState::setThreadPoolMaxThreadCount. Generally you should setup the binder threadpool before other initialization steps.
06-16 18:45:30.878 W/ProcessState( 6791): Extra binder thread started, but 0 threads requested. Do not use *startThreadPool when zero threads are requested.
06-16 18:45:30.894 E/HwcComposer(  511): getLuts failed Status(-8, EX_SERVICE_SPECIFIC): '8: '
06-16 18:45:30.894 E/HWComposer(  511): getLuts: getLuts failed for display 4619827259835644672: UNSUPPORTED (8)
06-16 18:45:30.910 I/servicemanager(  219): Caller(pid=6791,uid=2000,sid=u:r:shell:s0) Found android.hardware.graphics.allocator.IAllocator/default in device VINTF manifest.
06-16 18:45:30.910 I/servicemanager(  219): Caller(pid=6791,uid=2000,sid=u:r:shell:s0) Found android.hardware.graphics.allocator.IAllocator/default in device VINTF manifest.
06-16 18:45:30.911 I/servicemanager(  219): Caller(pid=6791,uid=2000,sid=u:r:shell:s0) Found mapper/ranchu in device VINTF manifest.
