06-16 23:30:58.375  1060  1060 D TaskbarManager: setActivity: mActivity=null displayId=0 isDefaultDisplay=true
06-16 23:30:58.375  1060  1060 D TaskbarManager: setActivity: registering activity lifecycle callbacks. displayId=0 isDefaultDisplay=true
06-16 23:30:58.375  1060  1060 D TaskbarManager: getUnfoldTransitionProgressProviderForActivity displayId=0 isDefaultDisplay=true
06-16 23:30:58.375  1060  1060 D TaskbarManager: setRecentsViewContainer displayId=0 isDefaultDisplay=true
06-16 23:30:58.375  1060  1060 D TaskbarManager: createTaskbarUIControllerForRecentsViewContainer displayId=0 isDefaultDisplay=true
06-16 23:30:58.375  1060  1060 D LauncherBinder: Calling onCompleteSignal
06-16 23:30:58.375  1060  1060 D ViewOnDrawExecutor: markCompleted: executing tasks
06-16 23:30:58.375  1060  1060 D ActivityAllAppsContainerView: rebindAdapters: force: false
06-16 23:30:58.375  1060  1060 D ActivityAllAppsContainerView: rebindAdapters: Not needed.
06-16 23:30:58.376   923   936 V WindowManagerShell: onTransitionReady(transaction=2899102925199)
06-16 23:30:58.376   923   995 V WindowManagerShell: onTransitionReady (#12) android.os.BinderProxy@9759da1: {id=12 t=CLOSE f=0x0 trk=0 r=[] c=[]}
06-16 23:30:58.376   923   995 V WindowManagerShell: No transition roots in (#12) android.os.BinderProxy@9759da1@0 so abort
06-16 23:30:58.376   923   995 V WindowManagerShell: Transition animation finished (aborted=true), notifying core (#12) android.os.BinderProxy@9759da1@0
06-16 23:30:58.376   675   702 V WindowManager: Sent Transition (#12) createdAt=06-16 23:30:58.263 via request=TransitionRequestInfo { type = CLOSE, triggerTask = null, pipChange = null, remoteTransition = RemoteTransition { remoteTransition = android.window.IRemoteTransition$Stub$Proxy@a91f098, appThread = null, debugName = TaskFragmentComponent }, displayChange = null, flags = 0, debugId = 12 }
06-16 23:30:58.376   675   702 V WindowManager:     startWCT=WindowContainerTransaction { changes= {} hops= [] errorCallbackToken=null taskFragmentOrganizer=null }
06-16 23:30:58.376   675   702 V WindowManager:     info={id=12 t=CLOSE f=0x0 trk=0 r=[] c=[]}
06-16 23:30:58.376   675   759 I ActivityTaskManager: Activity reported stop, but no longer stopping: ActivityRecord{67767241 u0 com.google.android.apps.nexuslauncher/.NexusLauncherActivity t2} STOPPED
06-16 23:30:58.380  1060  1060 D TaskFragmentComponent: release and clear taskSurface
06-16 23:30:58.381  1060  1060 D TaskFragmentComponent: Setting valid task fragment surface control in TYPE_TASK_FRAGMENT_APPEARED
06-16 23:30:58.382   675   702 V WindowManager: Finish Transition (#12): created at 06-16 23:30:58.263 collect-started=0.014ms request-sent=1.944ms started=4.447ms ready=110.245ms sent=112.435ms commit=1.234ms finished=118.119ms
06-16 23:30:58.382   923   995 V WindowManagerShell: Track 0 became idle
06-16 23:30:58.382   923   995 V WindowManagerShell: All active transition animations finished
06-16 23:30:58.382   923   995 V WindowManagerShell: Transition requested (#13): android.os.BinderProxy@7732523 TransitionRequestInfo { type = CHANGE, triggerTask = null, pipChange = null, remoteTransition = RemoteTransition { remoteTransition = android.window.IRemoteTransition$Stub$Proxy@d69aa20, appThread = null, debugName = TaskFragmentComponent }, displayChange = null, flags = 0, debugId = 13 }
06-16 23:30:58.382   923   995 V WindowManagerShell: RemoteTransition directly requested for (#13) android.os.BinderProxy@7732523: RemoteTransition { remoteTransition = android.window.IRemoteTransition$Stub$Proxy@d69aa20, appThread = null, debugName = TaskFragmentComponent }
06-16 23:30:58.382   923   995 V WindowManagerShell: Transition (#13): request handled by RemoteTransitionHandler
06-16 23:30:58.382   517   570 I BpBinder: onLastStrongRef automatically unlinking death recipients:
06-16 23:30:58.382   675  2703 V WindowManager: Queueing transition: TransitionRecord{4017e44 id=-1 type=CLOSE flags=0x0}
06-16 23:30:58.384   675   702 V WindowManager: Sent Transition (#13) createdAt=06-16 23:30:58.348 via request=TransitionRequestInfo { type = CHANGE, triggerTask = null, pipChange = null, remoteTransition = RemoteTransition { remoteTransition = android.window.IRemoteTransition$Stub$Proxy@5b3ab2d, appThread = null, debugName = TaskFragmentComponent }, displayChange = null, flags = 0, debugId = 13 }
06-16 23:30:58.384   923   938 V WindowManagerShell: onTransitionReady(transaction=2899102925210)
06-16 23:30:58.384   923   995 V WindowManagerShell: onTransitionReady (#13) android.os.BinderProxy@7732523: {id=13 t=CHANGE f=0x0 trk=1 r=[] c=[]}
06-16 23:30:58.384   675   702 V WindowManager:     startWCT=WindowContainerTransaction { changes= {} hops= [] errorCallbackToken=null taskFragmentOrganizer=null }
06-16 23:30:58.384   675   702 V WindowManager:     info={id=13 t=CHANGE f=0x0 trk=1 r=[] c=[]}
06-16 23:30:58.384   923   995 V WindowManagerShell: No transition roots in (#13) android.os.BinderProxy@7732523@1 so abort
06-16 23:30:58.384   923   995 V WindowManagerShell: Transition animation finished (aborted=true), notifying core (#13) android.os.BinderProxy@7732523@1
06-16 23:30:58.385   675   702 V WindowManager: Finish Transition (#13): created at 06-16 23:30:58.348 collect-started=28.342ms request-sent=32.622ms started=35.353ms ready=35.745ms sent=35.959ms finished=36.722ms
06-16 23:30:58.385   923   995 V WindowManagerShell: Track 1 became idle
06-16 23:30:58.385   923   995 V WindowManagerShell: All active transition animations finished
06-16 23:30:58.385   923   995 V WindowManagerShell: Transition requested (#14): android.os.BinderProxy@c935fd9 TransitionRequestInfo { type = CLOSE, triggerTask = null, pipChange = null, remoteTransition = RemoteTransition { remoteTransition = android.window.IRemoteTransition$Stub$Proxy@cca1d9e, appThread = null, debugName = TaskFragmentComponent }, displayChange = null, flags = 0, debugId = 14 }
06-16 23:30:58.385   923   995 V WindowManagerShell: RemoteTransition directly requested for (#14) android.os.BinderProxy@c935fd9: RemoteTransition { remoteTransition = android.window.IRemoteTransition$Stub$Proxy@cca1d9e, appThread = null, debugName = TaskFragmentComponent }
06-16 23:30:58.385   923   995 V WindowManagerShell: Transition (#14): request handled by RemoteTransitionHandler
06-16 23:30:58.385   675   702 V WindowManager: Sent Transition (#14) createdAt=06-16 23:30:58.382 via request=TransitionRequestInfo { type = CLOSE, triggerTask = null, pipChange = null, remoteTransition = RemoteTransition { remoteTransition = android.window.IRemoteTransition$Stub$Proxy@d75c862, appThread = null, debugName = TaskFragmentComponent }, displayChange = null, flags = 0, debugId = 14 }
06-16 23:30:58.385   923  1148 V WindowManagerShell: onTransitionReady(transaction=2899102925216)
06-16 23:30:58.385   923   995 V WindowManagerShell: onTransitionReady (#14) android.os.BinderProxy@c935fd9: {id=14 t=CLOSE f=0x0 trk=2 r=[] c=[]}
06-16 23:30:58.385   675   702 V WindowManager:     startWCT=WindowContainerTransaction { changes= {} hops= [] errorCallbackToken=null taskFragmentOrganizer=null }
06-16 23:30:58.385   675   702 V WindowManager:     info={id=14 t=CLOSE f=0x0 trk=2 r=[] c=[]}
06-16 23:30:58.385   517  1103 I BpBinder: onLastStrongRef automatically unlinking death recipients:
06-16 23:30:58.385   923   995 V WindowManagerShell: No transition roots in (#14) android.os.BinderProxy@c935fd9@2 so abort
06-16 23:30:58.386   923   995 V WindowManagerShell: Transition animation finished (aborted=true), notifying core (#14) android.os.BinderProxy@c935fd9@2
06-16 23:30:58.386   675   702 V WindowManager: Finish Transition (#14): created at 06-16 23:30:58.382 collect-started=1.824ms request-sent=2.244ms started=2.792ms ready=2.788ms sent=2.938ms finished=3.511ms
06-16 23:30:58.387   923   995 V WindowManagerShell: Track 2 became idle
06-16 23:30:58.387   923   995 V WindowManagerShell: All active transition animations finished
06-16 23:30:58.610   462   543 I netd    : tetherGetStats() -> {[]} <0.47ms>
06-16 23:30:58.624  1247  2086 I FontLog : Received query Noto Color Emoji Compat, URI content://com.google.android.gms.fonts [CONTEXT service_id=132 ]
06-16 23:30:58.624  1247  2086 I FontLog : Query [emojicompat-emoji-font] resolved to {Noto Color Emoji Compat, wdth 100.0, wght 400, ital 0.0, bestEffort false}, isVf false} [CONTEXT service_id=132 ]
06-16 23:30:58.625  1247  2086 I FontLog : Fetch {Noto Color Emoji Compat, wdth 100.0, wght 400, ital 0.0, bestEffort false}, isVf false} end status Status{statusCode=SUCCESS, resolution=null} [CONTEXT service_id=132 ]
06-16 23:30:58.625  1247  2086 I FontLog : Pulling font file for id = 17, cache size = 8 [CONTEXT service_id=132 ]
06-16 23:30:58.632  1247  2086 I FontLog : Pulling font file for id = 17, cache size = 8 [CONTEXT service_id=132 ]
06-16 23:30:58.725   462  3841 I resolv  :  SSL_connect returned 1 with mark 0xf0065
06-16 23:30:58.739   462  3841 I resolv  : res_tls_send: TLS query result: 0
06-16 23:30:58.739   462  3841 I resolv  : doQuery: rcode=0, ancount=1, return value=468
06-16 23:30:58.739   462  3842 I resolv  : res_tls_send: TLS query result: 0
06-16 23:30:58.739   462  3842 I resolv  : doQuery: rcode=0, ancount=1, return value=468
06-16 23:30:58.740   462  3876 I resolv  : res_tls_send: TLS query result: 0
06-16 23:30:58.740   462  3877 I resolv  : res_tls_send: TLS query result: 0
06-16 23:30:58.740   462  3877 I resolv  : doQuery: rcode=0, ancount=2, return value=468
06-16 23:30:58.740   462  3876 I resolv  : doQuery: rcode=0, ancount=2, return value=468
06-16 23:30:59.257   675   823 D WifiClientModeImpl[8870:wlan0]: updateLinkLayerStatsRssiSpeedFrequencyCapabilities rssi=-50 TxLinkspeed=1 freq=2447 RxLinkSpeed=2
06-16 23:30:59.258   675   823 D WifiDataStall: tx tput in kbps: 11000
06-16 23:30:59.258   675   823 D WifiDataStall: rx tput in kbps: 11000
06-16 23:30:59.258   675   823 V WifiConfigManager: Updating scan detail cache freq=2447 BSSID=00:13:10:85:fe:01 RSSI=-50 for "AndroidWifi"NONE
06-16 23:30:59.258   675   823 D WifiThroughputPredictor:  utilization (LLS) 80 isBluetoothConnected: false final utilization: 80
06-16 23:30:59.258   675   823 D WifiThroughputPredictor:  BW: 0 RSSI: -50 Nss: 1 Mode: 1 symDur: 4000 snrDb 30 bitPerTone: 4500 rate: 54 throughput: 11
06-16 23:30:59.258   675   823 D WifiThroughputPredictor:  utilization (LLS) 80 isBluetoothConnected: false final utilization: 80
06-16 23:30:59.258   675   823 D WifiThroughputPredictor:  BW: 0 RSSI: -50 Nss: 1 Mode: 1 symDur: 4000 snrDb 30 bitPerTone: 4500 rate: 54 throughput: 11
06-16 23:30:59.258   675   823 D WifiThroughputPredictor:  utilization (LLS) 80 isBluetoothConnected: false final utilization: 80
06-16 23:30:59.258   675   823 D WifiThroughputPredictor:  BW: 0 RSSI: -50 Nss: 1 Mode: 1 symDur: 4000 snrDb 30 bitPerTone: 4500 rate: 54 throughput: 11
06-16 23:30:59.258   675   823 D WifiThroughputPredictor:  utilization (LLS) 80 isBluetoothConnected: false final utilization: 80
06-16 23:30:59.258   675   823 D WifiThroughputPredictor:  BW: 0 RSSI: -50 Nss: 1 Mode: 1 symDur: 4000 snrDb 30 bitPerTone: 4500 rate: 54 throughput: 11
06-16 23:30:59.258   675   823 D WifiScoreCard: BSSID update SIGNAL_POLL ID: 1101133663 SSID: "AndroidWifi", BSSID: 00:13:10:85:fe:01, MAC: 02:15:b2:00:00:00, IP: /10.0.2.16, Security type: 0, Supplicant state: COMPLETED, Wi-Fi standard: legacy, RSSI: -50, Link speed: 1Mbps, Tx Link speed: 1Mbps, Max Supported Tx Link speed: 11Mbps, Rx Link speed: 2Mbps, Max Supported Rx Link speed: 11Mbps, Frequency: 2447MHz, Net ID: 0, Metered hint: false, score: 60, isUsable: true, CarrierMerged: false, SubscriptionId: -1, IsPrimary: 1, Trusted: true, Restricted: false, Ephemeral: false, OEM paid: false, OEM private: false, OSU AP: false, FQDN: <none>, Provider friendly name: <none>, Requesting package name: <none>"AndroidWifi"openMLO Information: , Is TID-To-Link negotiation supported by the AP: false, AP MLD Address: <none>, AP MLO Link Id: <none>, AP MLO Affiliated links: <none>, Vendor Data: <none>
06-16 23:30:59.258   675   823 D WifiScoreCard: txRate: 5 txSpeed: 1
06-16 23:30:59.258   675   823 D WifiScoreCard: network update SIGNAL_POLL "AndroidWifi" ID: 9264453 RSSI -50 txSpeed 1
06-16 23:30:59.258   675   823 D WifiClientModeImpl[8870:wlan0]:  ClientModeImpl$L2ConnectedState screen=on 1 0 "AndroidWifi" 00:13:10:85:fe:01 rssi=-50 f=2447 sc=60 link=1 tx=4.8, 0.0, 0.0 rx=3.8 bcn=0 [on:0 tx:0 rx:0 period:3002] from screen [on:0 period:-778568582] score=60
06-16 23:30:59.990  3818  3818 E chromium: [0616/233059.989920:ERROR:aw_component_update_service.cc(285)] No directory found for component cffplpkejcbdpfnfabnjikeicbedmifn
06-16 23:30:59.990  3818  3818 E chromium: [0616/233059.990210:ERROR:aw_component_update_service.cc(285)] No directory found for component llkgjffcdpffmhiakmfcdcblohccpfmo
06-16 23:31:00.017   462   543 I netd    : tetherGetStats() -> {[]} <0.31ms>
06-16 23:31:01.461   675  1630 E TaskPersister: File error accessing recents directory (directory doesn't exist?).
06-16 23:31:02.262   675   823 D WifiClientModeImpl[8870:wlan0]: updateLinkLayerStatsRssiSpeedFrequencyCapabilities rssi=-50 TxLinkspeed=1 freq=2447 RxLinkSpeed=2
06-16 23:31:02.263   675   823 D WifiDataStall: tx tput in kbps: 11000
06-16 23:31:02.263   675   823 D WifiDataStall: rx tput in kbps: 11000
06-16 23:31:02.263   675   823 V WifiConfigManager: Updating scan detail cache freq=2447 BSSID=00:13:10:85:fe:01 RSSI=-50 for "AndroidWifi"NONE
06-16 23:31:02.263   675   823 D WifiThroughputPredictor:  utilization (LLS) 80 isBluetoothConnected: false final utilization: 80
06-16 23:31:02.263   675   823 D WifiThroughputPredictor:  BW: 0 RSSI: -50 Nss: 1 Mode: 1 symDur: 4000 snrDb 30 bitPerTone: 4500 rate: 54 throughput: 11
06-16 23:31:02.263   675   823 D WifiThroughputPredictor:  utilization (LLS) 80 isBluetoothConnected: false final utilization: 80
06-16 23:31:02.263   675   823 D WifiThroughputPredictor:  BW: 0 RSSI: -50 Nss: 1 Mode: 1 symDur: 4000 snrDb 30 bitPerTone: 4500 rate: 54 throughput: 11
06-16 23:31:02.263   675   823 D WifiThroughputPredictor:  utilization (LLS) 80 isBluetoothConnected: false final utilization: 80
06-16 23:31:02.263   675   823 D WifiThroughputPredictor:  BW: 0 RSSI: -50 Nss: 1 Mode: 1 symDur: 4000 snrDb 30 bitPerTone: 4500 rate: 54 throughput: 11
06-16 23:31:02.263   675   823 D WifiThroughputPredictor:  utilization (LLS) 80 isBluetoothConnected: false final utilization: 80
06-16 23:31:02.263   675   823 D WifiThroughputPredictor:  BW: 0 RSSI: -50 Nss: 1 Mode: 1 symDur: 4000 snrDb 30 bitPerTone: 4500 rate: 54 throughput: 11
06-16 23:31:02.263   675   823 D WifiScoreCard: BSSID update SIGNAL_POLL ID: 1101133663 SSID: "AndroidWifi", BSSID: 00:13:10:85:fe:01, MAC: 02:15:b2:00:00:00, IP: /10.0.2.16, Security type: 0, Supplicant state: COMPLETED, Wi-Fi standard: legacy, RSSI: -50, Link speed: 1Mbps, Tx Link speed: 1Mbps, Max Supported Tx Link speed: 11Mbps, Rx Link speed: 2Mbps, Max Supported Rx Link speed: 11Mbps, Frequency: 2447MHz, Net ID: 0, Metered hint: false, score: 60, isUsable: true, CarrierMerged: false, SubscriptionId: -1, IsPrimary: 1, Trusted: true, Restricted: false, Ephemeral: false, OEM paid: false, OEM private: false, OSU AP: false, FQDN: <none>, Provider friendly name: <none>, Requesting package name: <none>"AndroidWifi"openMLO Information: , Is TID-To-Link negotiation supported by the AP: false, AP MLD Address: <none>, AP MLO Link Id: <none>, AP MLO Affiliated links: <none>, Vendor Data: <none>
06-16 23:31:02.263   675   823 D WifiScoreCard: txRate: 33 txSpeed: 1
06-16 23:31:02.263   675   823 D WifiScoreCard: network update SIGNAL_POLL "AndroidWifi" ID: 9264453 RSSI -50 txSpeed 1
06-16 23:31:02.263   675   823 D WifiClientModeImpl[8870:wlan0]:  ClientModeImpl$L2ConnectedState screen=on 1 0 "AndroidWifi" 00:13:10:85:fe:01 rssi=-50 f=2447 sc=60 link=1 tx=32.0, 0.0, 0.0 rx=47.9 bcn=0 [on:0 tx:0 rx:0 period:3005] from screen [on:0 period:-778565577] score=60
06-16 23:31:02.285   910   910 D wpa_supplicant: nl80211: Drv Event 64 (NL80211_CMD_NOTIFY_CQM) received for wlan0
06-16 23:31:02.285   910   910 D wpa_supplicant: nl80211: Beacon loss event
06-16 23:31:02.285   910   910 D wpa_supplicant: wlan0: Event BEACON_LOSS (53) received
06-16 23:31:02.286   910   910 I wpa_supplicant: wlan0: CTRL-EVENT-BEACON-LOSS
06-16 23:31:04.056  3746  3889 D ProfileInstaller: Installing profile for com.arunprakash.brain
06-16 23:31:05.008   675   829 D InetDiagMessage: Destroyed 0 sockets, proto=IPPROTO_TCP, family=AF_INET, states=14
06-16 23:31:05.008   675   829 D InetDiagMessage: Destroyed 1 sockets, proto=IPPROTO_TCP, family=AF_INET6, states=14
06-16 23:31:05.008   675   829 D InetDiagMessage: Destroyed live tcp sockets for uids={10168} in 1ms
06-16 23:31:05.009   675   829 D InetDiagMessage: Destroyed 0 sockets, proto=IPPROTO_TCP, family=AF_INET, states=14
06-16 23:31:05.009   675   829 D InetDiagMessage: Destroyed 0 sockets, proto=IPPROTO_TCP, family=AF_INET6, states=14
06-16 23:31:05.009   675   829 D InetDiagMessage: Destroyed live tcp sockets for uids={20168} in 0ms
06-16 23:31:05.269   675   823 D WifiClientModeImpl[8870:wlan0]: updateLinkLayerStatsRssiSpeedFrequencyCapabilities rssi=-50 TxLinkspeed=2 freq=2447 RxLinkSpeed=2
06-16 23:31:05.269   675   823 D WifiDataStall: tx tput in kbps: 11000
06-16 23:31:05.269   675   823 D WifiDataStall: rx tput in kbps: 11000
06-16 23:31:05.269   675   823 V WifiConfigManager: Updating scan detail cache freq=2447 BSSID=00:13:10:85:fe:01 RSSI=-50 for "AndroidWifi"NONE
06-16 23:31:05.269   675   823 D WifiThroughputPredictor:  utilization (LLS) 80 isBluetoothConnected: false final utilization: 80
06-16 23:31:05.269   675   823 D WifiThroughputPredictor:  BW: 0 RSSI: -50 Nss: 1 Mode: 1 symDur: 4000 snrDb 30 bitPerTone: 4500 rate: 54 throughput: 11
06-16 23:31:05.269   675   823 D WifiThroughputPredictor:  utilization (LLS) 80 isBluetoothConnected: false final utilization: 80
06-16 23:31:05.269   675   823 D WifiThroughputPredictor:  BW: 0 RSSI: -50 Nss: 1 Mode: 1 symDur: 4000 snrDb 30 bitPerTone: 4500 rate: 54 throughput: 11
06-16 23:31:05.269   675   823 D WifiThroughputPredictor:  utilization (LLS) 80 isBluetoothConnected: false final utilization: 80
06-16 23:31:05.269   675   823 D WifiThroughputPredictor:  BW: 0 RSSI: -50 Nss: 1 Mode: 1 symDur: 4000 snrDb 30 bitPerTone: 4500 rate: 54 throughput: 11
06-16 23:31:05.269   675   823 D WifiThroughputPredictor:  utilization (LLS) 80 isBluetoothConnected: false final utilization: 80
06-16 23:31:05.269   675   823 D WifiThroughputPredictor:  BW: 0 RSSI: -50 Nss: 1 Mode: 1 symDur: 4000 snrDb 30 bitPerTone: 4500 rate: 54 throughput: 11
06-16 23:31:05.269   675   823 D WifiScoreCard: BSSID update SIGNAL_POLL ID: 1101133663 SSID: "AndroidWifi", BSSID: 00:13:10:85:fe:01, MAC: 02:15:b2:00:00:00, IP: /10.0.2.16, Security type: 0, Supplicant state: COMPLETED, Wi-Fi standard: legacy, RSSI: -50, Link speed: 2Mbps, Tx Link speed: 2Mbps, Max Supported Tx Link speed: 11Mbps, Rx Link speed: 2Mbps, Max Supported Rx Link speed: 11Mbps, Frequency: 2447MHz, Net ID: 0, Metered hint: false, score: 60, isUsable: true, CarrierMerged: false, SubscriptionId: -1, IsPrimary: 1, Trusted: true, Restricted: false, Ephemeral: false, OEM paid: false, OEM private: false, OSU AP: false, FQDN: <none>, Provider friendly name: <none>, Requesting package name: <none>"AndroidWifi"openMLO Information: , Is TID-To-Link negotiation supported by the AP: false, AP MLD Address: <none>, AP MLO Link Id: <none>, AP MLO Affiliated links: <none>, Vendor Data: <none>
06-16 23:31:05.269   675   823 D WifiScoreCard: txRate: 18 txSpeed: 2
06-16 23:31:05.269   675   823 D WifiScoreCard: network update SIGNAL_POLL "AndroidWifi" ID: 9264453 RSSI -50 txSpeed 2
06-16 23:31:05.269   675   823 D WifiClientModeImpl[8870:wlan0]:  ClientModeImpl$L2ConnectedState screen=on 1 0 "AndroidWifi" 00:13:10:85:fe:01 rssi=-50 f=2447 sc=60 link=2 tx=17.0, 0.0, 0.0 rx=25.3 bcn=0 [on:0 tx:0 rx:0 period:3006] from screen [on:0 period:-778562571] score=60
06-16 23:31:07.233   675   721 I WifiService: isFeatureSupported uid=1000 returns [WIFI_FEATURE_INFRA, WIFI_FEATURE_P2P, WIFI_FEATURE_MOBILE_HOTSPOT, WIFI_FEATURE_WPA3_SAE, WIFI_FEATURE_WPA3_SUITE_B, WIFI_FEATURE_OWE, WIFI_FEATURE_DPP, WIFI_FEATURE_AP_RAND_MAC, WIFI_FEATURE_MBO, WIFI_FEATURE_FILS_SHA256, WIFI_FEATURE_FILS_SHA384, WIFI_FEATURE_SAE_PK, WIFI_FEATURE_DPP_ENROLLEE_RESPONDER, WIFI_FEATURE_PASSPOINT_TERMS_AND_CONDITIONS, WIFI_FEATURE_WFD_R2, WIFI_FEATURE_DECORATED_IDENTITY, WIFI_FEATURE_TRUST_ON_FIRST_USE, WIFI_FEATURE_SET_TLS_MINIMUM_VERSION, WIFI_FEATURE_TLS_V1_3, WIFI_FEATURE_WEP, WIFI_FEATURE_WPA_PERSONAL]
06-16 23:31:07.815  1048  1272 D SatelliteController: iisInCarrierRoamingNbIotNtn: satellite is disabled
06-16 23:31:08.276   675   823 D WifiClientModeImpl[8870:wlan0]: updateLinkLayerStatsRssiSpeedFrequencyCapabilities rssi=-50 TxLinkspeed=1 freq=2447 RxLinkSpeed=2
06-16 23:31:08.276   675   823 D WifiDataStall: tx tput in kbps: 11000
06-16 23:31:08.276   675   823 D WifiDataStall: rx tput in kbps: 11000
06-16 23:31:08.276   675   823 V WifiConfigManager: Updating scan detail cache freq=2447 BSSID=00:13:10:85:fe:01 RSSI=-50 for "AndroidWifi"NONE
06-16 23:31:08.276   675   823 D WifiThroughputPredictor:  utilization (LLS) 80 isBluetoothConnected: false final utilization: 80
06-16 23:31:08.276   675   823 D WifiThroughputPredictor:  BW: 0 RSSI: -50 Nss: 1 Mode: 1 symDur: 4000 snrDb 30 bitPerTone: 4500 rate: 54 throughput: 11
06-16 23:31:08.276   675   823 D WifiThroughputPredictor:  utilization (LLS) 80 isBluetoothConnected: false final utilization: 80
06-16 23:31:08.276   675   823 D WifiThroughputPredictor:  BW: 0 RSSI: -50 Nss: 1 Mode: 1 symDur: 4000 snrDb 30 bitPerTone: 4500 rate: 54 throughput: 11
06-16 23:31:08.276   675   823 D WifiThroughputPredictor:  utilization (LLS) 80 isBluetoothConnected: false final utilization: 80
06-16 23:31:08.277   675   823 D WifiThroughputPredictor:  BW: 0 RSSI: -50 Nss: 1 Mode: 1 symDur: 4000 snrDb 30 bitPerTone: 4500 rate: 54 throughput: 11
06-16 23:31:08.277   675   823 D WifiThroughputPredictor:  utilization (LLS) 80 isBluetoothConnected: false final utilization: 80
06-16 23:31:08.277   675   823 D WifiThroughputPredictor:  BW: 0 RSSI: -50 Nss: 1 Mode: 1 symDur: 4000 snrDb 30 bitPerTone: 4500 rate: 54 throughput: 11
06-16 23:31:08.277   675   823 D WifiScoreCard: BSSID update SIGNAL_POLL ID: 1101133663 SSID: "AndroidWifi", BSSID: 00:13:10:85:fe:01, MAC: 02:15:b2:00:00:00, IP: /10.0.2.16, Security type: 0, Supplicant state: COMPLETED, Wi-Fi standard: legacy, RSSI: -50, Link speed: 1Mbps, Tx Link speed: 1Mbps, Max Supported Tx Link speed: 11Mbps, Rx Link speed: 2Mbps, Max Supported Rx Link speed: 11Mbps, Frequency: 2447MHz, Net ID: 0, Metered hint: false, score: 60, isUsable: true, CarrierMerged: false, SubscriptionId: -1, IsPrimary: 1, Trusted: true, Restricted: false, Ephemeral: false, OEM paid: false, OEM private: false, OSU AP: false, FQDN: <none>, Provider friendly name: <none>, Requesting package name: <none>"AndroidWifi"openMLO Information: , Is TID-To-Link negotiation supported by the AP: false, AP MLD Address: <none>, AP MLO Link Id: <none>, AP MLO Affiliated links: <none>, Vendor Data: <none>
06-16 23:31:08.277   675   823 D WifiScoreCard: txRate: 8 txSpeed: 1
06-16 23:31:08.277   675   823 D WifiScoreCard: network update SIGNAL_POLL "AndroidWifi" ID: 9264453 RSSI -50 txSpeed 1
06-16 23:31:08.277   675   823 D WifiClientModeImpl[8870:wlan0]:  ClientModeImpl$L2ConnectedState screen=on 1 0 "AndroidWifi" 00:13:10:85:fe:01 rssi=-50 f=2447 sc=60 link=1 tx=7.3, 0.0, 0.0 rx=10.3 bcn=0 [on:0 tx:0 rx:0 period:3007] from screen [on:0 period:-778559563] score=60
06-16 23:31:08.739   462  3880 I resolv  : SSL remote close or read error.
06-16 23:31:08.739   462  3880 I resolv  : Disconnecting {fec0::3/}, mark 0xf0065
06-16 23:31:10.001   675   776 D ActivityManager: freezing 3818 com.google.android.webview:webview_apk
06-16 23:31:10.002   675   776 D ActivityManager: freezing 3768 com.google.android.webview:webview_service
06-16 23:31:10.018   675   829 D InetDiagMessage: Destroyed 0 sockets, proto=IPPROTO_TCP, family=AF_INET, states=14
06-16 23:31:10.019   675   829 D InetDiagMessage: Destroyed 0 sockets, proto=IPPROTO_TCP, family=AF_INET6, states=14
06-16 23:31:10.019   675   829 D InetDiagMessage: Destroyed live tcp sockets for uids={10168} in 0ms
06-16 23:31:10.481   910   910 D wpa_supplicant: nl80211: Drv Event 64 (NL80211_CMD_NOTIFY_CQM) received for wlan0
06-16 23:31:10.481   910   910 D wpa_supplicant: nl80211: Beacon loss event
06-16 23:31:10.481   910   910 D wpa_supplicant: wlan0: Event BEACON_LOSS (53) received
06-16 23:31:10.481   910   910 I wpa_supplicant: wlan0: CTRL-EVENT-BEACON-LOSS
06-16 23:31:11.284   675   823 D WifiClientModeImpl[8870:wlan0]: updateLinkLayerStatsRssiSpeedFrequencyCapabilities rssi=-50 TxLinkspeed=1 freq=2447 RxLinkSpeed=2
06-16 23:31:11.284   675   823 D WifiDataStall: tx tput in kbps: 11000
06-16 23:31:11.284   675   823 D WifiDataStall: rx tput in kbps: 11000
06-16 23:31:11.284   675   823 V WifiConfigManager: Updating scan detail cache freq=2447 BSSID=00:13:10:85:fe:01 RSSI=-50 for "AndroidWifi"NONE
06-16 23:31:11.284   675   823 D WifiThroughputPredictor:  utilization (LLS) 80 isBluetoothConnected: false final utilization: 80
06-16 23:31:11.284   675   823 D WifiThroughputPredictor:  BW: 0 RSSI: -50 Nss: 1 Mode: 1 symDur: 4000 snrDb 30 bitPerTone: 4500 rate: 54 throughput: 11
06-16 23:31:11.284   675   823 D WifiThroughputPredictor:  utilization (LLS) 80 isBluetoothConnected: false final utilization: 80
06-16 23:31:11.284   675   823 D WifiThroughputPredictor:  BW: 0 RSSI: -50 Nss: 1 Mode: 1 symDur: 4000 snrDb 30 bitPerTone: 4500 rate: 54 throughput: 11
06-16 23:31:11.284   675   823 D WifiThroughputPredictor:  utilization (LLS) 80 isBluetoothConnected: false final utilization: 80
06-16 23:31:11.284   675   823 D WifiThroughputPredictor:  BW: 0 RSSI: -50 Nss: 1 Mode: 1 symDur: 4000 snrDb 30 bitPerTone: 4500 rate: 54 throughput: 11
06-16 23:31:11.284   675   823 D WifiThroughputPredictor:  utilization (LLS) 80 isBluetoothConnected: false final utilization: 80
06-16 23:31:11.284   675   823 D WifiThroughputPredictor:  BW: 0 RSSI: -50 Nss: 1 Mode: 1 symDur: 4000 snrDb 30 bitPerTone: 4500 rate: 54 throughput: 11
06-16 23:31:11.285   675   823 D WifiScoreCard: BSSID update SIGNAL_POLL ID: 1101133663 SSID: "AndroidWifi", BSSID: 00:13:10:85:fe:01, MAC: 02:15:b2:00:00:00, IP: /10.0.2.16, Security type: 0, Supplicant state: COMPLETED, Wi-Fi standard: legacy, RSSI: -50, Link speed: 1Mbps, Tx Link speed: 1Mbps, Max Supported Tx Link speed: 11Mbps, Rx Link speed: 2Mbps, Max Supported Rx Link speed: 11Mbps, Frequency: 2447MHz, Net ID: 0, Metered hint: false, score: 60, isUsable: true, CarrierMerged: false, SubscriptionId: -1, IsPrimary: 1, Trusted: true, Restricted: false, Ephemeral: false, OEM paid: false, OEM private: false, OSU AP: false, FQDN: <none>, Provider friendly name: <none>, Requesting package name: <none>"AndroidWifi"openMLO Information: , Is TID-To-Link negotiation supported by the AP: false, AP MLD Address: <none>, AP MLO Link Id: <none>, AP MLO Affiliated links: <none>, Vendor Data: <none>
06-16 23:31:11.285   675   823 D WifiScoreCard: txRate: 4 txSpeed: 1
06-16 23:31:11.285   675   823 D WifiScoreCard: network update SIGNAL_POLL "AndroidWifi" ID: 9264453 RSSI -50 txSpeed 1
06-16 23:31:11.285   675   823 D WifiClientModeImpl[8870:wlan0]:  ClientModeImpl$L2ConnectedState screen=on 1 0 "AndroidWifi" 00:13:10:85:fe:01 rssi=-50 f=2447 sc=60 link=1 tx=3.5, 0.0, 0.0 rx=4.6 bcn=0 [on:0 tx:0 rx:0 period:3008] from screen [on:0 period:-778556555] score=60
06-16 23:31:13.287   675   992 W ProcessStats: Tracking association SourceState{da360da com.arunprakash.brain/10213 BTop #2112} whose proc state 2 is better than process ProcessState{d43173d com.google.android.gms/10144 pkg=com.google.android.gms} proc state 14 (11 skipped)
06-16 23:31:13.288  1535  1535 D BoundBrokerSvc: onUnbind: Intent { act=com.google.android.gms.safetynet.service.START xflg=0x4 pkg=com.google.android.gms }
06-16 23:31:13.304  1535  1535 D BoundBrokerSvc: onUnbind: Intent { act=com.google.android.gms.safebrowsing.SafeBrowsingService.START dat=chimera-action:/... xflg=0x4 cmp=com.google.android.gms/.chimera.GmsBoundBrokerService }
06-16 23:31:13.330   462   543 I netd    : tetherGetStats() -> {[]} <0.64ms>
06-16 23:31:14.288   675   823 D WifiClientModeImpl[8870:wlan0]: updateLinkLayerStatsRssiSpeedFrequencyCapabilities rssi=-50 TxLinkspeed=1 freq=2447 RxLinkSpeed=2
06-16 23:31:14.289   675   823 D WifiDataStall: tx tput in kbps: 11000
06-16 23:31:14.289   675   823 D WifiDataStall: rx tput in kbps: 11000
06-16 23:31:14.289   675   823 V WifiConfigManager: Updating scan detail cache freq=2447 BSSID=00:13:10:85:fe:01 RSSI=-50 for "AndroidWifi"NONE
06-16 23:31:14.289   675   823 D WifiThroughputPredictor:  utilization (LLS) 80 isBluetoothConnected: false final utilization: 80
06-16 23:31:14.289   675   823 D WifiThroughputPredictor:  BW: 0 RSSI: -50 Nss: 1 Mode: 1 symDur: 4000 snrDb 30 bitPerTone: 4500 rate: 54 throughput: 11
06-16 23:31:14.289   675   823 D WifiThroughputPredictor:  utilization (LLS) 80 isBluetoothConnected: false final utilization: 80
06-16 23:31:14.289   675   823 D WifiThroughputPredictor:  BW: 0 RSSI: -50 Nss: 1 Mode: 1 symDur: 4000 snrDb 30 bitPerTone: 4500 rate: 54 throughput: 11
06-16 23:31:14.289   675   823 D WifiThroughputPredictor:  utilization (LLS) 80 isBluetoothConnected: false final utilization: 80
06-16 23:31:14.289   675   823 D WifiThroughputPredictor:  BW: 0 RSSI: -50 Nss: 1 Mode: 1 symDur: 4000 snrDb 30 bitPerTone: 4500 rate: 54 throughput: 11
06-16 23:31:14.289   675   823 D WifiThroughputPredictor:  utilization (LLS) 80 isBluetoothConnected: false final utilization: 80
06-16 23:31:14.289   675   823 D WifiThroughputPredictor:  BW: 0 RSSI: -50 Nss: 1 Mode: 1 symDur: 4000 snrDb 30 bitPerTone: 4500 rate: 54 throughput: 11
06-16 23:31:14.289   675   823 D WifiScoreCard: BSSID update SIGNAL_POLL ID: 1101133663 SSID: "AndroidWifi", BSSID: 00:13:10:85:fe:01, MAC: 02:15:b2:00:00:00, IP: /10.0.2.16, Security type: 0, Supplicant state: COMPLETED, Wi-Fi standard: legacy, RSSI: -50, Link speed: 1Mbps, Tx Link speed: 1Mbps, Max Supported Tx Link speed: 11Mbps, Rx Link speed: 2Mbps, Max Supported Rx Link speed: 11Mbps, Frequency: 2447MHz, Net ID: 0, Metered hint: false, score: 60, isUsable: true, CarrierMerged: false, SubscriptionId: -1, IsPrimary: 1, Trusted: true, Restricted: false, Ephemeral: false, OEM paid: false, OEM private: false, OSU AP: false, FQDN: <none>, Provider friendly name: <none>, Requesting package name: <none>"AndroidWifi"openMLO Information: , Is TID-To-Link negotiation supported by the AP: false, AP MLD Address: <none>, AP MLO Link Id: <none>, AP MLO Affiliated links: <none>, Vendor Data: <none>
06-16 23:31:14.289   675   823 D WifiScoreCard: txRate: 2 txSpeed: 1
06-16 23:31:14.289   675   823 D WifiScoreCard: network update SIGNAL_POLL "AndroidWifi" ID: 9264453 RSSI -50 txSpeed -1
06-16 23:31:14.290   675   823 D WifiClientModeImpl[8870:wlan0]:  ClientModeImpl$L2ConnectedState screen=on 1 0 "AndroidWifi" 00:13:10:85:fe:01 rssi=-50 f=2447 sc=60 link=1 tx=1.2, 0.0, 0.0 rx=1.7 bcn=0 [on:0 tx:0 rx:0 period:3005] from screen [on:0 period:-778553550] score=60
06-16 23:31:16.325  3893  3893 W screencap: Thread Pool max thread count is 0. Cannot cache binder as linkToDeath cannot be implemented. serviceName: SurfaceFlingerAIDL
06-16 23:31:16.325  3893  3893 W BpBinder: Linking to death on android.gui.ISurfaceComposer but there are no threads (yet?) listening to incoming transactions. See ProcessState::startThreadPool and ProcessState::setThreadPoolMaxThreadCount. Generally you should setup the binder threadpool before other initialization steps.
06-16 23:31:16.325  3893  3893 W ProcessState: Extra binder thread started, but 0 threads requested. Do not use *startThreadPool when zero threads are requested.
06-16 23:31:16.328   517  1103 E HwcComposer: getLuts failed Status(-8, EX_SERVICE_SPECIFIC): '8: '
06-16 23:31:16.328   517  1103 E HWComposer: getLuts: getLuts failed for display 4619827259835644672: UNSUPPORTED (8)
06-16 23:31:16.339   221   221 I servicemanager: Caller(pid=3893,uid=2000,sid=u:r:shell:s0) Found android.hardware.graphics.allocator.IAllocator/default in device VINTF manifest.
06-16 23:31:16.340   221   221 I servicemanager: Caller(pid=3893,uid=2000,sid=u:r:shell:s0) Found android.hardware.graphics.allocator.IAllocator/default in device VINTF manifest.
06-16 23:31:16.340   221   221 I servicemanager: Caller(pid=3893,uid=2000,sid=u:r:shell:s0) Found mapper/ranchu in device VINTF manifest.
06-16 23:31:16.460  3895  3895 D AndroidRuntime: >>>>>> START com.android.internal.os.RuntimeInit uid 2000 <<<<<<
06-16 23:31:16.464  3895  3895 I AndroidRuntime: Using default boot image
06-16 23:31:16.464  3895  3895 I AndroidRuntime: Leaving lock profiling enabled
06-16 23:31:16.466  3895  3895 I app_process: Core platform API reporting enabled, enforcing=false
06-16 23:31:16.466  3895  3895 I app_process: Using CollectorTypeCMC GC.
06-16 23:31:16.516  3895  3895 D nativeloader: InitDefaultPublicLibraries for_preload=1: libandroid.so:libaaudio.so:libamidi.so:libbinder_ndk.so:libc.so:libcamera2ndk.so:libdl.so:libEGL.so:libGLESv1_CM.so:libGLESv2.so:libGLESv3.so:libicu.so:libicui18n.so:libicuuc.so:libjnigraphics.so:liblog.so:libmediandk.so:libm.so:libnativehelper.so:libnativewindow.so:libOpenMAXAL.so:libOpenSLES.so:libRS.so:libstdc++.so:libsync.so:libvulkan.so:libwebviewchromium_plat_support.so:libz.so
06-16 23:31:16.519  3895  3895 D nativeloader: Load libicu_jni.so using APEX ns com_android_art for caller /apex/com.android.art/javalib/core-oj.jar: ok
06-16 23:31:16.519  3895  3895 D app_process: u_setTimeZoneFilesDirectory("/apex/com.android.tzdata/etc/tz/versioned/9/icu") succeeded.
06-16 23:31:16.519  3895  3895 D app_process: I18n APEX ICU file found: /apex/com.android.i18n/etc/icu/icudt76l.dat
06-16 23:31:16.520  3895  3895 D nativeloader: Load libjavacore.so using APEX ns com_android_art for caller /apex/com.android.art/javalib/core-oj.jar: ok
06-16 23:31:16.520  3895  3895 D nativeloader: Load libopenjdk.so using APEX ns com_android_art for caller /apex/com.android.art/javalib/core-oj.jar: ok
06-16 23:31:16.522  3895  3895 W app_process: ClassLoaderContext shared library size mismatch. Expected=2, found=0 (PCL[]{PCL[/system/framework/android.test.base.jar*2789897741]#PCL[/system/framework/android.test.mock.jar*3361312393]} | PCL[])
06-16 23:31:16.522  3895  3895 W app_process: ClassLoaderContext classpath size mismatch. expected=0, found=1 (PCL[]{PCL[/system/framework/android.test.runner.jar*895143020]#PCL[/system/framework/android.test.base.jar*2789897741]} | PCL[/system/framework/android.test.runner.jar*895143020])
06-16 23:31:16.531  3895  3895 D nativeloader: Load libframework-connectivity-tiramisu-jni.so using APEX ns com_android_tethering for caller /apex/com.android.tethering/javalib/framework-connectivity-t.jar: ok
06-16 23:31:16.531  3895  3895 D AndroidRuntime: Calling main entry com.android.commands.uiautomator.Launcher
06-16 23:31:16.532  3895  3895 I AconfigPackage: android.media.swcodec.flags is mapped to com.android.media.swcodec
06-16 23:31:16.533  3895  3895 I AconfigPackage: com.google.android.settings.simplemode.flags is mapped to system_ext
06-16 23:31:16.533  3895  3895 I AconfigPackage: com.google.android.systemui is mapped to system_ext
06-16 23:31:16.533  3895  3895 I AconfigPackage: com.google.android.apps.nexuslauncher is mapped to system_ext
06-16 23:31:16.533  3895  3895 I AconfigPackage: com.android.settings.accessibility is mapped to system_ext
06-16 23:31:16.533  3895  3895 I AconfigPackage: com.android.settings.flags is mapped to system_ext
06-16 23:31:16.533  3895  3895 I AconfigPackage: com.google.android.apps.miphone.aiai.matchmaker.overview.ui is mapped to system_ext
06-16 23:31:16.533  3895  3895 I AconfigPackage: com.google.android.settings.flags is mapped to system_ext
06-16 23:31:16.533  3895  3895 I AconfigPackage: com.android.launcher3 is mapped to system_ext
06-16 23:31:16.533  3895  3895 I AconfigPackage: com.android.wallpaper is mapped to system_ext
06-16 23:31:16.533  3895  3895 I AconfigPackage: com.android.settings.media_drm is mapped to system_ext
06-16 23:31:16.533  3895  3895 I AconfigPackage: com.android.systemui.accessibility.accessibilitymenu is mapped to system_ext
06-16 23:31:16.533  3895  3895 I AconfigPackage: com.android.settings.keyboard is mapped to system_ext
06-16 23:31:16.533  3895  3895 I AconfigPackage: com.android.server.policy.feature.flags is mapped to system_ext
06-16 23:31:16.533  3895  3895 I AconfigPackage: com.android.settings.factory_reset is mapped to system_ext
06-16 23:31:16.533  3895  3895 I AconfigPackage: com.google.android.haptics.flags is mapped to system_ext
06-16 23:31:16.533  3895  3895 I AconfigPackage: com.android.permission.flags is mapped to com.android.permission
06-16 23:31:16.533  3895  3895 I AconfigPackage: com.android.icu is mapped to com.android.i18n
06-16 23:31:16.533  3895  3895 I AconfigPackage: com.android.appsearch.flags is mapped to com.android.appsearch
06-16 23:31:16.533  3895  3895 I AconfigPackage: android.uprobestats.mainline.flags is mapped to com.android.uprobestats
06-16 23:31:16.533  3895  3895 I AconfigPackage: android.provider.flags is mapped to com.android.configinfrastructure
06-16 23:31:16.533  3895  3895 I AconfigPackage: com.android.server.deviceconfig is mapped to com.android.configinfrastructure
06-16 23:31:16.533  3895  3895 I AconfigPackage: com.android.nfc.flags is mapped to system
06-16 23:31:16.533  3895  3895 I AconfigPackage: android.app.admin.flags is mapped to system
06-16 23:31:16.533  3895  3895 I AconfigPackage: android.database.sqlite is mapped to system
06-16 23:31:16.533  3895  3895 I AconfigPackage: com.android.providers.calendar is mapped to system
06-16 23:31:16.533  3895  3895 I AconfigPackage: com.android.server.power.feature.flags is mapped to system
06-16 23:31:16.533  3895  3895 I AconfigPackage: com.android.media.performance.flags is mapped to system
06-16 23:31:16.533  3895  3895 I AconfigPackage: android.app.contextualsearch.flags is mapped to system
06-16 23:31:16.533  3895  3895 I AconfigPackage: android.app.ondeviceintelligence.flags is mapped to system
06-16 23:31:16.533  3895  3895 I AconfigPackage: com.android.media.projection.flags is mapped to system
06-16 23:31:16.533  3895  3895 I AconfigPackage: android.companion is mapped to system
06-16 23:31:16.533  3895  3895 I AconfigPackage: android.service.controls.flags is mapped to system
06-16 23:31:16.533  3895  3895 I AconfigPackage: com.android.text.flags is mapped to system
06-16 23:31:16.533  3895  3895 I AconfigPackage: com.android.providers.contactkeys.flags is mapped to system
06-16 23:31:16.533  3895  3895 I AconfigPackage: com.android.intentresolver is mapped to system
06-16 23:31:16.533  3895  3895 I AconfigPackage: android.companion.virtualdevice.flags is mapped to system
06-16 23:31:16.533  3895  3895 I AconfigPackage: android.uprobestats.flags is mapped to system
06-16 23:31:16.533  3895  3895 I AconfigPackage: com.android.net.thread.platform.flags is mapped to system
06-16 23:31:16.533  3895  3895 I AconfigPackage: android.view.contentprotection.flags is mapped to system
06-16 23:31:16.533  3895  3895 I AconfigPackage: com.android.server.dreams is mapped to system
06-16 23:31:16.533  3895  3895 I AconfigPackage: com.android.graphics.surfaceflinger.flags is mapped to system
06-16 23:31:16.533  3895  3895 I AconfigPackage: com.android.hardware.input is mapped to system
06-16 23:31:16.533  3895  3895 I AconfigPackage: android.sdk is mapped to system
06-16 23:31:16.533  3895  3895 I AconfigPackage: com.android.input.flags is mapped to system
06-16 23:31:16.533  3895  3895 I AconfigPackage: android.tracing is mapped to system
06-16 23:31:16.533  3895  3895 I AconfigPackage: com.android.server.biometrics is mapped to system
06-16 23:31:16.533  3895  3895 I AconfigPackage: android.view.contentcapture.flags is mapped to system
06-16 23:31:16.533  3895  3895 I AconfigPackage: android.app.job is mapped to system
06-16 23:31:16.533  3895  3895 I AconfigPackage: android.content.res is mapped to system
06-16 23:31:16.533  3895  3895 I AconfigPackage: android.net.platform.flags is mapped to system
06-16 23:31:16.533  3895  3895 I AconfigPackage: com.android.aconfig.flags is mapped to system
06-16 23:31:16.533  3895  3895 I AconfigPackage: com.android.graphics.flags is mapped to system
06-16 23:31:16.533  3895  3895 I AconfigPackage: android.server.app is mapped to system
06-16 23:31:16.533  3895  3895 I AconfigPackage: android.speech.flags is mapped to system
06-16 23:31:16.533  3895  3895 I AconfigPackage: com.android.server.stats is mapped to system
06-16 23:31:16.533  3895  3895 I AconfigPackage: android.hardware.biometrics is mapped to system
06-16 23:31:16.533  3895  3895 I AconfigPackage: android.car.feature is mapped to system
06-16 23:31:16.533  3895  3895 I AconfigPackage: android.adpf is mapped to system
06-16 23:31:16.533  3895  3895 I AconfigPackage: android.location.flags is mapped to system
06-16 23:31:16.533  3895  3895 I AconfigPackage: com.android.settingslib.flags is mapped to system
06-16 23:31:16.533  3895  3895 I AconfigPackage: com.android.managedprovisioning.flags is mapped to system
06-16 23:31:16.533  3895  3895 I AconfigPackage: android.app.assist.flags is mapped to system
06-16 23:31:16.533  3895  3895 I AconfigPackage: com.android.server.net is mapped to system
06-16 23:31:16.533  3895  3895 I AconfigPackage: com.android.settingslib.widget.flags is mapped to system
06-16 23:31:16.533  3895  3895 I AconfigPackage: com.android.internal.camera.flags is mapped to system
06-16 23:31:16.533  3895  3895 I AconfigPackage: com.android.hardware.libsensor.flags is mapped to system
06-16 23:31:16.533  3895  3895 I AconfigPackage: com.android.internal.jank is mapped to system
06-16 23:31:16.533  3895  3895 I AconfigPackage: com.android.providers.settings is mapped to system
06-16 23:31:16.533  3895  3895 I AconfigPackage: android.multiuser is mapped to system
06-16 23:31:16.533  3895  3895 I AconfigPackage: com.android.server.power.optimization is mapped to system
06-16 23:31:16.533  3895  3895 I AconfigPackage: com.android.calllogbackup is mapped to system
06-16 23:31:16.533  3895  3895 I AconfigPackage: com.android.media.flags is mapped to system
06-16 23:31:16.533  3895  3895 I AconfigPackage: com.android.server.flags is mapped to system
06-16 23:31:16.533  3895  3895 I AconfigPackage: com.android.graphics.libvulkan.flags is mapped to system
06-16 23:31:16.533  3895  3895 I AconfigPackage: android.app.appfunctions.flags is mapped to system
06-16 23:31:16.533  3895  3895 I AconfigPackage: android.app.smartspace.flags is mapped to system
06-16 23:31:16.533  3895  3895 I AconfigPackage: com.android.providers.contacts.flags is mapped to system
06-16 23:31:16.533  3895  3895 I AconfigPackage: com.android.shell.flags is mapped to system
06-16 23:31:16.533  3895  3895 I AconfigPackage: com.android.media.aaudio is mapped to system
06-16 23:31:16.533  3895  3895 I AconfigPackage: android.hardware.radio is mapped to system
06-16 23:31:16.533  3895  3895 I AconfigPackage: com.google.wear.services.infra.flags is mapped to system
06-16 23:31:16.533  3895  3895 I AconfigPackage: suspend_service.flags is mapped to system
06-16 23:31:16.533  3895  3895 I AconfigPackage: android.media.midi is mapped to system
06-16 23:31:16.533  3895  3895 I AconfigPackage: com.android.libcore.readonly is mapped to system
06-16 23:31:16.533  3895  3895 I AconfigPackage: com.android.settingslib.widget.selectorwithwidgetpreference.flags is mapped to system
06-16 23:31:16.533  3895  3895 I AconfigPackage: android.service.notification is mapped to system
06-16 23:31:16.533  3895  3895 I AconfigPackage: com.android.systemui.shared is mapped to system
06-16 23:31:16.533  3895  3895 I AconfigPackage: android.app.jank is mapped to system
06-16 23:31:16.533  3895  3895 I AconfigPackage: android.app.wearable is mapped to system
06-16 23:31:16.533  3895  3895 I AconfigPackage: com.android.media.audio is mapped to system
06-16 23:31:16.533  3895  3895 I AconfigPackage: android.service.chooser is mapped to system
06-16 23:31:16.533  3895  3895 I AconfigPackage: com.android.server.compat is mapped to system
06-16 23:31:16.533  3895  3895 I AconfigPackage: com.android.server.alarm is mapped to system
06-16 23:31:16.533  3895  3895 I AconfigPackage: com.android.apex.flags is mapped to system
06-16 23:31:16.533  3895  3895 I AconfigPackage: android.service.quickaccesswallet is mapped to system
06-16 23:31:16.533  3895  3895 I AconfigPackage: android.app.usage is mapped to system
06-16 23:31:16.533  3895  3895 I AconfigPackage: com.android.server.accessibility is mapped to system
06-16 23:31:16.533  3895  3895 I AconfigPackage: android.app.supervision.flags is mapped to system
06-16 23:31:16.533  3895  3895 I AconfigPackage: com.android.server.utils is mapped to system
06-16 23:31:16.533  3895  3895 I AconfigPackage: android.chre.flags is mapped to system
06-16 23:31:16.533  3895  3895 I AconfigPackage: android.content.flags is mapped to system
06-16 23:31:16.533  3895  3895 I AconfigPackage: android.media.codec is mapped to system
06-16 23:31:16.533  3895  3895 I AconfigPackage: com.android.internal.os is mapped to system
06-16 23:31:16.533  3895  3895 I AconfigPackage: com.android.nfc.nci.flags is mapped to system
06-16 23:31:16.533  3895  3895 I AconfigPackage: android.app is mapped to system
06-16 23:31:16.533  3895  3895 I AconfigPackage: android.security.keystore2 is mapped to system
06-16 23:31:16.533  3895  3895 I AconfigPackage: android.crashrecovery.flags is mapped to system
06-16 23:31:16.533  3895  3895 I AconfigPackage: com.android.tradeinmode.flags is mapped to system
06-16 23:31:16.533  3895  3895 I AconfigPackage: android.hardware.flags is mapped to system
06-16 23:31:16.533  3895  3895 I AconfigPackage: com.android.server.telecom.flags is mapped to system
06-16 23:31:16.533  3895  3895 I AconfigPackage: com.android.settingslib.media.flags is mapped to system
06-16 23:31:16.533  3895  3895 I AconfigPackage: com.android.server.policy is mapped to system
06-16 23:31:16.533  3895  3895 I AconfigPackage: android.media.audiopolicy is mapped to system
06-16 23:31:16.533  3895  3895 I AconfigPackage: com.android.egg.flags is mapped to system
06-16 23:31:16.533  3895  3895 I AconfigPackage: com.android.internal.compat.flags is mapped to system
06-16 23:31:16.533  3895  3895 I AconfigPackage: android.security is mapped to system
06-16 23:31:16.533  3895  3895 I AconfigPackage: android.service.autofill is mapped to system
06-16 23:31:16.533  3895  3895 I AconfigPackage: com.example.android.aconfig.demo.flags is mapped to system
06-16 23:31:16.533  3895  3895 I AconfigPackage: android.view.flags is mapped to system
06-16 23:31:16.533  3895  3895 I AconfigPackage: android.companion.virtual.flags is mapped to system
06-16 23:31:16.533  3895  3895 I AconfigPackage: com.android.aconfig_new_storage is mapped to system
06-16 23:31:16.533  3895  3895 I AconfigPackage: com.android.server.feature.flags is mapped to system
06-16 23:31:16.533  3895  3895 I AconfigPackage: com.android.systemui is mapped to system
06-16 23:31:16.533  3895  3895 I AconfigPackage: com.android.server.power.batterysaver is mapped to system
06-16 23:31:16.533  3895  3895 I AconfigPackage: android.widget.flags is mapped to system
06-16 23:31:16.533  3895  3895 I AconfigPackage: com.android.media.editing.flags is mapped to system
06-16 23:31:16.533  3895  3895 I AconfigPackage: com.android.media.codec.flags is mapped to system
06-16 23:31:16.533  3895  3895 I AconfigPackage: com.android.server.powerstats is mapped to system
06-16 23:31:16.533  3895  3895 I AconfigPackage: com.android.graphics.egl.flags is mapped to system
06-16 23:31:16.533  3895  3895 I AconfigPackage: com.android.media.audioserver is mapped to system
06-16 23:31:16.533  3895  3895 I AconfigPackage: com.android.server.deviceidle is mapped to system
06-16 23:31:16.533  3895  3895 I AconfigPackage: android.nfc is mapped to system
06-16 23:31:16.533  3895  3895 I AconfigPackage: android.permission.flags is mapped to system
06-16 23:31:16.533  3895  3895 I AconfigPackage: android.service.voice.flags is mapped to system
06-16 23:31:16.533  3895  3895 I AconfigPackage: android.content.pm is mapped to system
06-16 23:31:16.533  3895  3895 I AconfigPackage: com.android.server.power.hint is mapped to system
06-16 23:31:16.533  3895  3895 I AconfigPackage: android.os is mapped to system
06-16 23:31:16.533  3895  3895 I AconfigPackage: android.service.dreams is mapped to system
06-16 23:31:16.533  3895  3895 I AconfigPackage: com.android.graphics.libgui.flags is mapped to system
06-16 23:31:16.533  3895  3895 I AconfigPackage: android.hardware.usb.flags is mapped to system
06-16 23:31:16.533  3895  3895 I AconfigPackage: android.provider is mapped to system
06-16 23:31:16.533  3895  3895 I AconfigPackage: com.android.server.job is mapped to system
06-16 23:31:16.533  3895  3895 I AconfigPackage: com.android.internal.foldables.flags is mapped to system
06-16 23:31:16.533  3895  3895 I AconfigPackage: com.android.internal.telephony.flags is mapped to system
06-16 23:31:16.533  3895  3895 I AconfigPackage: android.webkit is mapped to system
06-16 23:31:16.533  3895  3895 I AconfigPackage: android.credentials.flags is mapped to system
06-16 23:31:16.533  3895  3895 I AconfigPackage: com.android.server.display.feature.flags is mapped to system
