06-16 23:30:58.134  1247  1625 I FontLog : Received query name=Google Sans&weight=700&besteffort=false, URI content://com.google.android.gms.fonts [CONTEXT service_id=132 ]
06-16 23:30:58.134  1247  1625 I FontLog : Query [name=Google Sans&weight=700&besteffort=false] resolved to {Google Sans, wdth 100.0, wght 700, ital 0.0, bestEffort false}, isVf false} [CONTEXT service_id=132 ]
06-16 23:30:58.136  1247  1625 I FontLog : Font PFD returned from cache for {Google Sans, wdth 100.0, wght 700, ital 0.0, bestEffort false}, isVf false} [CONTEXT service_id=132 ]
06-16 23:30:58.138  1247  1625 I FontLog : Fetch {Google Sans, wdth 100.0, wght 700, ital 0.0, bestEffort false}, isVf false} end status Status{statusCode=SUCCESS, resolution=null} [CONTEXT service_id=132 ]
06-16 23:30:58.146  1247  1625 I FontLog : Pulling font file for id = 12, cache size = 10 [CONTEXT service_id=132 ]
06-16 23:30:58.153  1247  1625 I FontLog : Received query name=Noto Color Emoji Compat&weight=400&besteffort=false, URI content://com.google.android.gms.fonts [CONTEXT service_id=132 ]
06-16 23:30:58.154  1247  1625 I FontLog : Query [name=Noto Color Emoji Compat&weight=400&besteffort=false] resolved to {Noto Color Emoji Compat, wdth 100.0, wght 400, ital 0.0, bestEffort false}, isVf false} [CONTEXT service_id=132 ]
06-16 23:30:58.156  3746  3855 I CameraManagerGlobal: Connecting to camera service
06-16 23:30:58.160  1247  1625 I FontLog : Fetch {Noto Color Emoji Compat, wdth 100.0, wght 400, ital 0.0, bestEffort false}, isVf false} end status Status{statusCode=SUCCESS, resolution=null} [CONTEXT service_id=132 ]
06-16 23:30:58.160   675  2703 D CoreBackPreview: Window{ba0ad84 u0 com.arunprakash.brain/com.arunprakash.brain.MainActivity}: Setting back callback OnBackInvokedCallbackInfo{mCallback=android.window.IOnBackInvokedCallback$Stub$Proxy@ffdcafa, mPriority=-1, mIsAnimationCallback=false, mOverrideBehavior=0}
06-16 23:30:58.165  3746  3843 W chromium: [WARNING:viz_main_impl.cc(85)] VizNullHypothesis is disabled (not a warning)
06-16 23:30:58.167   517   570 W ServiceManagerCppClient: Permission failure: android.permission.ACCESS_SURFACE_FLINGER from uid=10213 pid=0
06-16 23:30:58.167   517   570 D PermissionCache: checking android.permission.ACCESS_SURFACE_FLINGER for uid=10213 => denied (235 us)
06-16 23:30:58.167   517  1104 W ServiceManagerCppClient: Permission failure: android.permission.ROTATE_SURFACE_FLINGER from uid=10213 pid=3746
06-16 23:30:58.167   517   570 W ServiceManagerCppClient: Permission failure: android.permission.ROTATE_SURFACE_FLINGER from uid=10213 pid=0
06-16 23:30:58.167   517   570 D PermissionCache: checking android.permission.ROTATE_SURFACE_FLINGER for uid=10213 => denied (325 us)
06-16 23:30:58.167   517  1104 D PermissionCache: checking android.permission.ROTATE_SURFACE_FLINGER for uid=10213 => denied (191 us)
06-16 23:30:58.167   517   570 W ServiceManagerCppClient: Permission failure: android.permission.INTERNAL_SYSTEM_WINDOW from uid=10213 pid=0
06-16 23:30:58.167   517   570 D PermissionCache: checking android.permission.INTERNAL_SYSTEM_WINDOW for uid=10213 => denied (22 us)
06-16 23:30:58.167  1247  2086 I FontLog : Pulling font file for id = 13, cache size = 11 [CONTEXT service_id=132 ]
06-16 23:30:58.167   517  1104 W ServiceManagerCppClient: Permission failure: android.permission.INTERNAL_SYSTEM_WINDOW from uid=10213 pid=3746
06-16 23:30:58.167   517  1104 D PermissionCache: checking android.permission.INTERNAL_SYSTEM_WINDOW for uid=10213 => denied (175 us)
06-16 23:30:58.170  1247  2086 I FontLog : Received query name=Google Sans Flex&weight=400&besteffort=false, URI content://com.google.android.gms.fonts [CONTEXT service_id=132 ]
06-16 23:30:58.170  1247  2086 I FontLog : Query [name=Google Sans Flex&weight=400&besteffort=false] resolved to {Google Sans Flex, wdth 100.0, wght 400, ital 0.0, bestEffort false}, isVf false} [CONTEXT service_id=132 ]
06-16 23:30:58.170  1247  2086 I FontLog : Font PFD returned from cache for {Google Sans Flex, wdth 100.0, wght 400, ital 0.0, bestEffort false}, isVf false} [CONTEXT service_id=132 ]
06-16 23:30:58.170  1247  2086 I FontLog : Fetch {Google Sans Flex, wdth 100.0, wght 400, ital 0.0, bestEffort false}, isVf false} end status Status{statusCode=SUCCESS, resolution=null} [CONTEXT service_id=132 ]
06-16 23:30:58.171   583   667 I AttributionAndPermissionUtils: checkPermission (forDataDelivery 0 startDataDelivery 0): Permission hard denied for client attribution [uid 10213, pid 3746, packageName "<unknown>"]
06-16 23:30:58.173  1247  2086 I FontLog : Pulling font file for id = 14, cache size = 9 [CONTEXT service_id=132 ]
06-16 23:30:58.175  1247  2086 I FontLog : Received query name=Google Sans&weight=400&besteffort=false, URI content://com.google.android.gms.fonts [CONTEXT service_id=132 ]
06-16 23:30:58.175  1247  2086 I FontLog : Query [name=Google Sans&weight=400&besteffort=false] resolved to {Google Sans, wdth 100.0, wght 400, ital 0.0, bestEffort false}, isVf false} [CONTEXT service_id=132 ]
06-16 23:30:58.176  1247  2086 I FontLog : Font PFD returned from cache for {Google Sans, wdth 100.0, wght 400, ital 0.0, bestEffort false}, isVf false} [CONTEXT service_id=132 ]
06-16 23:30:58.178  1247  2086 I FontLog : Fetch {Google Sans, wdth 100.0, wght 400, ital 0.0, bestEffort false}, isVf false} end status Status{statusCode=SUCCESS, resolution=null} [CONTEXT service_id=132 ]
06-16 23:30:58.179  1247  1625 I FontLog : Pulling font file for id = 15, cache size = 6 [CONTEXT service_id=132 ]
06-16 23:30:58.182  1247  1625 I FontLog : Received query name=Google Sans&weight=500&besteffort=false, URI content://com.google.android.gms.fonts [CONTEXT service_id=132 ]
06-16 23:30:58.182  1247  1625 I FontLog : Query [name=Google Sans&weight=500&besteffort=false] resolved to {Google Sans, wdth 100.0, wght 500, ital 0.0, bestEffort false}, isVf false} [CONTEXT service_id=132 ]
06-16 23:30:58.183  1247  1625 I FontLog : Font PFD returned from cache for {Google Sans, wdth 100.0, wght 500, ital 0.0, bestEffort false}, isVf false} [CONTEXT service_id=132 ]
06-16 23:30:58.183  1247  1625 I FontLog : Fetch {Google Sans, wdth 100.0, wght 500, ital 0.0, bestEffort false}, isVf false} end status Status{statusCode=SUCCESS, resolution=null} [CONTEXT service_id=132 ]
06-16 23:30:58.184  1247  2086 I FontLog : Pulling font file for id = 16, cache size = 7 [CONTEXT service_id=132 ]
06-16 23:30:58.224   675   759 W ServiceManagerCppClient: Permission failure: android.permission.ACCESS_SURFACE_FLINGER from uid=10213 pid=0
06-16 23:30:58.224   675   759 D PermissionCache: checking android.permission.ACCESS_SURFACE_FLINGER for uid=10213 => denied (111 us)
06-16 23:30:58.224   675   759 W ServiceManagerCppClient: Permission failure: android.permission.ROTATE_SURFACE_FLINGER from uid=10213 pid=0
06-16 23:30:58.224   675   759 D PermissionCache: checking android.permission.ROTATE_SURFACE_FLINGER for uid=10213 => denied (17 us)
06-16 23:30:58.224   675   759 W ServiceManagerCppClient: Permission failure: android.permission.INTERNAL_SYSTEM_WINDOW from uid=10213 pid=0
06-16 23:30:58.224   675   759 D PermissionCache: checking android.permission.INTERNAL_SYSTEM_WINDOW for uid=10213 => denied (17 us)
06-16 23:30:58.225   462  3841 I resolv  :  SSL_connect returned -1 with mark 0xf0065
06-16 23:30:58.232   675   702 I ActivityTaskManager: Displayed com.arunprakash.brain/.MainActivity for user 0: +782ms
06-16 23:30:58.236  3768  3864 I cr_VariationsUtils: Throttling seed download job
06-16 23:30:58.253  1060  1060 D BaseDepthController: setSurface:
06-16 23:30:58.253  1060  1060 D BaseDepthController: 	mWaitingOnSurfaceValidity: false
06-16 23:30:58.253  1060  1060 D BaseDepthController: 	mBaseSurface: null
06-16 23:30:58.253  1060  1060 D BaseDepthController: mSurface is null and mCurrentBlur is: 0
06-16 23:30:58.253  1060  1060 I ActivityThread: Schedule relaunch activity: com.google.android.apps.nexuslauncher.NexusLauncherActivity
06-16 23:30:58.254  1060  1060 D StateManager: goToState - fromState: Normal, toState: Normal, partial trace:
06-16 23:30:58.254  1060  1060 D StateManager: 	at com.android.launcher3.statemanager.StateManager.moveToRestState(go/retraceme 43e00d9cd0eb17b3d9dd30fc1741b1c71445c4c0f7c8c9b81300265c86c5b873:4)
06-16 23:30:58.254  1060  1060 D StateManager: 	at com.android.launcher3.statemanager.StateManager.moveToRestState(go/retraceme 43e00d9cd0eb17b3d9dd30fc1741b1c71445c4c0f7c8c9b81300265c86c5b873:1)
06-16 23:30:58.254  1060  1060 D StateManager: 	at com.android.launcher3.statemanager.StatefulActivity.onStop(go/retraceme 43e00d9cd0eb17b3d9dd30fc1741b1c71445c4c0f7c8c9b81300265c86c5b873:34)
06-16 23:30:58.255   675   794 I ImeTracker: com.arunprakash.brain:11f7188d: onRequestHide at ORIGIN_SERVER reason HIDE_UNSPECIFIED_WINDOW fromUser false
06-16 23:30:58.255  1060  1060 D StatsLog: LAUNCHER_ONSTOP
06-16 23:30:58.256  1060  1060 D StatsLog: LAUNCHER_GOOGLE_SEARCH_RESTORE_LIST_SIZE_AFTER_ACTIVITY_RESTART
06-16 23:30:58.256   675  2703 I AppWidgetServiceImpl: setAppWidgetHidden() 0
06-16 23:30:58.256  1060  1060 D CannedAnimCoordinator: Wrong controller access from H2.w@f5d5a0, actual provider null
06-16 23:30:58.257  3746  3746 D InsetsController: hide(ime(), fromIme=false)
06-16 23:30:58.258  3746  3746 I ImeTracker: com.arunprakash.brain:11f7188d: onCancelled at PHASE_CLIENT_ALREADY_HIDDEN
06-16 23:30:58.260  1060  1060 D RecentsView: destroy
06-16 23:30:58.260  1060  1060 D TaskbarManager: onActivityDestroyed: displayId=0 isDefaultDisplay=true
06-16 23:30:58.260  1060  1060 D TaskbarManager: onActivityDestroyed: unregistering callbacks displayId=0 isDefaultDisplay=true
06-16 23:30:58.260  1060  1060 D TaskbarManager: onActivityDestroyed: setting taskbarUIController displayId=0 isDefaultDisplay=true
06-16 23:30:58.261   675   759 I AppWidgetServiceImpl: setAppWidgetHidden() 0
06-16 23:30:58.261  1060  1060 D TaskFragmentComponent: destroy task fragment
06-16 23:30:58.261  1060  1060 D TaskFragmentComponent: java.lang.Exception
06-16 23:30:58.261  1060  1060 D TaskFragmentComponent: 	at com.google.android.apps.nexuslauncher.overlay.TaskFragmentOverlayManager.onActivityDestroyed(go/retraceme 43e00d9cd0eb17b3d9dd30fc1741b1c71445c4c0f7c8c9b81300265c86c5b873:60)
06-16 23:30:58.261  1060  1060 D TaskFragmentComponent: 	at com.android.launcher3.Launcher.onDestroy(go/retraceme 43e00d9cd0eb17b3d9dd30fc1741b1c71445c4c0f7c8c9b81300265c86c5b873:107)
06-16 23:30:58.261  1060  1060 D TaskFragmentComponent: 	at com.android.launcher3.uioverrides.QuickstepLauncher.onDestroy(go/retraceme 43e00d9cd0eb17b3d9dd30fc1741b1c71445c4c0f7c8c9b81300265c86c5b873:77)
06-16 23:30:58.261  1060  1060 D TaskFragmentComponent: 	at com.google.android.apps.nexuslauncher.NexusLauncherActivity.onDestroy(go/retraceme 43e00d9cd0eb17b3d9dd30fc1741b1c71445c4c0f7c8c9b81300265c86c5b873:35)
06-16 23:30:58.261  1060  1060 D TaskFragmentComponent: 	at android.app.Activity.performDestroy(Activity.java:9460)
06-16 23:30:58.261  1060  1060 D TaskFragmentComponent: 	at android.app.Instrumentation.callActivityOnDestroy(Instrumentation.java:1556)
06-16 23:30:58.261  1060  1060 D TaskFragmentComponent: 	at android.app.ActivityThread.performDestroyActivity(ActivityThread.java:6256)
06-16 23:30:58.261  1060  1060 D TaskFragmentComponent: 	at android.app.ActivityThread.handleDestroyActivity(ActivityThread.java:6301)
06-16 23:30:58.261  1060  1060 D TaskFragmentComponent: 	at android.app.ActivityThread.handleRelaunchActivityInner(ActivityThread.java:6586)
06-16 23:30:58.261  1060  1060 D TaskFragmentComponent: 	at android.app.ActivityThread.handleRelaunchActivity(ActivityThread.java:6501)
06-16 23:30:58.261  1060  1060 D TaskFragmentComponent: 	at android.app.servertransaction.ActivityRelaunchItem.execute(ActivityRelaunchItem.java:106)
06-16 23:30:58.261  1060  1060 D TaskFragmentComponent: 	at android.app.servertransaction.ActivityTransactionItem.execute(ActivityTransactionItem.java:63)
06-16 23:30:58.261  1060  1060 D TaskFragmentComponent: 	at android.app.servertransaction.TransactionExecutor.executeNonLifecycleItem(TransactionExecutor.java:133)
06-16 23:30:58.261  1060  1060 D TaskFragmentComponent: 	at android.app.servertransaction.TransactionExecutor.executeTransactionItems(TransactionExecutor.java:103)
06-16 23:30:58.261  1060  1060 D TaskFragmentComponent: 	at android.app.servertransaction.TransactionExecutor.execute(TransactionExecutor.java:80)
06-16 23:30:58.261  1060  1060 D TaskFragmentComponent: 	at android.app.ClientTransactionHandler.executeTransaction(ClientTransactionHandler.java:69)
06-16 23:30:58.261  1060  1060 D TaskFragmentComponent: 	at android.app.ActivityThread.handleRelaunchActivityLocally(ActivityThread.java:6567)
06-16 23:30:58.261  1060  1060 D TaskFragmentComponent: 	at android.app.ActivityThread$H.handleMessage(ActivityThread.java:2829)
06-16 23:30:58.261  1060  1060 D TaskFragmentComponent: 	at android.os.Handler.dispatchMessage(Handler.java:110)
06-16 23:30:58.261  1060  1060 D TaskFragmentComponent: 	at android.os.Looper.loopOnce(Looper.java:248)
06-16 23:30:58.261  1060  1060 D TaskFragmentComponent: 	at android.os.Looper.loop(Looper.java:338)
06-16 23:30:58.261  1060  1060 D TaskFragmentComponent: 	at android.app.ActivityThread.main(ActivityThread.java:9067)
06-16 23:30:58.261  1060  1060 D TaskFragmentComponent: 	at java.lang.reflect.Method.invoke(Native Method)
06-16 23:30:58.261  1060  1060 D TaskFragmentComponent: 	at com.android.internal.os.RuntimeInit$MethodAndArgsCaller.run(RuntimeInit.java:593)
06-16 23:30:58.261  1060  1060 D TaskFragmentComponent: 	at com.android.internal.os.ZygoteInit.main(ZygoteInit.java:932)
06-16 23:30:58.263   675   992 D ActivityTaskManager: Remove task fragment: deleteTaskFragment
06-16 23:30:58.265   675  1626 D SearchUiPerUserService: Removing callback for session Id=com.google.android.apps.nexuslauncher:e29c89a5-4d33-43fc-9155-b473a4233dde,0 and callback=android.os.BinderProxy@8b49551
06-16 23:30:58.266  1060  1060 D RecentsView: reset - mEnableDrawingLiveTile: false, mRecentsAnimationController: null
06-16 23:30:58.267   923   995 V WindowManagerShell: Transition requested (#12): android.os.BinderProxy@9759da1 TransitionRequestInfo { type = CLOSE, triggerTask = null, pipChange = null, remoteTransition = RemoteTransition { remoteTransition = android.window.IRemoteTransition$Stub$Proxy@8a15bc6, appThread = null, debugName = TaskFragmentComponent }, displayChange = null, flags = 0, debugId = 12 }
06-16 23:30:58.268  1060  1060 D UnlockComponentFactory: instantiateActivity() com.google.android.apps.nexuslauncher.NexusLauncherActivity isUserLocked: false
06-16 23:30:58.268   923   995 V WindowManagerShell: RemoteTransition directly requested for (#12) android.os.BinderProxy@9759da1: RemoteTransition { remoteTransition = android.window.IRemoteTransition$Stub$Proxy@8a15bc6, appThread = null, debugName = TaskFragmentComponent }
06-16 23:30:58.268   923   995 V WindowManagerShell: Transition (#12): request handled by RemoteTransitionHandler
06-16 23:30:58.268  1060  1060 W WindowOnBackDispatcher: sendCancelIfRunning: isInProgress=false callback=com.android.launcher3.uioverrides.QuickstepLauncher$3@a2ff43e
06-16 23:30:58.268   675  1626 D CoreBackPreview: Window{aba6b03 u0 com.google.android.apps.nexuslauncher/com.google.android.apps.nexuslauncher.NexusLauncherActivity}: Setting back callback null
06-16 23:30:58.268   675  1626 D CoreBackPreview: Window{aba6b03 u0 com.google.android.apps.nexuslauncher/com.google.android.apps.nexuslauncher.NexusLauncherActivity}: Setting back callback OnBackInvokedCallbackInfo{mCallback=android.window.IOnBackInvokedCallback$Stub$Proxy@6915d77, mPriority=-1, mIsAnimationCallback=false, mOverrideBehavior=0}
06-16 23:30:58.269   675   759 D CoreBackPreview: Window{aba6b03 u0 com.google.android.apps.nexuslauncher/com.google.android.apps.nexuslauncher.NexusLauncherActivity}: Setting back callback OnBackInvokedCallbackInfo{mCallback=android.window.IOnBackInvokedCallback$Stub$Proxy@7693de4, mPriority=0, mIsAnimationCallback=true, mOverrideBehavior=0}
06-16 23:30:58.270   675  1626 I AppWidgetServiceImpl: getInstalledProvidersForProfiles() 0
06-16 23:30:58.270   675  1626 I AppWidgetServiceImpl: notifyProviderInheritance() 0
06-16 23:30:58.270   675  2703 D SearchUiPerUserService: Removing all callbacks for session Id=com.google.android.apps.nexuslauncher:e29c89a5-4d33-43fc-9155-b473a4233dde,0 and 0 callbacks.
06-16 23:30:58.275  1488  1488 I GoogleInputMethodService: GoogleInputMethodService.onFinishInput():2043
06-16 23:30:58.275   675  2703 I ImeTracker: system_server:191021dc: onRequestHide at ORIGIN_SERVER reason IME_REQUESTED_CHANGED_LISTENER fromUser false
06-16 23:30:58.276   675   705 I ImeTracker: system_server:191021dc: onCancelled at PHASE_SERVER_SHOULD_HIDE
06-16 23:30:58.278  1060  1060 W Resources: Drawable com.google.android.apps.nexuslauncher:drawable/ic_chevron_end has unresolved theme attributes! Consider using Resources.getDrawable(int, Theme) or Context.getDrawable(int).
06-16 23:30:58.278  1060  1060 W Resources: java.lang.RuntimeException
06-16 23:30:58.278  1060  1060 W Resources: 	at android.content.res.Resources.getDrawable(Resources.java:926)
06-16 23:30:58.278  1060  1060 W Resources: 	at com.android.launcher3.pageindicators.PageIndicatorDots.<init>(go/retraceme 43e00d9cd0eb17b3d9dd30fc1741b1c71445c4c0f7c8c9b81300265c86c5b873:16)
06-16 23:30:58.278  1060  1060 W Resources: 	at com.android.launcher3.pageindicators.PageIndicatorDots.<init>(go/retraceme 43e00d9cd0eb17b3d9dd30fc1741b1c71445c4c0f7c8c9b81300265c86c5b873:2)
06-16 23:30:58.278  1060  1060 W Resources: 	at java.lang.reflect.Constructor.newInstance0(Native Method)
06-16 23:30:58.278  1060  1060 W Resources: 	at java.lang.reflect.Constructor.newInstance(Constructor.java:343)
06-16 23:30:58.278  1060  1060 W Resources: 	at android.view.LayoutInflater.createView(LayoutInflater.java:743)
06-16 23:30:58.278  1060  1060 W Resources: 	at android.view.LayoutInflater.createViewFromTag(LayoutInflater.java:895)
06-16 23:30:58.278  1060  1060 W Resources: 	at android.view.LayoutInflater.createViewFromTag(LayoutInflater.java:850)
06-16 23:30:58.278  1060  1060 W Resources: 	at android.view.LayoutInflater.rInflate(LayoutInflater.java:1012)
06-16 23:30:58.278  1060  1060 W Resources: 	at android.view.LayoutInflater.rInflateChildren(LayoutInflater.java:973)
06-16 23:30:58.278  1060  1060 W Resources: 	at android.view.LayoutInflater.rInflate(LayoutInflater.java:1015)
06-16 23:30:58.278  1060  1060 W Resources: 	at android.view.LayoutInflater.rInflateChildren(LayoutInflater.java:973)
06-16 23:30:58.278  1060  1060 W Resources: 	at android.view.LayoutInflater.inflate(LayoutInflater.java:571)
06-16 23:30:58.278  1060  1060 W Resources: 	at android.view.LayoutInflater.inflate(LayoutInflater.java:462)
06-16 23:30:58.278  1060  1060 W Resources: 	at android.view.LayoutInflater.inflate(LayoutInflater.java:413)
06-16 23:30:58.278  1060  1060 W Resources: 	at com.android.launcher3.statemanager.StatefulActivity.inflateRootView(go/retraceme 43e00d9cd0eb17b3d9dd30fc1741b1c71445c4c0f7c8c9b81300265c86c5b873:6)
06-16 23:30:58.278  1060  1060 W Resources: 	at com.android.launcher3.Launcher.setupViews(go/retraceme 43e00d9cd0eb17b3d9dd30fc1741b1c71445c4c0f7c8c9b81300265c86c5b873:10)
06-16 23:30:58.278  1060  1060 W Resources: 	at com.android.launcher3.uioverrides.QuickstepLauncher.setupViews(go/retraceme 43e00d9cd0eb17b3d9dd30fc1741b1c71445c4c0f7c8c9b81300265c86c5b873:13)
06-16 23:30:58.278  1060  1060 W Resources: 	at com.google.android.apps.nexuslauncher.NexusLauncherActivity.setupViews(go/retraceme 43e00d9cd0eb17b3d9dd30fc1741b1c71445c4c0f7c8c9b81300265c86c5b873:19)
06-16 23:30:58.278  1060  1060 W Resources: 	at com.android.launcher3.Launcher.onCreate(go/retraceme 43e00d9cd0eb17b3d9dd30fc1741b1c71445c4c0f7c8c9b81300265c86c5b873:222)
06-16 23:30:58.278  1060  1060 W Resources: 	at com.android.launcher3.uioverrides.QuickstepLauncher.onCreate(go/retraceme 43e00d9cd0eb17b3d9dd30fc1741b1c71445c4c0f7c8c9b81300265c86c5b873:1)
06-16 23:30:58.278  1060  1060 W Resources: 	at com.google.android.apps.nexuslauncher.NexusLauncherActivity.onCreate(go/retraceme 43e00d9cd0eb17b3d9dd30fc1741b1c71445c4c0f7c8c9b81300265c86c5b873:1)
06-16 23:30:58.278  1060  1060 W Resources: 	at android.app.Activity.performCreate(Activity.java:9155)
06-16 23:30:58.278  1060  1060 W Resources: 	at android.app.Activity.performCreate(Activity.java:9133)
06-16 23:30:58.278  1060  1060 W Resources: 	at android.app.Instrumentation.callActivityOnCreate(Instrumentation.java:1521)
06-16 23:30:58.278  1060  1060 W Resources: 	at android.app.ActivityThread.performLaunchActivity(ActivityThread.java:4262)
06-16 23:30:58.278  1060  1060 W Resources: 	at android.app.ActivityThread.handleLaunchActivity(ActivityThread.java:4467)
06-16 23:30:58.278  1060  1060 W Resources: 	at android.app.ActivityThread.handleRelaunchActivityInner(ActivityThread.java:6610)
06-16 23:30:58.278  1060  1060 W Resources: 	at android.app.ActivityThread.handleRelaunchActivity(ActivityThread.java:6501)
06-16 23:30:58.278  1060  1060 W Resources: 	at android.app.servertransaction.ActivityRelaunchItem.execute(ActivityRelaunchItem.java:106)
06-16 23:30:58.278  1060  1060 W Resources: 	at android.app.servertransaction.ActivityTransactionItem.execute(ActivityTransactionItem.java:63)
06-16 23:30:58.278  1060  1060 W Resources: 	at android.app.servertransaction.TransactionExecutor.executeNonLifecycleItem(TransactionExecutor.java:133)
06-16 23:30:58.278  1060  1060 W Resources: 	at android.app.servertransaction.TransactionExecutor.executeTransactionItems(TransactionExecutor.java:103)
06-16 23:30:58.278  1060  1060 W Resources: 	at android.app.servertransaction.TransactionExecutor.execute(TransactionExecutor.java:80)
06-16 23:30:58.278  1060  1060 W Resources: 	at android.app.ClientTransactionHandler.executeTransaction(ClientTransactionHandler.java:69)
06-16 23:30:58.278  1060  1060 W Resources: 	at android.app.ActivityThread.handleRelaunchActivityLocally(ActivityThread.java:6567)
06-16 23:30:58.278  1060  1060 W Resources: 	at android.app.ActivityThread$H.handleMessage(ActivityThread.java:2829)
06-16 23:30:58.278  1060  1060 W Resources: 	at android.os.Handler.dispatchMessage(Handler.java:110)
06-16 23:30:58.278  1060  1060 W Resources: 	at android.os.Looper.loopOnce(Looper.java:248)
06-16 23:30:58.278  1060  1060 W Resources: 	at android.os.Looper.loop(Looper.java:338)
06-16 23:30:58.278  1060  1060 W Resources: 	at android.app.ActivityThread.main(ActivityThread.java:9067)
06-16 23:30:58.278  1060  1060 W Resources: 	at java.lang.reflect.Method.invoke(Native Method)
06-16 23:30:58.278  1060  1060 W Resources: 	at com.android.internal.os.RuntimeInit$MethodAndArgsCaller.run(RuntimeInit.java:593)
06-16 23:30:58.278  1060  1060 W Resources: 	at com.android.internal.os.ZygoteInit.main(ZygoteInit.java:932)
06-16 23:30:58.278  1060  1060 W Resources: Drawable com.google.android.apps.nexuslauncher:drawable/ic_chevron_start has unresolved theme attributes! Consider using Resources.getDrawable(int, Theme) or Context.getDrawable(int).
06-16 23:30:58.278  1060  1060 W Resources: java.lang.RuntimeException
06-16 23:30:58.278  1060  1060 W Resources: 	at android.content.res.Resources.getDrawable(Resources.java:926)
06-16 23:30:58.278  1060  1060 W Resources: 	at com.android.launcher3.pageindicators.PageIndicatorDots.<init>(go/retraceme 43e00d9cd0eb17b3d9dd30fc1741b1c71445c4c0f7c8c9b81300265c86c5b873:17)
06-16 23:30:58.278  1060  1060 W Resources: 	at com.android.launcher3.pageindicators.PageIndicatorDots.<init>(go/retraceme 43e00d9cd0eb17b3d9dd30fc1741b1c71445c4c0f7c8c9b81300265c86c5b873:2)
06-16 23:30:58.278  1060  1060 W Resources: 	at java.lang.reflect.Constructor.newInstance0(Native Method)
06-16 23:30:58.278  1060  1060 W Resources: 	at java.lang.reflect.Constructor.newInstance(Constructor.java:343)
06-16 23:30:58.278  1060  1060 W Resources: 	at android.view.LayoutInflater.createView(LayoutInflater.java:743)
06-16 23:30:58.278  1060  1060 W Resources: 	at android.view.LayoutInflater.createViewFromTag(LayoutInflater.java:895)
06-16 23:30:58.278  1060  1060 W Resources: 	at android.view.LayoutInflater.createViewFromTag(LayoutInflater.java:850)
06-16 23:30:58.278  1060  1060 W Resources: 	at android.view.LayoutInflater.rInflate(LayoutInflater.java:1012)
06-16 23:30:58.278  1060  1060 W Resources: 	at android.view.LayoutInflater.rInflateChildren(LayoutInflater.java:973)
06-16 23:30:58.278  1060  1060 W Resources: 	at android.view.LayoutInflater.rInflate(LayoutInflater.java:1015)
06-16 23:30:58.278  1060  1060 W Resources: 	at android.view.LayoutInflater.rInflateChildren(LayoutInflater.java:973)
06-16 23:30:58.278  1060  1060 W Resources: 	at android.view.LayoutInflater.inflate(LayoutInflater.java:571)
06-16 23:30:58.278  1060  1060 W Resources: 	at android.view.LayoutInflater.inflate(LayoutInflater.java:462)
06-16 23:30:58.278  1060  1060 W Resources: 	at android.view.LayoutInflater.inflate(LayoutInflater.java:413)
06-16 23:30:58.278  1060  1060 W Resources: 	at com.android.launcher3.statemanager.StatefulActivity.inflateRootView(go/retraceme 43e00d9cd0eb17b3d9dd30fc1741b1c71445c4c0f7c8c9b81300265c86c5b873:6)
06-16 23:30:58.278  1060  1060 W Resources: 	at com.android.launcher3.Launcher.setupViews(go/retraceme 43e00d9cd0eb17b3d9dd30fc1741b1c71445c4c0f7c8c9b81300265c86c5b873:10)
06-16 23:30:58.278  1060  1060 W Resources: 	at com.android.launcher3.uioverrides.QuickstepLauncher.setupViews(go/retraceme 43e00d9cd0eb17b3d9dd30fc1741b1c71445c4c0f7c8c9b81300265c86c5b873:13)
06-16 23:30:58.278  1060  1060 W Resources: 	at com.google.android.apps.nexuslauncher.NexusLauncherActivity.setupViews(go/retraceme 43e00d9cd0eb17b3d9dd30fc1741b1c71445c4c0f7c8c9b81300265c86c5b873:19)
06-16 23:30:58.278  1060  1060 W Resources: 	at com.android.launcher3.Launcher.onCreate(go/retraceme 43e00d9cd0eb17b3d9dd30fc1741b1c71445c4c0f7c8c9b81300265c86c5b873:222)
06-16 23:30:58.278  1060  1060 W Resources: 	at com.android.launcher3.uioverrides.QuickstepLauncher.onCreate(go/retraceme 43e00d9cd0eb17b3d9dd30fc1741b1c71445c4c0f7c8c9b81300265c86c5b873:1)
06-16 23:30:58.278  1060  1060 W Resources: 	at com.google.android.apps.nexuslauncher.NexusLauncherActivity.onCreate(go/retraceme 43e00d9cd0eb17b3d9dd30fc1741b1c71445c4c0f7c8c9b81300265c86c5b873:1)
06-16 23:30:58.278  1060  1060 W Resources: 	at android.app.Activity.performCreate(Activity.java:9155)
06-16 23:30:58.278  1060  1060 W Resources: 	at android.app.Activity.performCreate(Activity.java:9133)
06-16 23:30:58.278  1060  1060 W Resources: 	at android.app.Instrumentation.callActivityOnCreate(Instrumentation.java:1521)
06-16 23:30:58.278  1060  1060 W Resources: 	at android.app.ActivityThread.performLaunchActivity(ActivityThread.java:4262)
06-16 23:30:58.278  1060  1060 W Resources: 	at android.app.ActivityThread.handleLaunchActivity(ActivityThread.java:4467)
06-16 23:30:58.278  1060  1060 W Resources: 	at android.app.ActivityThread.handleRelaunchActivityInner(ActivityThread.java:6610)
06-16 23:30:58.278  1060  1060 W Resources: 	at android.app.ActivityThread.handleRelaunchActivity(ActivityThread.java:6501)
06-16 23:30:58.278  1060  1060 W Resources: 	at android.app.servertransaction.ActivityRelaunchItem.execute(ActivityRelaunchItem.java:106)
06-16 23:30:58.278  1060  1060 W Resources: 	at android.app.servertransaction.ActivityTransactionItem.execute(ActivityTransactionItem.java:63)
06-16 23:30:58.278  1060  1060 W Resources: 	at android.app.servertransaction.TransactionExecutor.executeNonLifecycleItem(TransactionExecutor.java:133)
06-16 23:30:58.278  1060  1060 W Resources: 	at android.app.servertransaction.TransactionExecutor.executeTransactionItems(TransactionExecutor.java:103)
06-16 23:30:58.278  1060  1060 W Resources: 	at android.app.servertransaction.TransactionExecutor.execute(TransactionExecutor.java:80)
06-16 23:30:58.278  1060  1060 W Resources: 	at android.app.ClientTransactionHandler.executeTransaction(ClientTransactionHandler.java:69)
06-16 23:30:58.278  1060  1060 W Resources: 	at android.app.ActivityThread.handleRelaunchActivityLocally(ActivityThread.java:6567)
06-16 23:30:58.278  1060  1060 W Resources: 	at android.app.ActivityThread$H.handleMessage(ActivityThread.java:2829)
06-16 23:30:58.278  1060  1060 W Resources: 	at android.os.Handler.dispatchMessage(Handler.java:110)
06-16 23:30:58.278  1060  1060 W Resources: 	at android.os.Looper.loopOnce(Looper.java:248)
06-16 23:30:58.278  1060  1060 W Resources: 	at android.os.Looper.loop(Looper.java:338)
06-16 23:30:58.278  1060  1060 W Resources: 	at android.app.ActivityThread.main(ActivityThread.java:9067)
06-16 23:30:58.278  1060  1060 W Resources: 	at java.lang.reflect.Method.invoke(Native Method)
06-16 23:30:58.278  1060  1060 W Resources: 	at com.android.internal.os.RuntimeInit$MethodAndArgsCaller.run(RuntimeInit.java:593)
06-16 23:30:58.278  1060  1060 W Resources: 	at com.android.internal.os.ZygoteInit.main(ZygoteInit.java:932)
06-16 23:30:58.280  1488  1488 I Module  : DeviceLockedStatusModuleProvider$Module.updateDeviceLockedStatus():100 repeatCheckTimes = 0, locked = false
06-16 23:30:58.281  1488  1488 I GoogleInputMethodService: GoogleInputMethodService.onStartInput():1293 onStartInput(EditorInfo{EditorInfo{packageName=com.arunprakash.brain, inputType=0, inputTypeString=NULL, enableLearning=false, autoCorrection=false, autoComplete=false, imeOptions=12000000, privateImeOptions=null, actionName=UNSPECIFIED, actionLabel=null, initialSelStart=-1, initialSelEnd=-1, initialCapsMode=0, label=null, fieldId=0, fieldName=null, extras=null, hintText=null, hintLocales=[]}}, false)
06-16 23:30:58.283  1488  1488 I EmojiCompatManager: EmojiCompatManager.getEmojiCompatIfLoaded():343 EmojiCompat.init() was never called.
06-16 23:30:58.283  1488  1488 I EmojiCompatManager: java.lang.IllegalStateException: EmojiCompat is not initialized. Please call EmojiCompat.init() first
06-16 23:30:58.283  1488  1488 I EmojiCompatManager: 	at asx.p(PG:6)
06-16 23:30:58.283  1488  1488 I EmojiCompatManager: 	at axb.b(PG:13)
06-16 23:30:58.283  1488  1488 I EmojiCompatManager: 	at jnr.b(PG:2)
06-16 23:30:58.283  1488  1488 I EmojiCompatManager: 	at jnr.c(PG:4)
06-16 23:30:58.283  1488  1488 I EmojiCompatManager: 	at jnr.f(PG:3)
06-16 23:30:58.283  1488  1488 I EmojiCompatManager: 	at jnx.c(PG:3)
06-16 23:30:58.283  1488  1488 I EmojiCompatManager: 	at kif.cz(PG:47)
06-16 23:30:58.283  1488  1488 I EmojiCompatManager: 	at lhl.run(PG:1025)
06-16 23:30:58.283  1488  1488 I EmojiCompatManager: 	at jaf.execute(PG:12)
06-16 23:30:58.283  1488  1488 I EmojiCompatManager: 	at nco.v(PG:13)
06-16 23:30:58.283  1488  1488 I EmojiCompatManager: 	at lhn.m(PG:96)
06-16 23:30:58.283  1488  1488 I EmojiCompatManager: 	at lhn.k(PG:25)
06-16 23:30:58.283  1488  1488 I EmojiCompatManager: 	at kgn.onStartInput(PG:250)
06-16 23:30:58.283  1488  1488 I EmojiCompatManager: 	at android.inputmethodservice.InputMethodService.doStartInput(InputMethodService.java:3521)
06-16 23:30:58.283  1488  1488 I EmojiCompatManager: 	at android.inputmethodservice.InputMethodService$InputMethodImpl.startInput(InputMethodService.java:879)
06-16 23:30:58.283  1488  1488 I EmojiCompatManager: 	at android.inputmethodservice.InputMethodService$InputMethodImpl.dispatchStartInput(InputMethodService.java:908)
06-16 23:30:58.283  1488  1488 I EmojiCompatManager: 	at android.inputmethodservice.IInputMethodWrapper.executeMessage(IInputMethodWrapper.java:201)
06-16 23:30:58.283  1488  1488 I EmojiCompatManager: 	at com.android.internal.os.HandlerCaller$MyHandler.handleMessage(HandlerCaller.java:44)
06-16 23:30:58.283  1488  1488 I EmojiCompatManager: 	at android.os.Handler.dispatchMessage(Handler.java:110)
06-16 23:30:58.283  1488  1488 I EmojiCompatManager: 	at android.os.Looper.loopOnce(Looper.java:248)
06-16 23:30:58.283  1488  1488 I EmojiCompatManager: 	at android.os.Looper.loop(Looper.java:338)
06-16 23:30:58.283  1488  1488 I EmojiCompatManager: 	at android.app.ActivityThread.main(ActivityThread.java:9067)
06-16 23:30:58.283  1488  1488 I EmojiCompatManager: 	at java.lang.reflect.Method.invoke(Native Method)
06-16 23:30:58.283  1488  1488 I EmojiCompatManager: 	at com.android.internal.os.RuntimeInit$MethodAndArgsCaller.run(RuntimeInit.java:593)
06-16 23:30:58.283  1488  1488 I EmojiCompatManager: 	at com.android.internal.os.ZygoteInit.main(ZygoteInit.java:932)
06-16 23:30:58.285  1488  1488 I Module  : DeviceLockedStatusModuleProvider$Module.updateDeviceLockedStatus():100 repeatCheckTimes = 1, locked = false
06-16 23:30:58.286   675  1626 W PackageConfigPersister: App-specific configuration not found for packageName: com.arunprakash.brain and userId: 0
06-16 23:30:58.301   675   876 D BackgroundInstallControlService: Package event received: 0
06-16 23:30:58.302  1060  3873 D ViewPool: initPool complete
06-16 23:30:58.304  1060  1060 D AutofillManager: Fill dialog is enabled:false, hints=[]
06-16 23:30:58.311  1060  1060 E RecyclerView: Cannot scroll to position a LayoutManager set. Call setLayoutManager with a non-null argument.
06-16 23:30:58.311  1060  1060 D ActivityAllAppsContainerView: rebindAdapters: force: true
06-16 23:30:58.311  1060  1060 D ActivityAllAppsContainerView: replaceAppsRVContainer: showTabs: false
06-16 23:30:58.312  1060  1060 D AlphabeticalAppsList: Clearing FastScrollerSections.
06-16 23:30:58.312  1060  1060 D AlphabeticalAppsList: Adding apps with sections. HasPrivateApps: true
06-16 23:30:58.312  1060  1060 E RecyclerView: Cannot scroll to position a LayoutManager set. Call setLayoutManager with a non-null argument.
06-16 23:30:58.312  1060  1060 D DeviceSearchAlg: search timeout = %d200
06-16 23:30:58.313  1060  1060 W PageIndicator: Total number of pages invalid: 0. Assuming 1 page.
06-16 23:30:58.313  1060  1060 W BcSmartspaceView: Current card is not present in the Adapter; cannot log.
06-16 23:30:58.314  1060  1060 D CellLayout: Adding view to ShortcutsAndWidgetsContainer: com.google.android.apps.nexuslauncher.qsb.SmartspaceViewContainer{4dd0bb4 V.E...... ......I. 0,0-0,0 #7f0a032d app:id/search_container_workspace}
06-16 23:30:58.314  1060  1060 D OverviewActionsView: updateActionButtonsVisibility() called: showSingleTaskActions = [true], showGroupActions = [false]
06-16 23:30:58.319   675   992 I AppWidgetServiceImpl: startListening() 0
06-16 23:30:58.320  1060  3874 D ViewPool: initPool complete
06-16 23:30:58.322  3746  3751 I unprakash.brain: Compiler allocated 5111KB to compile void android.view.ViewRootImpl.performTraversals()
06-16 23:30:58.323  1060  1060 D KeyboardInsetsHandler: setState, toState:Normal StateManager(mLastStableState:Normal, mCurrentStableState:Normal, mState:Normal, mRestState:null, isInTransition:false)
06-16 23:30:58.323  1060  1060 D CellLayout: Adding view to ShortcutsAndWidgetsContainer: com.google.android.apps.nexuslauncher.qsb.SmartspaceViewContainer{4dd0bb4 V.E...... ......I. 0,0-0,0 #7f0a032d app:id/search_container_workspace}
06-16 23:30:58.323  1060  1060 D ModelCallbacks: startBinding: hotseat layout was vertical: false and is setting to false
06-16 23:30:58.324  1060  1060 D Launcher.Workspace: addInScreenFromBind: hotseat inflation with x = 0 and y = 0
06-16 23:30:58.324  1060  1060 D CellLayout: Adding view to ShortcutsAndWidgetsContainer: com.android.launcher3.views.DoubleShadowBubbleTextView{68fdfb9 VFED..C.. ......ID 0,0-0,0 #1}
06-16 23:30:58.324  1060  1060 D Launcher.Workspace: addInScreenFromBind: hotseat inflation with x = 1 and y = 0
06-16 23:30:58.324  1060  1060 D CellLayout: Adding view to ShortcutsAndWidgetsContainer: com.android.launcher3.views.DoubleShadowBubbleTextView{382cffe VFED..C.. ......ID 0,0-0,0 #2}
06-16 23:30:58.324  1060  1060 D Launcher.Workspace: addInScreenFromBind: hotseat inflation with x = 2 and y = 0
06-16 23:30:58.324  1060  1060 D CellLayout: Adding view to ShortcutsAndWidgetsContainer: com.android.launcher3.views.DoubleShadowBubbleTextView{686235f VFED..C.. ......ID 0,0-0,0 #3}
06-16 23:30:58.324  1060  1060 D CellLayout: Adding view to ShortcutsAndWidgetsContainer: com.android.launcher3.views.DoubleShadowBubbleTextView{5e31ac VFED..C.. ......ID 0,0-0,0 #4}
06-16 23:30:58.324  1060  1060 D CellLayout: Adding view to ShortcutsAndWidgetsContainer: com.android.launcher3.views.DoubleShadowBubbleTextView{245be75 VFED..C.. ......ID 0,0-0,0 #5}
06-16 23:30:58.324  1060  1060 D CellLayout: Adding view to ShortcutsAndWidgetsContainer: com.android.launcher3.views.DoubleShadowBubbleTextView{b37ee0a VFED..C.. ......ID 0,0-0,0 #6}
06-16 23:30:58.326  1060  1060 D SearchTargetUtil: queryLength=0 size=15
06-16 23:30:58.326  1060  1060 D SearchTargetUtil: layoutType=short_icon_row resultType=131072 packageName=com.google.android.googlequicksearchbox
06-16 23:30:58.326  1060  1060 D SearchTargetUtil: layoutType=short_icon_row resultType=131072 packageName=com.google.android.googlequicksearchbox
06-16 23:30:58.326  1060  1060 D SearchTargetUtil: layoutType=short_icon_row resultType=131072 packageName=com.google.android.googlequicksearchbox
06-16 23:30:58.326  1060  1060 D SearchTargetUtil: layoutType=short_icon_row resultType=131072 packageName=com.google.android.googlequicksearchbox
06-16 23:30:58.326  1060  1060 D SearchTargetUtil: layoutType=short_icon_row resultType=131072 packageName=com.google.android.googlequicksearchbox
06-16 23:30:58.326  1060  1060 D SearchTargetUtil: layoutType=extra_tall_icon_row resultType=131072 packageName=com.google.android.googlequicksearchbox
06-16 23:30:58.326  1060  1060 D SearchTargetUtil: layoutType=short_icon_row resultType=131072 packageName=com.google.android.googlequicksearchbox
06-16 23:30:58.326  1060  1060 D SearchTargetUtil: layoutType=short_icon_row resultType=131072 packageName=com.google.android.googlequicksearchbox
06-16 23:30:58.326  1060  1060 D SearchTargetUtil: layoutType=short_icon_row resultType=131072 packageName=com.google.android.googlequicksearchbox
06-16 23:30:58.326  1060  1060 D SearchTargetUtil: layoutType=short_icon_row resultType=131072 packageName=com.google.android.googlequicksearchbox
06-16 23:30:58.326  1060  1060 D SearchTargetUtil: layoutType=short_icon_row resultType=131072 packageName=com.google.android.googlequicksearchbox
06-16 23:30:58.326  1060  1060 D SearchTargetUtil: layoutType=short_icon_row resultType=131072 packageName=com.google.android.googlequicksearchbox
06-16 23:30:58.326  1060  1060 D SearchTargetUtil: layoutType=short_icon_row resultType=131072 packageName=com.google.android.googlequicksearchbox
06-16 23:30:58.326  1060  1060 D SearchTargetUtil: layoutType=extra_tall_icon_row resultType=131072 packageName=com.google.android.googlequicksearchbox
06-16 23:30:58.326  1060  1060 D SearchTargetUtil: layoutType=extra_tall_icon_row resultType=131072 packageName=com.google.android.googlequicksearchbox
06-16 23:30:58.327  1060  1060 D b/387844520: getOutlineOffsetX: measured width = 0, mNormalizedIconSize = 159, last updated width = 0
06-16 23:30:58.327  1060  1060 D Launcher.Workspace: addInScreenFromBind: hotseat inflation with x = 3 and y = 0
06-16 23:30:58.327  1060  1060 D CellLayout: Adding view to ShortcutsAndWidgetsContainer: com.android.launcher3.uioverrides.PredictedAppIcon{340ccf1 VFED..C.. ......ID 0,0-0,0}
06-16 23:30:58.330  1060  1060 D LauncherBinder: Starting async inflation
06-16 23:30:58.331  1060  1060 D AllAppsStore: setApps: apps.length=19
06-16 23:30:58.331  1060  1060 D AllAppsStore: notifyUpdate: notifying listeners
06-16 23:30:58.331  1060  1060 D ActivityAllAppsContainerView: onAppsUpdated; number of apps: 19
06-16 23:30:58.331  1060  1060 D ActivityAllAppsContainerView: rebindAdapters: force: false
06-16 23:30:58.331  1060  1060 D ActivityAllAppsContainerView: rebindAdapters: Not needed.
06-16 23:30:58.331  1060  1060 D StatsLog: LAUNCHER_ALLAPPS_COUNT
06-16 23:30:58.331  1060  1060 D AlphabeticalAppsList: Clearing FastScrollerSections.
06-16 23:30:58.331  1060  1060 D AlphabeticalAppsList: Adding apps with sections. HasPrivateApps: false
06-16 23:30:58.331  1060  1060 D AlphabeticalAppsList: addAppsWithSections: adding sectionName: A with appInfoTitle: AI Memory
06-16 23:30:58.331  1060  1060 D AlphabeticalAppsList: addAppsWithSections: adding sectionName: C with appInfoTitle: Calendar
06-16 23:30:58.331  1060  1060 D AlphabeticalAppsList: addAppsWithSections: adding sectionName: D with appInfoTitle: Drive
06-16 23:30:58.331  1060  1060 D AlphabeticalAppsList: addAppsWithSections: adding sectionName: F with appInfoTitle: Files
06-16 23:30:58.331  1060  1060 D AlphabeticalAppsList: addAppsWithSections: adding sectionName: G with appInfoTitle: Gmail
06-16 23:30:58.331  1060  1060 D AlphabeticalAppsList: addAppsWithSections: adding sectionName: M with appInfoTitle: Maps
06-16 23:30:58.331  1060  1060 D AlphabeticalAppsList: addAppsWithSections: adding sectionName: P with appInfoTitle: Phone
06-16 23:30:58.331  1060  1060 D AlphabeticalAppsList: addAppsWithSections: adding sectionName: S with appInfoTitle: Safety
06-16 23:30:58.331  1060  1060 D AlphabeticalAppsList: addAppsWithSections: adding sectionName: T with appInfoTitle: TMoble
06-16 23:30:58.331  1060  1060 D AlphabeticalAppsList: addAppsWithSections: adding sectionName: Y with appInfoTitle: YouTube
06-16 23:30:58.331  1060  1060 D AlphabeticalAppsList: Adding FastScrollSection duplicate to scroll to the bottom.
06-16 23:30:58.331  1060  1060 D AlphabeticalAppsList: Clearing FastScrollerSections.
06-16 23:30:58.331  1060  1060 D AlphabeticalAppsList: Adding apps with sections. HasPrivateApps: false
06-16 23:30:58.331  1060  1060 D AlphabeticalAppsList: addAppsWithSections: adding sectionName: A with appInfoTitle: AI Memory
06-16 23:30:58.331  1060  1060 D AlphabeticalAppsList: addAppsWithSections: adding sectionName: C with appInfoTitle: Calendar
06-16 23:30:58.331  1060  1060 D AlphabeticalAppsList: addAppsWithSections: adding sectionName: D with appInfoTitle: Drive
06-16 23:30:58.331  1060  1060 D AlphabeticalAppsList: addAppsWithSections: adding sectionName: F with appInfoTitle: Files
06-16 23:30:58.331  1060  1060 D AlphabeticalAppsList: addAppsWithSections: adding sectionName: G with appInfoTitle: Gmail
06-16 23:30:58.331  1060  1060 D AlphabeticalAppsList: addAppsWithSections: adding sectionName: M with appInfoTitle: Maps
06-16 23:30:58.331  1060  1060 D AlphabeticalAppsList: addAppsWithSections: adding sectionName: P with appInfoTitle: Phone
06-16 23:30:58.331  1060  1060 D AlphabeticalAppsList: addAppsWithSections: adding sectionName: S with appInfoTitle: Safety
06-16 23:30:58.331  1060  1060 D AlphabeticalAppsList: addAppsWithSections: adding sectionName: T with appInfoTitle: TMoble
06-16 23:30:58.331  1060  1060 D AlphabeticalAppsList: addAppsWithSections: adding sectionName: Y with appInfoTitle: YouTube
06-16 23:30:58.331  1060  1060 D AlphabeticalAppsList: Adding FastScrollSection duplicate to scroll to the bottom.
06-16 23:30:58.332   462  3875 I resolv  : GetAddrInfoHandler::run: {101 101 101 983141 10213 0}
06-16 23:30:58.332   462  3876 I resolv  : res_nmkquery: (QUERY, IN, AAAA)
06-16 23:30:58.333   675   992 D SearchUiPerUserService: Creating SearchSessionInfo for session Id=com.google.android.apps.nexuslauncher:72485c6d-aab7-47a0-8140-ab70e8680463,0
06-16 23:30:58.333   675  2701 D SearchUiPerUserService: Storing callback for session Id=com.google.android.apps.nexuslauncher:72485c6d-aab7-47a0-8140-ab70e8680463,0 and callback=android.os.BinderProxy@f89e814
06-16 23:30:58.333  1573  1573 I AiAiEcho: SearchContextManagerImpl::setSearchContext resultTypes=[139867] extras=[Bundle[{launcher.maxInlineIcons=3, dynamic_ranking_m3_enabled=true, qs_tiles_asi_enabled=true, allowlist_enabled=false, one_search_enabled=true, system_clock=true, version_code=12, gms_play_query_lower_bound=2, gms_play_query_upper_bound=20, recent_search_block_enabled=true, gms_play_feature_supported=true, launcher.gridSize=4, showhiddentargets_enabled=false, ose_info=1}]] sessionId=[com.google.android.apps.nexuslauncher:72485c6d-aab7-47a0-8140-ab70e8680463,0]
06-16 23:30:58.334   462  3877 I resolv  : res_nmkquery: (QUERY, IN, A)
06-16 23:30:58.334  1060  1060 D AlphabeticIndexCompat: computeSectionName: cs: Settings sectionName: S
06-16 23:30:58.334  1060  1060 D AlphabeticIndexCompat: computeSectionName: cs: Photos sectionName: P
06-16 23:30:58.334  1060  1060 D AlphabeticIndexCompat: computeSectionName: cs: Battery sectionName: B
06-16 23:30:58.334  1060  1060 D AlphabeticIndexCompat: computeSectionName: cs: Chrome sectionName: C
06-16 23:30:58.334  1060  1060 D AlphabeticIndexCompat: computeSectionName: cs: Gmail sectionName: G
06-16 23:30:58.334  1060  1060 D AlphabeticIndexCompat: computeSectionName: cs: Drive sectionName: D
06-16 23:30:58.335  1060  1060 D AlphabeticIndexCompat: computeSectionName: cs: Clock sectionName: C
06-16 23:30:58.335  1060  1060 D AlphabeticIndexCompat: computeSectionName: cs: Contacts sectionName: C
06-16 23:30:58.335  1060  1060 D AlphabeticIndexCompat: computeSectionName: cs: Calendar sectionName: C
06-16 23:30:58.335  1060  1060 D AlphabeticIndexCompat: computeSectionName: cs: Maps sectionName: M
06-16 23:30:58.335  1060  1060 D AlphabeticIndexCompat: computeSectionName: cs: YouTube Music sectionName: Y
06-16 23:30:58.335  1060  1060 D AlphabeticIndexCompat: computeSectionName: cs: YouTube sectionName: Y
06-16 23:30:58.335  1060  1060 D AlphabeticIndexCompat: computeSectionName: cs: Google sectionName: G
06-16 23:30:58.335  1060  1060 D AlphabeticIndexCompat: computeSectionName: cs: Android System Intelligence sectionName: A
06-16 23:30:58.335  1060  1060 D AlphabeticIndexCompat: computeSectionName: cs: Digital Wellbeing sectionName: D
06-16 23:30:58.335  1060  1060 D AlphabeticIndexCompat: computeSectionName: cs: Conversations sectionName: C
06-16 23:30:58.339  1060  1105 D SearchTargetUtil: queryLength=0 size=1
06-16 23:30:58.339  1060  1105 D SearchTargetUtil: layoutType=icon_row resultType=4096 packageName=
06-16 23:30:58.347  1060  1060 D OverviewActionsView: updateActionButtonsVisibility() called: showSingleTaskActions = [true], showGroupActions = [false]
06-16 23:30:58.347  1060  1060 D KeyboardInsetsHandler: setState, toState:Normal StateManager(mLastStableState:Normal, mCurrentStableState:Normal, mState:Normal, mRestState:null, isInTransition:false)
06-16 23:30:58.347  1060  1060 D OverviewActionsView: updateActionButtonsVisibility() called: showSingleTaskActions = [true], showGroupActions = [false]
06-16 23:30:58.348   675   992 V WindowManager: Queueing transition: TransitionRecord{b6083b9 id=-1 type=CHANGE flags=0x0}
06-16 23:30:58.350  1060  1060 D b/380940677: [mStateHandlerRequest=0, mCurrentStateRequest=0, mLastActivityFlags=5, mIgnoreAutoRotateSettings=false, mHomeRotationEnabled=false, mForceAllowRotationForTesting=false, mDestroyed=false, mIsFixedLandscape=false]
06-16 23:30:58.351  1060  1060 D ActivityAllAppsContainerView: rebindAdapters: force: false
06-16 23:30:58.351  1060  1060 D ActivityAllAppsContainerView: rebindAdapters: Not needed.
06-16 23:30:58.351  1060  1105 D InputMonitorCompat: Input monitor (minus-one-disp0) created
06-16 23:30:58.352  1060  1060 D ViewRootImpl: Skipping stats log for color mode
06-16 23:30:58.352  1060  1060 W SplitSelectStateCtor: Missing session instanceIds
06-16 23:30:58.352  1060  1060 D StatsLog: LAUNCHER_SPLIT_SELECTION_EXIT_INTERRUPTED
06-16 23:30:58.352  1060  1060 D ViewRootImpl: Skipping stats log for color mode
06-16 23:30:58.353  1060  1060 D StateManager: goToState - fromState: Normal, toState: Normal, partial trace:
06-16 23:30:58.353  1060  1060 D StateManager: 	at com.android.launcher3.statemanager.StateManager.moveToRestState(go/retraceme 43e00d9cd0eb17b3d9dd30fc1741b1c71445c4c0f7c8c9b81300265c86c5b873:4)
06-16 23:30:58.353  1060  1060 D StateManager: 	at com.android.launcher3.statemanager.StateManager.moveToRestState(go/retraceme 43e00d9cd0eb17b3d9dd30fc1741b1c71445c4c0f7c8c9b81300265c86c5b873:1)
06-16 23:30:58.353  1060  1060 D StateManager: 	at com.android.launcher3.statemanager.StatefulActivity.onStop(go/retraceme 43e00d9cd0eb17b3d9dd30fc1741b1c71445c4c0f7c8c9b81300265c86c5b873:34)
06-16 23:30:58.356  1060  1060 D StatsLog: LAUNCHER_GOOGLE_SEARCH_RESTORE_LIST_SIZE_AFTER_ACTIVITY_RESTART
06-16 23:30:58.359  1060  1060 I SsCardPagerAdapter: [rmv] Rendering flag - enabled: true rmv: null
06-16 23:30:58.359  1060  1060 I SsCardPagerAdapter: Use UI template for the feature: 1
06-16 23:30:58.363  1060  1105 D InputMonitorCompat: Input event receiver for monitor (minus-one-disp0) created
06-16 23:30:58.367  1060  1060 D SsBaseTemplateCard: No text view can be set up
06-16 23:30:58.367  1060  1060 D SsBaseTemplateCard: Passed-in item info is null
06-16 23:30:58.367  1060  1060 D SsBaseTemplateCard: Passed-in item info is null
06-16 23:30:58.367  1060  1060 D SsBaseTemplateCard: Passed-in item info is null
06-16 23:30:58.367  1060  1060 I SsBaseTemplateCard: Secondary card pane is null
06-16 23:30:58.369  1060  1060 D b/387844520: calling updateRingPath from onSizeChanged
06-16 23:30:58.369  1060  1060 D b/387844520: getOutlineOffsetX: measured width = 173, mNormalizedIconSize = 159, last updated width = 173
06-16 23:30:58.369   675   759 I AppWidgetServiceImpl: setAppWidgetHidden() 0
06-16 23:30:58.370   923   995 D WindowManagerShell: setLauncherKeepClearAreaHeight: visible=true, height=527
06-16 23:30:58.373  1060  1060 D InputMonitorCompat: Input event receiver for monitor (minus-one-disp0) disposed
06-16 23:30:58.373  1060  1060 D InputMonitorCompat: Input monitor (minus-one-disp0) disposed
06-16 23:30:58.375   675   876 D BackgroundInstallControlService: Package event received: 0
06-16 23:30:58.375  1060  1060 D TISBindHelper: TIS service connected
