06-16 23:31:16.533  3895  3895 I AconfigPackage: com.android.server.notification is mapped to system
06-16 23:31:16.533  3895  3895 I AconfigPackage: android.appwidget.flags is mapped to system
06-16 23:31:16.533  3895  3895 I AconfigPackage: com.android.frameworks.sensorservice.flags is mapped to system
06-16 23:31:16.533  3895  3895 I AconfigPackage: com.android.printspooler.flags is mapped to system
06-16 23:31:16.533  3895  3895 I AconfigPackage: com.android.window.flags is mapped to system
06-16 23:31:16.533  3895  3895 I AconfigPackage: android.adaptiveauth is mapped to system
06-16 23:31:16.533  3895  3895 I AconfigPackage: android.net.wifi.flags is mapped to system
06-16 23:31:16.533  3895  3895 I AconfigPackage: android.media.tv.flags is mapped to system
06-16 23:31:16.533  3895  3895 I AconfigPackage: com.android.server.usb.flags is mapped to system
06-16 23:31:16.533  3895  3895 I AconfigPackage: android.os.vibrator is mapped to system
06-16 23:31:16.533  3895  3895 I AconfigPackage: android.hardware.devicestate.feature.flags is mapped to system
06-16 23:31:16.533  3895  3895 I AconfigPackage: com.android.server.usage is mapped to system
06-16 23:31:16.533  3895  3895 I AconfigPackage: android.server is mapped to system
06-16 23:31:16.533  3895  3895 I AconfigPackage: com.android.wm.shell is mapped to system
06-16 23:31:16.533  3895  3895 I AconfigPackage: android.view.inputmethod is mapped to system
06-16 23:31:16.533  3895  3895 I AconfigPackage: com.android.graphics.hwui.flags is mapped to system
06-16 23:31:16.533  3895  3895 I AconfigPackage: com.android.server.backup is mapped to system
06-16 23:31:16.533  3895  3895 I AconfigPackage: com.android.internal.pm.pkg.component.flags is mapped to system
06-16 23:31:16.533  3895  3895 I AconfigPackage: android.view.accessibility is mapped to system
06-16 23:31:16.533  3895  3895 I AconfigPackage: com.google.wear.sdk is mapped to system
06-16 23:31:16.533  3895  3895 I AconfigPackage: android.media.audio is mapped to system
06-16 23:31:16.533  3895  3895 I AconfigPackage: com.android.server.am is mapped to system
06-16 23:31:16.533  3895  3895 I AconfigPackage: com.android.media.playback.flags is mapped to system
06-16 23:31:16.533  3895  3895 I AconfigPackage: com.android.art.flags is mapped to com.android.art
06-16 23:31:16.533  3895  3895 I AconfigPackage: com.android.libcore is mapped to com.android.art
06-16 23:31:16.533  3895  3895 I AconfigPackage: com.android.media.extractor.flags is mapped to com.android.media
06-16 23:31:16.533  3895  3895 I AconfigPackage: com.android.media.mainline.flags is mapped to com.android.media
06-16 23:31:16.533  3895  3895 I AconfigPackage: com.android.wifi.flags is mapped to com.android.wifi
06-16 23:31:16.533  3895  3895 I AconfigPackage: com.android.org.conscrypt.flags is mapped to com.android.conscrypt
06-16 23:31:16.533  3895  3895 I AconfigPackage: com.android.healthfitness.flags is mapped to com.android.healthfitness
06-16 23:31:16.533  3895  3895 I AconfigPackage: com.google.android.input.twoshay.flags is mapped to vendor
06-16 23:31:16.533  3895  3895 I AconfigPackage: libgooglecamerahal.flags is mapped to vendor
06-16 23:31:16.533  3895  3895 I AconfigPackage: com.android.ipsec.flags is mapped to com.android.ipsec
06-16 23:31:16.534  3895  3895 I AconfigPackage: com.android.nfc.module.flags is mapped to com.android.nfcservices
06-16 23:31:16.534  3895  3895 I AconfigPackage: com.android.adservices.ondevicepersonalization.flags is mapped to com.android.ondevicepersonalization
06-16 23:31:16.534  3895  3895 I AconfigPackage: com.android.bluetooth.flags is mapped to com.android.bt
06-16 23:31:16.534  3895  3895 I AconfigPackage: com.android.devicelock.flags is mapped to com.android.devicelock
06-16 23:31:16.534  3895  3895 I AconfigPackage: android.os.profiling is mapped to com.android.profiling
06-16 23:31:16.534  3895  3895 I AconfigPackage: com.android.os.statsd.flags is mapped to com.android.os.statsd
06-16 23:31:16.534  3895  3895 I AconfigPackage: com.android.cellbroadcastreceiver.flags is mapped to com.android.cellbroadcast
06-16 23:31:16.534  3895  3895 I AconfigPackage: com.android.adservices.flags is mapped to com.android.adservices
06-16 23:31:16.534  3895  3895 I AconfigPackage: com.android.sdksandbox.flags is mapped to com.android.adservices
06-16 23:31:16.534  3895  3895 I AconfigPackage: com.android.uwb.flags is mapped to com.android.uwb
06-16 23:31:16.534  3895  3895 I AconfigPackage: com.android.ranging.flags is mapped to com.android.uwb
06-16 23:31:16.534  3895  3895 I AconfigPackage: android.graphics.pdf.flags is mapped to com.android.mediaprovider
06-16 23:31:16.534  3895  3895 I AconfigPackage: com.android.providers.media.flags is mapped to com.android.mediaprovider
06-16 23:31:16.534  3895  3895 I AconfigPackage: android.graphics.pdf.flags.readonly is mapped to com.android.mediaprovider
06-16 23:31:16.534  3895  3895 I AconfigPackage: com.android.net.ct.flags is mapped to com.android.tethering
06-16 23:31:16.534  3895  3895 I AconfigPackage: com.android.net.flags is mapped to com.android.tethering
06-16 23:31:16.534  3895  3895 I AconfigPackage: android.net.vcn is mapped to com.android.tethering
06-16 23:31:16.534  3895  3895 I AconfigPackage: com.android.nearby.flags is mapped to com.android.tethering
06-16 23:31:16.534  3895  3895 I AconfigPackage: android.net.http is mapped to com.android.tethering
06-16 23:31:16.534  3895  3895 I AconfigPackage: com.android.net.thread.flags is mapped to com.android.tethering
06-16 23:31:16.534  3895  3895 I AconfigPackage: com.android.system.virtualmachine.flags is mapped to com.android.virt
06-16 23:31:16.534  3895  3895 E FeatureFlagsImplExport: android.os.flagging.AconfigStorageReadException: ERROR_PACKAGE_NOT_FOUND: package android.xr cannot be found on the device
06-16 23:31:16.535  3895  3895 D UiAutomationConnection: Created on user UserHandle{0}
06-16 23:31:16.535  3895  3895 I UiAutomation: Initialized for user 0 on display 0
06-16 23:31:16.535  3895  3895 W UiAutomation: Created with deprecatead constructor, assumes DEFAULT_DISPLAY
06-16 23:31:16.536   675   992 D AccessibilityManagerService: changeCurrentUserForTestAutomationIfNeededLocked(0): ignoring because device doesn't support visible background users
06-16 23:31:16.536   675   992 I UiAutomationManager: Registering UiTestAutomationService (id=com.android.server.accessibility/UiAutomation, flags=0x0) when called by user 0
06-16 23:31:16.536   675   992 V AccessibilityManagerService: onUserStateChangedLocked for userId: 0, forceUpdate: false
06-16 23:31:16.537   675   992 W MagnificationConnectionManager: requestConnection duplicated request: connect=false, mConnectionState=DISCONNECTED
06-16 23:31:16.538  1573  2718 I AiAiEcho: Settings changed for uri: content://settings/secure/accessibility_enabled
06-16 23:31:16.539   675   675 W IPCThreadState: Sending oneway calls to frozen process.
06-16 23:31:16.539   675   675 W IPCThreadState: Sending oneway calls to frozen process.
06-16 23:31:16.539   675   675 W IPCThreadState: Sending oneway calls to frozen process.
06-16 23:31:16.539   675   675 W IPCThreadState: Sending oneway calls to frozen process.
06-16 23:31:16.539   675   675 W IPCThreadState: Sending oneway calls to frozen process.
06-16 23:31:16.539   675   675 W IPCThreadState: Sending oneway calls to frozen process.
06-16 23:31:16.539  1573  1793 I AiAiEcho: Predicting[0]:  [CONTEXT sampling_count=5 ]
06-16 23:31:16.539   675   675 W IPCThreadState: Sending oneway calls to frozen process.
06-16 23:31:16.539  1573  1793 I AiAiEcho: EchoTargets:
06-16 23:31:16.539  1573  1793 I AiAiEcho: Filtered by AiAi flag check:
06-16 23:31:16.539  1573  1793 I AiAiEcho: [CONTEXT ratelimit_period="10 SECONDS" ]
06-16 23:31:16.539   675   675 W IPCThreadState: Sending oneway calls to frozen process.
06-16 23:31:16.539   675   675 W IPCThreadState: Sending oneway calls to frozen process.
06-16 23:31:16.539   675   675 W IPCThreadState: Sending oneway calls to frozen process.
06-16 23:31:16.539  1573  1793 I AiAiEcho: #remoteViewsTwiddler: feature disabled.
06-16 23:31:16.540  3895  3907 V UiAutomation: Init UiAutomation@ce9ed20[id=2, displayId=0, flags=0]
06-16 23:31:16.540   675   675 W IPCThreadState: Sending oneway calls to frozen process.
06-16 23:31:16.540   675   675 W IPCThreadState: Sending oneway calls to frozen process.
06-16 23:31:16.540   675   675 W IPCThreadState: Sending oneway calls to frozen process.
06-16 23:31:16.540   675   675 W IPCThreadState: Sending oneway calls to frozen process.
06-16 23:31:16.540   675   675 W IPCThreadState: Sending oneway calls to frozen process.
06-16 23:31:16.540   675   675 W IPCThreadState: Sending oneway calls to frozen process.
06-16 23:31:16.540   675   675 W IPCThreadState: Sending oneway calls to frozen process.
06-16 23:31:16.540   675   675 W IPCThreadState: Sending oneway calls to frozen process.
06-16 23:31:16.540  1573  1793 I AiAiEcho: Predicting[0]:  [CONTEXT sampling_count=5 ]
06-16 23:31:16.540   675   675 W IPCThreadState: Sending oneway calls to frozen process.
06-16 23:31:16.540   675   675 W IPCThreadState: Sending oneway calls to frozen process.
06-16 23:31:16.540   675   675 W IPCThreadState: Sending oneway calls to frozen process.
06-16 23:31:16.540  1573  1793 I AiAiEcho: EchoTargets:
06-16 23:31:16.540  1573  1793 I AiAiEcho: Filtered by AiAi flag check:
06-16 23:31:16.540  1573  1793 I AiAiEcho: [CONTEXT ratelimit_period="10 SECONDS" ]
06-16 23:31:16.540   675   675 D BatterySaverPolicy: accessibility changed to true, updating policy.
06-16 23:31:16.540  1573  1793 I AiAiEcho: #remoteViewsTwiddler: feature disabled.
06-16 23:31:16.540  1573  1793 I AiAiEcho: #postPredictionTargets: Sending updates to UISurface lockscreen with targets# 0 (types=[])
06-16 23:31:16.541  1573  1793 I AiAiEcho: #postPredictionTargets: Sending updates to UISurface home with targets# 0 (types=[])
06-16 23:31:16.541   923   923 W PageIndicator: Total number of pages invalid: 0. Assuming 1 page.
06-16 23:31:16.541   675   992 V AccessibilityManagerService: onUserStateChangedLocked for userId: 0, forceUpdate: false
06-16 23:31:16.542   675   992 W MagnificationConnectionManager: requestConnection duplicated request: connect=false, mConnectionState=DISCONNECTED
06-16 23:31:16.543  1573  2106 I AiAiEcho: Settings changed for uri: content://settings/secure/accessibility_enabled
06-16 23:31:16.544   675   675 W IPCThreadState: Sending oneway calls to frozen process.
06-16 23:31:16.544   675   675 W IPCThreadState: Sending oneway calls to frozen process.
06-16 23:31:16.544   675   675 W IPCThreadState: Sending oneway calls to frozen process.
06-16 23:31:16.544   675   675 W IPCThreadState: Sending oneway calls to frozen process.
06-16 23:31:16.544   675   675 W IPCThreadState: Sending oneway calls to frozen process.
06-16 23:31:16.544   675   675 W IPCThreadState: Sending oneway calls to frozen process.
06-16 23:31:16.544   675   675 W IPCThreadState: Sending oneway calls to frozen process.
06-16 23:31:16.544   675   675 W IPCThreadState: Sending oneway calls to frozen process.
06-16 23:31:16.544   675   675 W IPCThreadState: Sending oneway calls to frozen process.
06-16 23:31:16.544   675   675 W IPCThreadState: Sending oneway calls to frozen process.
06-16 23:31:16.544   675   675 W IPCThreadState: Sending oneway calls to frozen process.
06-16 23:31:16.544   675   675 W IPCThreadState: Sending oneway calls to frozen process.
06-16 23:31:16.544   675   675 W IPCThreadState: Sending oneway calls to frozen process.
06-16 23:31:16.544   675   675 W IPCThreadState: Sending oneway calls to frozen process.
06-16 23:31:16.546  1573  1793 I AiAiEcho: Predicting[0]:  [CONTEXT sampling_count=5 ]
06-16 23:31:16.546  1573  1793 I AiAiEcho: EchoTargets:
06-16 23:31:16.546  1573  1793 I AiAiEcho: Filtered by AiAi flag check:
06-16 23:31:16.546  1573  1793 I AiAiEcho: [CONTEXT ratelimit_period="10 SECONDS" ]
06-16 23:31:16.546  1573  1793 I AiAiEcho: #remoteViewsTwiddler: feature disabled.
06-16 23:31:16.546  1573  1793 I AiAiEcho: Predicting[0]:  [CONTEXT sampling_count=5 ]
06-16 23:31:16.546  1573  1793 I AiAiEcho: EchoTargets:
06-16 23:31:16.546  1573  1793 I AiAiEcho: Filtered by AiAi flag check:
06-16 23:31:16.546  1573  1793 I AiAiEcho: [CONTEXT ratelimit_period="10 SECONDS" ]
06-16 23:31:16.546  1573  1793 I AiAiEcho: #remoteViewsTwiddler: feature disabled.
06-16 23:31:16.546  1573  1793 I AiAiEcho: #postPredictionTargets: Sending updates to UISurface lockscreen with targets# 0 (types=[])
06-16 23:31:16.546  1573  1793 I AiAiEcho: #postPredictionTargets: Sending updates to UISurface home with targets# 0 (types=[])
06-16 23:31:16.547  1060  1060 D SsBaseTemplateCard: No text view can be set up
06-16 23:31:16.547  1060  1060 D SsBaseTemplateCard: Passed-in item info is null
06-16 23:31:16.547  1060  1060 D SsBaseTemplateCard: Passed-in item info is null
06-16 23:31:16.548  1060  1060 D SsBaseTemplateCard: Passed-in item info is null
06-16 23:31:16.548  1060  1060 I SsBaseTemplateCard: Secondary card pane is null
06-16 23:31:16.550   923   923 W PageIndicator: Total number of pages invalid: 0. Assuming 1 page.
06-16 23:31:16.550  1060  1060 D SsBaseTemplateCard: No text view can be set up
06-16 23:31:16.550  1060  1060 D SsBaseTemplateCard: Passed-in item info is null
06-16 23:31:16.550  1060  1060 D SsBaseTemplateCard: Passed-in item info is null
06-16 23:31:16.550  1060  1060 D SsBaseTemplateCard: Passed-in item info is null
06-16 23:31:16.550  1060  1060 I SsBaseTemplateCard: Secondary card pane is null
06-16 23:31:17.298   675   823 D WifiClientModeImpl[8870:wlan0]: updateLinkLayerStatsRssiSpeedFrequencyCapabilities rssi=-50 TxLinkspeed=1 freq=2447 RxLinkSpeed=2
06-16 23:31:17.298   675   823 D WifiDataStall: tx tput in kbps: 11000
06-16 23:31:17.298   675   823 D WifiDataStall: rx tput in kbps: 11000
06-16 23:31:17.298   675   823 V WifiConfigManager: Updating scan detail cache freq=2447 BSSID=00:13:10:85:fe:01 RSSI=-50 for "AndroidWifi"NONE
06-16 23:31:17.298   675   823 D WifiThroughputPredictor:  utilization (LLS) 80 isBluetoothConnected: false final utilization: 80
06-16 23:31:17.298   675   823 D WifiThroughputPredictor:  BW: 0 RSSI: -50 Nss: 1 Mode: 1 symDur: 4000 snrDb 30 bitPerTone: 4500 rate: 54 throughput: 11
06-16 23:31:17.298   675   823 D WifiThroughputPredictor:  utilization (LLS) 80 isBluetoothConnected: false final utilization: 80
06-16 23:31:17.298   675   823 D WifiThroughputPredictor:  BW: 0 RSSI: -50 Nss: 1 Mode: 1 symDur: 4000 snrDb 30 bitPerTone: 4500 rate: 54 throughput: 11
06-16 23:31:17.298   675   823 D WifiThroughputPredictor:  utilization (LLS) 80 isBluetoothConnected: false final utilization: 80
06-16 23:31:17.298   675   823 D WifiThroughputPredictor:  BW: 0 RSSI: -50 Nss: 1 Mode: 1 symDur: 4000 snrDb 30 bitPerTone: 4500 rate: 54 throughput: 11
06-16 23:31:17.298   675   823 D WifiThroughputPredictor:  utilization (LLS) 80 isBluetoothConnected: false final utilization: 80
06-16 23:31:17.298   675   823 D WifiThroughputPredictor:  BW: 0 RSSI: -50 Nss: 1 Mode: 1 symDur: 4000 snrDb 30 bitPerTone: 4500 rate: 54 throughput: 11
06-16 23:31:17.298   675   823 D WifiScoreCard: BSSID update SIGNAL_POLL ID: 1101133663 SSID: "AndroidWifi", BSSID: 00:13:10:85:fe:01, MAC: 02:15:b2:00:00:00, IP: /10.0.2.16, Security type: 0, Supplicant state: COMPLETED, Wi-Fi standard: legacy, RSSI: -50, Link speed: 1Mbps, Tx Link speed: 1Mbps, Max Supported Tx Link speed: 11Mbps, Rx Link speed: 2Mbps, Max Supported Rx Link speed: 11Mbps, Frequency: 2447MHz, Net ID: 0, Metered hint: false, score: 60, isUsable: true, CarrierMerged: false, SubscriptionId: -1, IsPrimary: 1, Trusted: true, Restricted: false, Ephemeral: false, OEM paid: false, OEM private: false, OSU AP: false, FQDN: <none>, Provider friendly name: <none>, Requesting package name: <none>"AndroidWifi"openMLO Information: , Is TID-To-Link negotiation supported by the AP: false, AP MLD Address: <none>, AP MLO Link Id: <none>, AP MLO Affiliated links: <none>, Vendor Data: <none>
06-16 23:31:17.298   675   823 D WifiScoreCard: txRate: 1 txSpeed: 1
06-16 23:31:17.298   675   823 D WifiScoreCard: network update SIGNAL_POLL "AndroidWifi" ID: 9264453 RSSI -50 txSpeed -1
06-16 23:31:17.299   675   823 D WifiClientModeImpl[8870:wlan0]:  ClientModeImpl$L2ConnectedState screen=on 1 0 "AndroidWifi" 00:13:10:85:fe:01 rssi=-50 f=2447 sc=60 link=1 tx=0.4, 0.0, 0.0 rx=0.6 bcn=0 [on:0 tx:0 rx:0 period:3009] from screen [on:0 period:-778550541] score=60
06-16 23:31:17.574  3746  3746 I cr_A11yState: Enabled accessibility services list updated. []
06-16 23:31:17.574  3746  3746 D AutofillManager: Fill dialog is enabled:false, hints=[]
06-16 23:31:17.575  3746  3746 I cr_A11yState: Informing listeners of changes.
06-16 23:31:17.575  3746  3746 I cr_A11yState: New AccessibilityState: State{isScreenReaderEnabled=false, isTouchExplorationEnabled=false, isPerformGesturesEnabled=false, isAnyAccessibilityServiceEnabled=false, isAccessibilityToolPresent=false, isSpokenFeedbackServicePresent=false, isTextShowPasswordEnabled=true, isOnlyPasswordManagersEnabled=false}
06-16 23:31:17.577  3895  3895 W AccessibilityNodeInfoDumper: Fetch time: 24ms
06-16 23:31:17.577   675  2703 V AccessibilityManagerService: onUserStateChangedLocked for userId: 0, forceUpdate: false
06-16 23:31:17.578   675  2703 W MagnificationConnectionManager: requestConnection duplicated request: connect=false, mConnectionState=DISCONNECTED
06-16 23:31:17.578   675  2703 D AccessibilityManagerService: restoreCurrentUserForTestAutomationIfNeededLocked(): ignoring because device doesn't support visible background users
06-16 23:31:17.578   675   675 W IPCThreadState: Sending oneway calls to frozen process.
06-16 23:31:17.578   675   675 W IPCThreadState: Sending oneway calls to frozen process.
06-16 23:31:17.578   675   675 W IPCThreadState: Sending oneway calls to frozen process.
06-16 23:31:17.578   675   675 W IPCThreadState: Sending oneway calls to frozen process.
06-16 23:31:17.578   675   675 W IPCThreadState: Sending oneway calls to frozen process.
06-16 23:31:17.579   675   675 W IPCThreadState: Sending oneway calls to frozen process.
06-16 23:31:17.579   675   675 W IPCThreadState: Sending oneway calls to frozen process.
06-16 23:31:17.579   675   675 W IPCThreadState: Sending oneway calls to frozen process.
06-16 23:31:17.579   675   675 W IPCThreadState: Sending oneway calls to frozen process.
06-16 23:31:17.579   675   675 W IPCThreadState: Sending oneway calls to frozen process.
06-16 23:31:17.579  1573  1584 I AiAiEcho: Settings changed for uri: content://settings/secure/accessibility_enabled
06-16 23:31:17.579   675   675 W IPCThreadState: Sending oneway calls to frozen process.
06-16 23:31:17.579   675   675 W IPCThreadState: Sending oneway calls to frozen process.
06-16 23:31:17.579  3895  3895 D AndroidRuntime: Shutting down VM
06-16 23:31:17.580  3895  3908 W IPCThreadState: call to talkWithDriver in joinThreadPool returned error: -9 (Bad file descriptor), FD: -1
06-16 23:31:17.580   675   675 W IPCThreadState: Sending oneway calls to frozen process.
06-16 23:31:17.580   675   675 W IPCThreadState: Sending oneway calls to frozen process.
06-16 23:31:17.581   675   675 W IPCThreadState: Sending oneway calls to frozen process.
06-16 23:31:17.581   675   675 W IPCThreadState: Sending oneway calls to frozen process.
06-16 23:31:17.581   675   675 W IPCThreadState: Sending oneway calls to frozen process.
06-16 23:31:17.581   675   675 W IPCThreadState: Sending oneway calls to frozen process.
06-16 23:31:17.581   675   675 W IPCThreadState: Sending oneway calls to frozen process.
06-16 23:31:17.581   675   675 W IPCThreadState: Sending oneway calls to frozen process.
06-16 23:31:17.581   675   675 W IPCThreadState: Sending oneway calls to frozen process.
06-16 23:31:17.581   675   675 D BatterySaverPolicy: accessibility changed to false, updating policy.
06-16 23:31:17.581  1573  1793 I AiAiEcho: Predicting[0]:  [CONTEXT sampling_count=5 ]
06-16 23:31:17.581  1573  1793 I AiAiEcho: EchoTargets:
06-16 23:31:17.581  1573  1793 I AiAiEcho: Filtered by AiAi flag check:
06-16 23:31:17.581  1573  1793 I AiAiEcho: [CONTEXT ratelimit_period="10 SECONDS" ]
06-16 23:31:17.582  3895  3904 W IPCThreadState: call to talkWithDriver in joinThreadPool returned error: -9 (Bad file descriptor), FD: -1
06-16 23:31:17.582  3895  3905 W IPCThreadState: call to talkWithDriver in joinThreadPool returned error: -9 (Bad file descriptor), FD: -1
06-16 23:31:17.582  1573  1793 I AiAiEcho: #remoteViewsTwiddler: feature disabled.
06-16 23:31:17.583  1573  1793 I AiAiEcho: Predicting[0]:  [CONTEXT sampling_count=5 ]
06-16 23:31:17.583  1573  1793 I AiAiEcho: EchoTargets:
06-16 23:31:17.583  1573  1793 I AiAiEcho: Filtered by AiAi flag check:
06-16 23:31:17.583  1573  1793 I AiAiEcho: [CONTEXT ratelimit_period="10 SECONDS" ]
06-16 23:31:17.583  1573  1793 I AiAiEcho: #remoteViewsTwiddler: feature disabled.
06-16 23:31:17.583  1573  1793 I AiAiEcho: #postPredictionTargets: Sending updates to UISurface lockscreen with targets# 0 (types=[])
06-16 23:31:17.583  1573  1793 I AiAiEcho: #postPredictionTargets: Sending updates to UISurface home with targets# 0 (types=[])
06-16 23:31:17.583   923   923 W PageIndicator: Total number of pages invalid: 0. Assuming 1 page.
06-16 23:31:17.584  1060  1060 D SsBaseTemplateCard: No text view can be set up
06-16 23:31:17.584  1060  1060 D SsBaseTemplateCard: Passed-in item info is null
06-16 23:31:17.584  1060  1060 D SsBaseTemplateCard: Passed-in item info is null
06-16 23:31:17.584  1060  1060 D SsBaseTemplateCard: Passed-in item info is null
06-16 23:31:17.584  1060  1060 I SsBaseTemplateCard: Secondary card pane is null
06-16 23:31:17.817  1048  1272 D SatelliteController: iisInCarrierRoamingNbIotNtn: satellite is disabled
06-16 23:31:18.417   910   910 D wpa_supplicant: nl80211: Drv Event 64 (NL80211_CMD_NOTIFY_CQM) received for wlan0
06-16 23:31:18.417   910   910 D wpa_supplicant: nl80211: Beacon loss event
06-16 23:31:18.417   910   910 D wpa_supplicant: wlan0: Event BEACON_LOSS (53) received
06-16 23:31:18.417   910   910 I wpa_supplicant: wlan0: CTRL-EVENT-BEACON-LOSS
