--------- beginning of system
06-16 23:30:57.412   675   992 I ActivityManager: Force stopping com.arunprakash.brain appid=10213 user=0: from pid 3737
--------- beginning of main
06-16 23:30:57.412   675   992 W IPCThreadState: Sending oneway calls to frozen process.
06-16 23:30:57.413   675   992 W IPCThreadState: Sending oneway calls to frozen process.
06-16 23:30:57.413   675   992 W IPCThreadState: Sending oneway calls to frozen process.
06-16 23:30:57.413   675   992 W IPCThreadState: Sending oneway calls to frozen process.
06-16 23:30:57.413   675   992 W IPCThreadState: Sending oneway calls to frozen process.
06-16 23:30:57.413   675   992 W IPCThreadState: Sending oneway calls to frozen process.
06-16 23:30:57.413   675   992 W IPCThreadState: Sending oneway calls to frozen process.
06-16 23:30:57.413   675   992 W IPCThreadState: Sending oneway calls to frozen process.
06-16 23:30:57.413   675   992 W IPCThreadState: Sending oneway calls to frozen process.
06-16 23:30:57.413   675   992 W IPCThreadState: Sending oneway calls to frozen process.
06-16 23:30:57.413   675   992 W IPCThreadState: Sending oneway calls to frozen process.
06-16 23:30:57.413   675   992 W IPCThreadState: Sending oneway calls to frozen process.
06-16 23:30:57.413   675   992 W IPCThreadState: Sending oneway calls to frozen process.
06-16 23:30:57.413   675   992 W IPCThreadState: Sending oneway calls to frozen process.
06-16 23:30:57.413   675   992 W IPCThreadState: Sending oneway calls to frozen process.
06-16 23:30:57.413   675   992 W IPCThreadState: Sending oneway calls to frozen process.
06-16 23:30:57.413   675   992 W IPCThreadState: Sending oneway calls to frozen process.
06-16 23:30:57.413   675   992 W IPCThreadState: Sending oneway calls to frozen process.
06-16 23:30:57.413   675   992 W IPCThreadState: Sending oneway calls to frozen process.
06-16 23:30:57.413   675   992 W IPCThreadState: Sending oneway calls to frozen process.
06-16 23:30:57.413   675   992 W IPCThreadState: Sending oneway calls to frozen process.
06-16 23:30:57.413   675   992 W IPCThreadState: Sending oneway calls to frozen process.
06-16 23:30:57.413   675   992 W IPCThreadState: Sending oneway calls to frozen process.
06-16 23:30:57.414   675   992 W IPCThreadState: Sending oneway calls to frozen process.
06-16 23:30:57.414   675   992 W IPCThreadState: Sending oneway calls to frozen process.
06-16 23:30:57.414   675   992 W IPCThreadState: Sending oneway calls to frozen process.
06-16 23:30:57.414   675   992 W IPCThreadState: Sending oneway calls to frozen process.
06-16 23:30:57.414   675   992 W IPCThreadState: Sending oneway calls to frozen process.
06-16 23:30:57.414   675   992 W IPCThreadState: Sending oneway calls to frozen process.
06-16 23:30:57.414   675   992 W IPCThreadState: Sending oneway calls to frozen process.
06-16 23:30:57.414   675   992 W IPCThreadState: Sending oneway calls to frozen process.
06-16 23:30:57.414   675   992 W IPCThreadState: Sending oneway calls to frozen process.
06-16 23:30:57.414   675   992 W IPCThreadState: Sending oneway calls to frozen process.
06-16 23:30:57.414   675   992 W IPCThreadState: Sending oneway calls to frozen process.
06-16 23:30:57.414   675   992 W IPCThreadState: Sending oneway calls to frozen process.
06-16 23:30:57.414   675   992 W IPCThreadState: Sending oneway calls to frozen process.
06-16 23:30:57.414   675   992 W IPCThreadState: Sending oneway calls to frozen process.
06-16 23:30:57.414   675   992 W IPCThreadState: Sending oneway calls to frozen process.
06-16 23:30:57.414   675   992 W IPCThreadState: Sending oneway calls to frozen process.
06-16 23:30:57.414   675   992 W IPCThreadState: Sending oneway calls to frozen process.
06-16 23:30:57.414   675   992 W IPCThreadState: Sending oneway calls to frozen process.
06-16 23:30:57.414   675   992 W IPCThreadState: Sending oneway calls to frozen process.
06-16 23:30:57.414   675   992 W IPCThreadState: Sending oneway calls to frozen process.
06-16 23:30:57.414   675   992 W IPCThreadState: Sending oneway calls to frozen process.
06-16 23:30:57.418   675   858 I AppWidgetServiceImpl: Received broadcast: android.intent.action.PACKAGE_RESTARTED on user 0
06-16 23:30:57.418   675   858 I AppWidgetServiceImpl: Updating package stopped masked state for uid 10213 package com.arunprakash.brain isStopped true
06-16 23:30:57.419  1048  1048 D CarrierSvcBindHelper: onHandleForceStop: [com.arunprakash.brain]
06-16 23:30:57.419  1048  1048 D CarrierSvcBindHelper: No carrier app for: 0
06-16 23:30:57.420   675   795 I system_server: AssetManager2(0xb4000075dec423b8) locale list changing from [] to [en-US]
06-16 23:30:57.422   675   795 I system_server: AssetManager2(0xb4000075dec474f8) locale list changing from [] to [en-US]
06-16 23:30:57.423   675   795 I system_server: AssetManager2(0xb4000075dec73d78) locale list changing from [] to [en-US]
06-16 23:30:57.444   675   992 W ActivityTaskManager: callingPackage for (uid=2000, pid=3742) has no WPC
06-16 23:30:57.449   675   992 I system_server: AssetManager2(0xb4000075dec75cb8) locale list changing from [] to [en-US]
06-16 23:30:57.450   675   992 V GrammaticalInflectionUtils: AttributionSource: AttributionSource { uid = 10213, packageName = null, attributionTag = null, token = android.os.Binder@bc9fd9b, deviceId = 0, next = null } does not have READ_SYSTEM_GRAMMATICAL_GENDER permission.
06-16 23:30:57.450   675   992 W OptProp : Cannot read opt property android.window.PROPERTY_COMPAT_ALLOW_USER_ASPECT_RATIO_OVERRIDE
06-16 23:30:57.450   675   992 W OptProp : Cannot read opt property android.window.PROPERTY_COMPAT_ALLOW_USER_ASPECT_RATIO_FULLSCREEN_OVERRIDE
06-16 23:30:57.450   675   992 W OptProp : Cannot read opt property android.window.PROPERTY_COMPAT_ALLOW_RESIZEABLE_ACTIVITY_OVERRIDES
06-16 23:30:57.451   675   992 W OptProp : Cannot read opt property android.window.PROPERTY_COMPAT_ALLOW_MIN_ASPECT_RATIO_OVERRIDE
06-16 23:30:57.453   675   992 W OptProp : Cannot read opt property android.window.PROPERTY_COMPAT_ALLOW_ORIENTATION_OVERRIDE
06-16 23:30:57.454   517  1103 I BpBinder: onLastStrongRef automatically unlinking death recipients:
06-16 23:30:57.456   675   992 I ActivityTaskManager: START u0 {act=android.intent.action.SEND typ=text/plain flg=0x10000000 xflg=0x4 cmp=com.arunprakash.brain/.MainActivity (has extras)} with LAUNCH_SINGLE_TASK from uid 2000 (BAL_ALLOW_PERMISSION) result code=0
06-16 23:30:57.456   923  1134 I ndroid.systemui: AssetManager2(0xb4000075deb7a6d8) locale list changing from [] to [en-US]
06-16 23:30:57.457   923   995 V WindowManagerShell: Transition requested (#10): android.os.BinderProxy@bf892df TransitionRequestInfo { type = OPEN, triggerTask = TaskInfo{userId=0 taskId=53 effectiveUid=10213 displayId=0 isRunning=true baseIntent=Intent { act=android.intent.action.SEND typ=text/plain flg=0x10000000 cmp=com.arunprakash.brain/.MainActivity } baseActivity=ComponentInfo{com.arunprakash.brain/com.arunprakash.brain.MainActivity} topActivity=ComponentInfo{com.arunprakash.brain/com.arunprakash.brain.MainActivity} origActivity=null realActivity=ComponentInfo{com.arunprakash.brain/com.arunprakash.brain.MainActivity} numActivities=1 lastActiveTime=1055999 supportsMultiWindow=true resizeMode=1 isResizeable=true minWidth=-1 minHeight=-1 defaultMinSize=220 token=WCT{android.window.IWindowContainerToken$Stub$Proxy@d10ab2c} topActivityType=1 pictureInPictureParams=null shouldDockBigOverlays=false launchIntoPipHostTaskId=-1 lastParentTaskIdBeforePip=-1 displayCutoutSafeInsets=Rect(0, 132 - 0, 0) topActivityInfo=ActivityInfo{44879f5 com.arunprakash.brain.MainActivity} launchCookies=[] positionInParent=Point(0, 0) parentTaskId=-1 isFocused=false isVisible=false isVisibleRequested=false isTopActivityNoDisplay=false isSleeping=false locusId=null displayAreaFeatureId=1 isTopActivityTransparent=false isActivityStackTransparent=false lastNonFullscreenBounds=Rect(276, 694 - 804, 1774) capturedLink=null capturedLinkTimestamp=0 requestedVisibleTypes=-9 topActivityRequestOpenInBrowserEducationTimestamp=0 appCompatTaskInfo=AppCompatTaskInfo { topActivityInSizeCompat=false eligibleForLetterboxEducation= false isLetterboxEducationEnabled= true isLetterboxDoubleTapEnabled= false eligibleForUserAspectRatioButton= false topActivityBoundsLetterboxed= false isFromLetterboxDoubleTap= false topActivityLetterboxVerticalPosition= -1 topActivityLetterboxHorizontalPosition= -1 topActivityLetterboxWidth=-1 topActivityLetterboxHeight=-1 topActivityAppBounds=Rect(0, 0 - 1080, 2400) isUserFullscreenOverrideEnabled=false isSystemFullscreenOverrideEnabled=false hasMinAspectRatioOverride=false topActivityLetterboxBounds=null cameraCompatTaskInfo=CameraCompatTaskInfo { freeformCameraCompatMode=inactive}} topActivityMainWindowFrame=null}, pipChange = null, remoteTransition = null, displayChange = null, flags = 0, debugId = 10 }
06-16 23:30:57.457   923   995 D ShellSplitScreen: logExit: no-op, mLoggerSessionId is null
06-16 23:30:57.459   675  2153 D CompatChangeReporter: Compat change id reported: 377864165; UID 10213; state: ENABLED
06-16 23:30:57.459   923   995 D WindowManagerShell: setLauncherKeepClearAreaHeight: visible=false, height=527
06-16 23:30:57.459   675   705 V GrammaticalInflectionUtils: AttributionSource: AttributionSource { uid = 10213, packageName = null, attributionTag = null, token = android.os.Binder@bc9fd9b, deviceId = 0, next = null } does not have READ_SYSTEM_GRAMMATICAL_GENDER permission.
06-16 23:30:57.459  1060  1060 W SplitSelectStateCtor: Missing session instanceIds
06-16 23:30:57.459  1060  1060 D StatsLog: LAUNCHER_SPLIT_SELECTION_EXIT_INTERRUPTED
06-16 23:30:57.460   517   517 I BpBinder: onLastStrongRef automatically unlinking death recipients:
06-16 23:30:57.484   675   858 I AppWidgetServiceImpl: Received broadcast: android.intent.action.PACKAGE_UNSTOPPED on user 0
06-16 23:30:57.485   675   858 I AppWidgetServiceImpl: Updating package stopped masked state for uid 10213 package com.arunprakash.brain isStopped false
06-16 23:30:57.495   675   876 D BackgroundInstallControlService: Package event received: 0
06-16 23:30:57.519   462   543 I netd    : tetherGetStats() -> {[]} <2.55ms>
06-16 23:30:57.533   923  1135 W HWUI    : Image decoding logging dropped!
06-16 23:30:57.533   465   465 D Zygote  : Forked child process 3746
06-16 23:30:57.534   675   712 W ActivityManager: Slow operation: 75ms so far, now at startProcess: returned from zygote!
06-16 23:30:57.534   675   712 W ActivityManager: Slow operation: 75ms so far, now at startProcess: done updating battery stats
06-16 23:30:57.534   675   712 W ActivityManager: Slow operation: 75ms so far, now at startProcess: building log message
06-16 23:30:57.534   675   712 I ActivityManager: Start proc 3746:com.arunprakash.brain/u0a213 for next-top-activity {com.arunprakash.brain/com.arunprakash.brain.MainActivity}
06-16 23:30:57.534   675   712 W ActivityManager: Slow operation: 75ms so far, now at startProcess: starting to update pids map
06-16 23:30:57.534   675   712 I ActivityManager: ProcessObserver broadcast disabled
06-16 23:30:57.534   675   712 W ActivityManager: Slow operation: 75ms so far, now at startProcess: done updating pids map
06-16 23:30:57.542   923  1135 D SplashScreenView: Build android.window.SplashScreenView{40c83af V.E...... ......ID 0,0-0,0}
06-16 23:30:57.542   923  1135 D SplashScreenView: Icon: view: android.widget.ImageView{1cd93bc V.ED..... ......I. 0,0-0,0 #1020542 android:id/splashscreen_icon_view} drawable: com.android.wm.shell.startingsurface.SplashscreenIconDrawableFactory$ImmobileIconDrawable@6f35f45 size: 420
06-16 23:30:57.542   923  1135 D SplashScreenView: Branding: view: android.view.View{104c69a G.ED..... ......I. 0,0-0,0 #1020541 android:id/splashscreen_branding_view} drawable: null size w: 0 h: 0
06-16 23:30:57.555   923  1352 V WindowManagerShell: onTransitionReady(transaction=2899102925169)
06-16 23:30:57.555   923   995 V WindowManagerShell: onTransitionReady (#10) android.os.BinderProxy@bf892df: {id=10 t=OPEN f=0x0 trk=0 r=[0@Point(0, 0)] c=[
06-16 23:30:57.555   923   995 V WindowManagerShell:         {m=OPEN f=NONE leash=Surface(name=Task=53)/@0xc9fc943 sb=Rect(0, 0 - 1080, 2400) eb=Rect(0, 0 - 1080, 2400) epz=Point(1080, 2400) d=0 taskParent=-1},
06-16 23:30:57.555   923   995 V WindowManagerShell:         {m=TO_BACK f=SHOW_WALLPAPER leash=Surface(name=Task=1)/@0xc2d4bc0 sb=Rect(0, 0 - 1080, 2400) eb=Rect(0, 0 - 1080, 2400) epz=Point(1080, 2400) d=0 taskParent=-1},
06-16 23:30:57.555   923   995 V WindowManagerShell:         {m=TO_BACK f=IS_WALLPAPER leash=Surface(name=WallpaperWindowToken{51beabf showWhenLocked=false})/@0x2ddf0f9 sb=Rect(0, 0 - 1080, 2400) eb=Rect(0, 0 - 1080, 2400) epz=Point(1080, 2400) d=0}
06-16 23:30:57.555   923   995 V WindowManagerShell:     ]}
06-16 23:30:57.555   675   702 V WindowManager: Sent Transition (#10) createdAt=06-16 23:30:57.451 via request=TransitionRequestInfo { type = OPEN, triggerTask = TaskInfo{userId=0 taskId=53 effectiveUid=10213 displayId=0 isRunning=true baseIntent=Intent { act=android.intent.action.SEND typ=text/plain flg=0x10000000 cmp=com.arunprakash.brain/.MainActivity } baseActivity=ComponentInfo{com.arunprakash.brain/com.arunprakash.brain.MainActivity} topActivity=ComponentInfo{com.arunprakash.brain/com.arunprakash.brain.MainActivity} origActivity=null realActivity=ComponentInfo{com.arunprakash.brain/com.arunprakash.brain.MainActivity} numActivities=1 lastActiveTime=1055999 supportsMultiWindow=true resizeMode=1 isResizeable=true minWidth=-1 minHeight=-1 defaultMinSize=220 token=WCT{RemoteToken{2c3037d Task{bd2fce0 #53 type=standard A=10213:com.arunprakash.brain}}} topActivityType=1 pictureInPictureParams=null shouldDockBigOverlays=false launchIntoPipHostTaskId=-1 lastParentTaskIdBeforePip=-1 displayCutoutSafeInsets=Rect(0, 132 - 0, 0) topActivityInfo=ActivityInfo{7c6c272 com.arunprakash.brain.MainActivity} launchCookies=[] positionInParent=Point(0, 0) parentTaskId=-1 isFocused=false isVisible=false isVisibleRequested=false isTopActivityNoDisplay=false isSleeping=false locusId=null displayAreaFeatureId=1 isTopActivityTransparent=false isActivityStackTransparent=false lastNonFullscreenBounds=Rect(276, 694 - 804, 1774) capturedLink=null capturedLinkTimestamp=0 requestedVisibleTypes=-9 topActivityRequestOpenInBrowserEducationTimestamp=0 appCompatTaskInfo=AppCompatTaskInfo { topActivityInSizeCompat=false eligibleForLetterboxEducation= false isLetterboxEducationEnabled= true isLetterboxDoubleTapEnabled= false eligibleForUserAspectRatioButton= false topActivityBoundsLetterboxed= false isFromLetterboxDoubleTap= false topActivityLetterboxVerticalPosition= -1 topActivityLetterboxHorizontalPosition= -1 topActivityLetterboxWidth=-1 topActivityLetterboxHeight=-1 topActivityAppBounds=Rect(0, 0 - 1080, 2400) isUserFullscreenOverrideEnabled=false isSystemFullscreenOverrideEnabled=false hasMinAspectRatioOverride=false topActivityLetterboxBounds=null cameraCompatTaskInfo=CameraCompatTaskInfo { freeformCameraCompatMode=inactive}} topActivityMainWindowFrame=null}, pipChange = null, remoteTransition = null, displayChange = null, flags = 0, debugId = 10 }
06-16 23:30:57.556   675   702 V WindowManager:     startWCT=WindowContainerTransaction { changes= {} hops= [] errorCallbackToken=null taskFragmentOrganizer=null }
06-16 23:30:57.556   675   702 V WindowManager:     info={id=10 t=OPEN f=0x0 trk=0 r=[0@Point(0, 0)] c=[
06-16 23:30:57.556   675   702 V WindowManager:         {WCT{RemoteToken{2c3037d Task{bd2fce0 #53 type=standard A=10213:com.arunprakash.brain}}} m=OPEN f=NONE leash=Surface(name=Task=53)/@0xbc56441 sb=Rect(0, 0 - 1080, 2400) eb=Rect(0, 0 - 1080, 2400) epz=Point(1080, 2400) d=0 taskParent=-1},
06-16 23:30:57.556   675   702 V WindowManager:         {WCT{RemoteToken{f015a79 Task{be75274 #1 type=home}}} m=TO_BACK f=SHOW_WALLPAPER leash=Surface(name=Task=1)/@0x558df28 sb=Rect(0, 0 - 1080, 2400) eb=Rect(0, 0 - 1080, 2400) epz=Point(1080, 2400) d=0 taskParent=-1},
06-16 23:30:57.556   675   702 V WindowManager:         {m=TO_BACK f=IS_WALLPAPER leash=Surface(name=WallpaperWindowToken{51beabf showWhenLocked=false})/@0x149694b sb=Rect(0, 0 - 1080, 2400) eb=Rect(0, 0 - 1080, 2400) epz=Point(1080, 2400) d=0}
06-16 23:30:57.556   675   702 V WindowManager:     ]}
06-16 23:30:57.557   923   995 V WindowManagerShell: Playing animation for (#10) android.os.BinderProxy@bf892df@0
06-16 23:30:57.558   923   995 V ShellRecents: RecentsTransitionHandler.startAnimation: no controller found
06-16 23:30:57.558   923   995 V WindowManagerShell: Transition doesn't have explicit remote, search filters for match for {id=10 t=OPEN f=0x0 trk=0 r=[0@Point(0, 0)] c=[{m=OPEN f=NONE leash=Surface(name=Task=53)/@0xc9fc943 sb=Rect(0, 0 - 1080, 2400) eb=Rect(0, 0 - 1080, 2400) epz=Point(1080, 2400) d=0 taskParent=-1},{m=TO_BACK f=SHOW_WALLPAPER leash=Surface(name=Task=1)/@0xc2d4bc0 sb=Rect(0, 0 - 1080, 2400) eb=Rect(0, 0 - 1080, 2400) epz=Point(1080, 2400) d=0 taskParent=-1},{m=TO_BACK f=IS_WALLPAPER leash=Surface(name=WallpaperWindowToken{51beabf showWhenLocked=false})/@0x2ddf0f9 sb=Rect(0, 0 - 1080, 2400) eb=Rect(0, 0 - 1080, 2400) epz=Point(1080, 2400) d=0}]}
06-16 23:30:57.558   923   995 V WindowManagerShell:  Checking filter Pair{{types=[] flags=0x0] notFlags=0x0 checks=[{atype=undefined independent=true modes=[CLOSE,TO_BACK] flags=IN_TASK_WITH_EMBEDDED_ACTIVITY mustBeTask=false order=ANY topActivity=null launchCookie=null taskFragmentToken=android.os.BinderProxy@47b63ec windowingMode=undefined}]} RemoteTransition { remoteTransition = android.window.IRemoteTransition$Stub$Proxy@583a3b5, appThread = android.app.IApplicationThread$Stub$Proxy@7ec0a4a, debugName = overlayBackTransition }}
06-16 23:30:57.558   923   995 V WindowManagerShell:  Checking filter Pair{{types=[] flags=0x0] notFlags=0x0 checks=[{atype=dream independent=true modes=[OPEN,TO_FRONT] flags=NONE mustBeTask=false order=ANY topActivity=null launchCookie=null windowingMode=undefined},{atype=home independent=true modes=[CLOSE,TO_BACK] flags=NONE mustBeTask=false order=ANY topActivity=null launchCookie=null windowingMode=undefined}]} RemoteTransition { remoteTransition = android.window.IRemoteTransition$Stub$Proxy@9df1dbb, appThread = android.app.IApplicationThread$Stub$Proxy@8b0d2d8, debugName = LauncherToDream }}
06-16 23:30:57.558   923   995 V WindowManagerShell:  Checking filter Pair{{types=[] flags=0x0] notFlags=0x100 checks=[{atype=home independent=true modes=[OPEN,TO_FRONT] flags=NONE mustBeTask=false order=TOP topActivity=ComponentInfo{com.google.android.apps.nexuslauncher/com.google.android.apps.nexuslauncher.NexusLauncherActivity} launchCookie=null windowingMode=undefined},{atype=standard independent=true modes=[CLOSE,TO_BACK] flags=NONE mustBeTask=false order=ANY topActivity=null launchCookie=null windowingMode=undefined},{NOT atype=undefined independent=true modes=[] flags=NONE mustBeTask=true order=ANY topActivity=null launchCookie=null customAnim=true windowingMode=undefined}]} RemoteTransition { remoteTransition = android.window.IRemoteTransition$Stub$Proxy@e97c631, appThread = android.app.IApplicationThread$Stub$Proxy@fe88116, debugName = QuickstepLaunchHome }}
06-16 23:30:57.558   923   995 V WindowManagerShell:  Delegate animation for (#10) to null
06-16 23:30:57.558   923   995 V WindowManagerShell: start default transition animation, info = {id=10 t=OPEN f=0x0 trk=0 r=[0@Point(0, 0)] c=[{m=OPEN f=NONE leash=Surface(name=Task=53)/@0xc9fc943 sb=Rect(0, 0 - 1080, 2400) eb=Rect(0, 0 - 1080, 2400) epz=Point(1080, 2400) d=0 taskParent=-1},{m=TO_BACK f=SHOW_WALLPAPER leash=Surface(name=Task=1)/@0xc2d4bc0 sb=Rect(0, 0 - 1080, 2400) eb=Rect(0, 0 - 1080, 2400) epz=Point(1080, 2400) d=0 taskParent=-1},{m=TO_BACK f=IS_WALLPAPER leash=Surface(name=WallpaperWindowToken{51beabf showWhenLocked=false})/@0x2ddf0f9 sb=Rect(0, 0 - 1080, 2400) eb=Rect(0, 0 - 1080, 2400) epz=Point(1080, 2400) d=0}]}
06-16 23:30:57.559  3746  3746 I unprakash.brain: Late-enabling -Xcheck:jni
06-16 23:30:57.559   923   995 V WindowManagerShell: loadAnimation: anim=android.view.animation.AnimationSet@cf1946d animAttr=0x13 type=OPEN isEntrance=false
06-16 23:30:57.561   923   995 V WindowManagerShell: loadAnimation: anim=android.view.animation.AnimationSet@c869cee animAttr=0x12 type=OPEN isEntrance=true
06-16 23:30:57.564   923   995 V WindowManagerShell:  animated by com.android.wm.shell.transition.DefaultTransitionHandler@7f4663
06-16 23:30:57.585  3746  3746 I unprakash.brain: Using CollectorTypeCMC GC.
06-16 23:30:57.588   520   561 I adbd    : jdwp connection from 3746
06-16 23:30:57.591  3746  3746 D nativeloader: Load libframework-connectivity-tiramisu-jni.so using APEX ns com_android_tethering for caller /apex/com.android.tethering/javalib/framework-connectivity-t.jar: ok
06-16 23:30:57.601   675   876 D BackgroundInstallControlService: Package event received: 0
06-16 23:30:57.706  3746  3746 D nativeloader: Configuring clns-9 for other apk /data/app/~~ZRST-hJ0H4DX25YkqKmuQg==/com.arunprakash.brain-DDGYpHOtdpo0Ys_Q3CO0PQ==/base.apk. target_sdk_version=36, uses_libraries=, library_path=/data/app/~~ZRST-hJ0H4DX25YkqKmuQg==/com.arunprakash.brain-DDGYpHOtdpo0Ys_Q3CO0PQ==/lib/arm64, permitted_path=/data:/mnt/expand:/data/user/0/com.arunprakash.brain
06-16 23:30:57.709  3746  3746 I unprakash.brain: AssetManager2(0xb4000075deb4a938) locale list changing from [] to [en-US]
06-16 23:30:57.714  3746  3746 V GraphicsEnvironment: Currently set values for:
06-16 23:30:57.714  3746  3746 V GraphicsEnvironment:   angle_gl_driver_selection_pkgs=[]
06-16 23:30:57.714  3746  3746 V GraphicsEnvironment:   angle_gl_driver_selection_values=[]
06-16 23:30:57.714  3746  3746 V GraphicsEnvironment: com.arunprakash.brain is not listed in per-application setting
06-16 23:30:57.715  3746  3746 V GraphicsEnvironment: ANGLE allowlist from config: com.dreamgames.royalmatch com.dts.freefiremax com.dxx.firenow com.gramgames.mergedragons com.ludo.king com.mojang.minecraftpe com.my.defense com.nintendo.zaka com.os.airforce com.playrix.fishdomdd.gplay io.teslatech.callbreak jp.konami.prospia net.peakgames.toonblast
06-16 23:30:57.715  3746  3746 V GraphicsEnvironment: com.arunprakash.brain is not listed in ANGLE allowlist or settings, returning default
06-16 23:30:57.715  3746  3746 V GraphicsEnvironment: Neither updatable production driver nor prerelease driver is supported.
06-16 23:30:57.724   675  2153 W OptProp : Cannot read opt property android.window.PROPERTY_COMPAT_ENABLE_FAKE_FOCUS
06-16 23:30:57.725   675   876 D BackgroundInstallControlService: Package event received: 0
06-16 23:30:57.725   675   876 D BackgroundInstallControlService: Package event received: 0
06-16 23:30:57.729  3746  3761 I DisplayManager: Choreographer implicitly registered for the refresh rate.
06-16 23:30:57.730  3746  3746 I unprakash.brain: AssetManager2(0xb4000075deb56af8) locale list changing from [] to [en-US]
06-16 23:30:57.744  3746  3746 D AppCompatDelegate: Checking for metadata for AppLocalesMetadataHolderService : Service not found
06-16 23:30:57.744  3746  3746 I unprakash.brain: AssetManager2(0xb4000075deb52c78) locale list changing from [] to [en-US]
06-16 23:30:57.748  3746  3746 E ashmem  : Pinning is deprecated since Android Q. Please use trim or other methods.
06-16 23:30:57.749  3746  3761 I EGL_emulation: Opening libGLESv1_CM_emulation.so
06-16 23:30:57.750  3746  3761 I EGL_emulation: Opening libGLESv2_emulation.so
06-16 23:30:57.753  3746  3761 W HWUI    : Failed to choose config with EGL_SWAP_BEHAVIOR_PRESERVED, retrying without...
06-16 23:30:57.753  3746  3761 W HWUI    : Failed to initialize 101010-2 format, error = EGL_SUCCESS
06-16 23:30:57.766  3746  3746 D CompatChangeReporter: Compat change id reported: 377864165; UID 10213; state: ENABLED
06-16 23:30:57.767  3746  3746 D DesktopModeFlags: Toggle override initialized to: OVERRIDE_UNSET
06-16 23:30:57.776  3746  3746 I unprakash.brain: hiddenapi: Accessing hidden method Landroid/view/ViewGroup;->makeOptionalFitsSystemWindows()V (runtime_flags=0, domain=platform, api=unsupported) from Landroidx/appcompat/widget/ViewUtils; (domain=app) using reflection: allowed
06-16 23:30:57.785  3746  3746 I unprakash.brain: AssetManager2(0xb4000075deb57458) locale list changing from [] to [en-US]
06-16 23:30:57.785  3746  3746 I WebViewFactory: Loading com.google.android.webview version 133.0.6943.137 (code 694313732)
06-16 23:30:57.785  3746  3746 I unprakash.brain: AssetManager2(0xb4000075deb55518) locale list changing from [] to [en-US]
06-16 23:30:57.786  3746  3746 I unprakash.brain: AssetManager2(0xb4000075deb580d8) locale list changing from [] to [en-US]
06-16 23:30:57.786  3746  3746 I unprakash.brain: AssetManager2(0xb4000075deb564b8) locale list changing from [] to [en-US]
06-16 23:30:57.786  3746  3746 I unprakash.brain: AssetManager2(0xb4000075deb51ff8) locale list changing from [] to [en-US]
06-16 23:30:57.787  3746  3746 V ResourcesManager: The following library key has been added: ResourcesKey{ mHash=821b88aa mResDir=null mSplitDirs=[] mOverlayDirs=[] mLibDirs=[/data/app/~~8EQ0CQSFeacIWsLSgKCLew==/com.google.android.webview-31p1nKGbdMsRohRGqtzW9w==/WebViewGoogle.apk,/data/app/~~CRawBP1awgXlyZ4_6msebw==/com.google.android.trichromelibrary_694313732-kYVIO9OTa1IOhkiHgqtNMA==/TrichromeLibrary.apk,/system_ext/framework/androidx.window.extensions.jar] mDisplayId=0 mOverrideConfig=v36 mCompatInfo={420dpi always-compat} mLoaders=[]}
06-16 23:30:57.787  3746  3746 W unprakash.brain: Failed to find entry 'classes.dex': Entry not found
06-16 23:30:57.788  3746  3746 D nativeloader: Configuring clns-10 for other apk /data/app/~~CRawBP1awgXlyZ4_6msebw==/com.google.android.trichromelibrary_694313732-kYVIO9OTa1IOhkiHgqtNMA==/TrichromeLibrary.apk. target_sdk_version=34, uses_libraries=ALL, library_path=/data/app/~~8EQ0CQSFeacIWsLSgKCLew==/com.google.android.webview-31p1nKGbdMsRohRGqtzW9w==/lib/arm64:/data/app/~~8EQ0CQSFeacIWsLSgKCLew==/com.google.android.webview-31p1nKGbdMsRohRGqtzW9w==/WebViewGoogle.apk!/lib/arm64-v8a:/data/app/~~CRawBP1awgXlyZ4_6msebw==/com.google.android.trichromelibrary_694313732-kYVIO9OTa1IOhkiHgqtNMA==/TrichromeLibrary.apk!/lib/arm64-v8a, permitted_path=/data:/mnt/expand
06-16 23:30:57.789  3746  3746 D ApplicationLoaders: Returning zygote-cached class loader: /system_ext/framework/androidx.window.extensions.jar
06-16 23:30:57.792  3746  3746 D nativeloader: Configuring clns-11 for other apk /data/app/~~8EQ0CQSFeacIWsLSgKCLew==/com.google.android.webview-31p1nKGbdMsRohRGqtzW9w==/WebViewGoogle.apk. target_sdk_version=34, uses_libraries=, library_path=/data/app/~~8EQ0CQSFeacIWsLSgKCLew==/com.google.android.webview-31p1nKGbdMsRohRGqtzW9w==/lib/arm64:/data/app/~~8EQ0CQSFeacIWsLSgKCLew==/com.google.android.webview-31p1nKGbdMsRohRGqtzW9w==/WebViewGoogle.apk!/lib/arm64-v8a:/data/app/~~CRawBP1awgXlyZ4_6msebw==/com.google.android.trichromelibrary_694313732-kYVIO9OTa1IOhkiHgqtNMA==/TrichromeLibrary.apk!/lib/arm64-v8a, permitted_path=/data:/mnt/expand
06-16 23:30:57.813  1048  1272 D SatelliteController: iisInCarrierRoamingNbIotNtn: satellite is disabled
06-16 23:30:57.826  3746  3746 I cr_WVCFactoryProvider: version=133.0.6943.137 (694313732) minSdkVersion=29 isBundle=false multiprocess=true packageId=2
06-16 23:30:57.827  3746  3746 I unprakash.brain: AssetManager2(0xb4000075deb55e78) locale list changing from [] to [en-US]
06-16 23:30:57.841  3746  3746 D nativeloader: Load /data/app/~~CRawBP1awgXlyZ4_6msebw==/com.google.android.trichromelibrary_694313732-kYVIO9OTa1IOhkiHgqtNMA==/TrichromeLibrary.apk!/lib/arm64-v8a/libmonochrome_64.so using class loader ns clns-11 (caller=/data/app/~~8EQ0CQSFeacIWsLSgKCLew==/com.google.android.webview-31p1nKGbdMsRohRGqtzW9w==/WebViewGoogle.apk): ok
06-16 23:30:57.855  3746  3746 D nativeloader: Load /system/lib64/libwebviewchromium_plat_support.so using class loader ns clns-11 (caller=/data/app/~~8EQ0CQSFeacIWsLSgKCLew==/com.google.android.webview-31p1nKGbdMsRohRGqtzW9w==/WebViewGoogle.apk): ok
06-16 23:30:57.863  3746  3766 I chromium: [0616/233057.860080:INFO:variations_seed_loader.cc(67)] Failed to open file for reading.: No such file or directory (2)
06-16 23:30:57.863   923   995 V WindowManagerShell: Transition animation finished (aborted=false), notifying core (#10) android.os.BinderProxy@bf892df@0
06-16 23:30:57.865   675   702 V WindowManager: Finish Transition (#10): created at 06-16 23:30:57.451 collect-started=0.061ms request-sent=4.91ms started=7.017ms ready=102.451ms sent=103.408ms commit=23.003ms finished=413.808ms
06-16 23:30:57.866  3746  3766 I cr_VariationsUtils: Failed reading seed file "/data/user/0/com.arunprakash.brain/app_webview/variations_seed_new"
06-16 23:30:57.866  1060  1060 D VRI[NexusLauncherActivity]: visibilityChanged oldVisibility=true newVisibility=false
06-16 23:30:57.869   923   995 V WindowManagerShell: Track 0 became idle
06-16 23:30:57.869   923   995 V WindowManagerShell: All active transition animations finished
06-16 23:30:57.870  3746  3766 I cr_VariationsUtils: Requesting new seed from IVariationsSeedServer
06-16 23:30:57.872   675   876 D BackgroundInstallControlService: Package event received: 0
06-16 23:30:57.872   675  2153 V GrammaticalInflectionUtils: AttributionSource: AttributionSource { uid = 10168, packageName = null, attributionTag = null, token = android.os.Binder@bc9fd9b, deviceId = 0, next = null } does not have READ_SYSTEM_GRAMMATICAL_GENDER permission.
06-16 23:30:57.877  1060  1060 D NexusLauncherModelDelegate: notifySmartspaceEvent: SmartspaceTargetEvent{mSmartspaceTarget=null, mSmartspaceActionId='null', mEventType=7}
06-16 23:30:57.883   465   465 D Zygote  : Forked child process 3768
06-16 23:30:57.883   675   712 I ActivityManager: Start proc 3768:com.google.android.webview:webview_service/u0a168 for service {com.google.android.webview/org.chromium.android_webview.services.VariationsSeedServer}
06-16 23:30:57.883   675   712 I ActivityManager: ProcessObserver broadcast disabled
06-16 23:30:57.883  3746  3746 I cr_LibraryLoader: Successfully loaded native library
06-16 23:30:57.886  3746  3746 I cr_CachingUmaRecorder: Flushed 6 samples from 6 histograms, 0 samples were dropped.
06-16 23:30:57.889  3746  3746 I cr_VariationsUtils: Loaded seed with age 34154s
06-16 23:30:57.891  3746  3746 I cr_CombinedPProvider: #registerProvider() provider:WV.C8@f6e9193 isPolicyCacheEnabled:false policyProvidersSize:0
06-16 23:30:57.891  3746  3746 I cr_PolicyProvider: #setManagerAndSource() 0
06-16 23:30:57.894   675  2153 V GrammaticalInflectionUtils: AttributionSource: AttributionSource { uid = 99000, packageName = null, attributionTag = null, token = android.os.Binder@bc9fd9b, deviceId = 0, next = null } does not have READ_SYSTEM_GRAMMATICAL_GENDER permission.
06-16 23:30:57.899  1011  1011 I Zygote  : Entering forkRepeatedly native zygote loop
06-16 23:30:57.902   675   876 D BackgroundInstallControlService: Package event received: 0
06-16 23:30:57.904  1011  1011 D Zygote  : Forked child process 3771
06-16 23:30:57.906  3768  3768 I webview_service: Using CollectorTypeCMC GC.
06-16 23:30:57.907  3771  3771 E libc    : SetHeapTaggingLevel: re-enabling tagging after it was disabled is not supported
06-16 23:30:57.908  3771  3771 I ocessService0:0: Using CollectorTypeCMC GC.
06-16 23:30:57.908  3768  3768 E webview_service: Not starting debugger since process cannot load the jdwp agent.
06-16 23:30:57.909  3771  3771 E ocessService0:0: Not starting debugger since process cannot load the jdwp agent.
06-16 23:30:57.909   675  1626 D ActivityManager: sync unfroze 1535 com.google.android.gms for 6
06-16 23:30:57.910   675   876 D BackgroundInstallControlService: Package event received: 0
06-16 23:30:57.910  3768  3768 D nativeloader: Load libframework-connectivity-tiramisu-jni.so using APEX ns com_android_tethering for caller /apex/com.android.tethering/javalib/framework-connectivity-t.jar: ok
06-16 23:30:57.914  3771  3771 D nativeloader: Load libframework-connectivity-tiramisu-jni.so using APEX ns com_android_tethering for caller /apex/com.android.tethering/javalib/framework-connectivity-t.jar: ok
06-16 23:30:57.916   675   712 I ActivityManager: Start proc 3771:com.google.android.webview:sandboxed_process0:org.chromium.content.app.SandboxedProcessService0:0/u0ai9000 for  {com.arunprakash.brain/org.chromium.content.app.SandboxedProcessService0:0}
06-16 23:30:57.916   675   712 I ActivityManager: ProcessObserver broadcast disabled
06-16 23:30:57.918   675  2703 W ProcessStats: Tracking association SourceState{da360da com.arunprakash.brain/10213 BTop #2066} whose proc state 2 is better than process ProcessState{d43173d com.google.android.gms/10144 pkg=com.google.android.gms} proc state 14 (5 skipped)
06-16 23:30:57.918  3771  3771 D CompatChangeReporter: Compat change id reported: 242716250; UID 99000; state: ENABLED
06-16 23:30:57.921  3768  3768 D CompatChangeReporter: Compat change id reported: 242716250; UID 10168; state: ENABLED
06-16 23:30:57.921  1535  1535 D BoundBrokerSvc: onBind: Intent { act=com.google.android.gms.safetynet.service.START xflg=0x4 pkg=com.google.android.gms }
06-16 23:30:57.921  1535  1535 D BoundBrokerSvc: Loading bound service for intent: Intent { act=com.google.android.gms.safetynet.service.START xflg=0x4 pkg=com.google.android.gms }
06-16 23:30:57.922  3771  3771 D ApplicationLoaders: Returning zygote-cached class loader: /system_ext/framework/androidx.window.extensions.jar
06-16 23:30:57.923  3771  3771 I ocessService0:0: AssetManager2(0x75deb4a2f8) locale list changing from [] to [en-US]
06-16 23:30:57.923  3768  3768 W webview_service: Failed to find entry 'classes.dex': Entry not found
06-16 23:30:57.924  3768  3768 D nativeloader: Configuring clns-9 for other apk /data/app/~~CRawBP1awgXlyZ4_6msebw==/com.google.android.trichromelibrary_694313732-kYVIO9OTa1IOhkiHgqtNMA==/TrichromeLibrary.apk. target_sdk_version=34, uses_libraries=ALL, library_path=/data/app/~~8EQ0CQSFeacIWsLSgKCLew==/com.google.android.webview-31p1nKGbdMsRohRGqtzW9w==/lib/arm64:/data/app/~~8EQ0CQSFeacIWsLSgKCLew==/com.google.android.webview-31p1nKGbdMsRohRGqtzW9w==/WebViewGoogle.apk!/lib/arm64-v8a:/data/app/~~CRawBP1awgXlyZ4_6msebw==/com.google.android.trichromelibrary_694313732-kYVIO9OTa1IOhkiHgqtNMA==/TrichromeLibrary.apk!/lib/arm64-v8a, permitted_path=/data:/mnt/expand:/data/user/0/com.google.android.webview
--------- beginning of kernel
06-16 23:30:57.925   221   221 W servicemanager: Isolated app with UID 99000 requested 'network_management', but the service is not allowed for isolated apps.
06-16 23:30:57.926   221   221 W servicemanager: Isolated app with UID 99000 requested 'connectivity', but the service is not allowed for isolated apps.
06-16 23:30:57.924  3771  3771 I LoadedApk: No resource references to update in package com.google.android.trichromelibrary
06-16 23:30:57.924  3768  3768 D ApplicationLoaders: Returning zygote-cached class loader: /system_ext/framework/androidx.window.extensions.jar
06-16 23:30:57.925  3771  3771 I cr_WebViewApkApp: version=133.0.6943.137 (694313732) minSdkVersion=29 isBundle=false processName=com.google.android.webview:sandboxed_process0:org.chromium.content.app.SandboxedProcessService0:0
06-16 23:30:57.925   675   876 D BackgroundInstallControlService: Package event received: 0
06-16 23:30:57.926  3771  3771 I cr_ChildProcessService: Creating new ChildProcessService pid=3771
06-16 23:30:57.927  3746  3746 I cr_CombinedPProvider: #linkNativeInternal() 1
06-16 23:30:57.929   221   221 W servicemanager: Isolated app with UID 99000 requested 'content_capture', but the service is not allowed for isolated apps.
06-16 23:30:57.929  3746  3746 I cr_AppResProvider: #getApplicationRestrictionsFromUserManager() Bundle[EMPTY_PARCEL]
06-16 23:30:57.929  3746  3746 I cr_PolicyProvider: #notifySettingsAvailable() 0
06-16 23:30:57.929  3746  3746 I cr_CombinedPProvider: #onSettingsAvailable() 0
06-16 23:30:57.929  3746  3746 I cr_CombinedPProvider: #flushPolicies()
06-16 23:30:57.930  3768  3768 D nativeloader: Configuring clns-10 for other apk /data/app/~~8EQ0CQSFeacIWsLSgKCLew==/com.google.android.webview-31p1nKGbdMsRohRGqtzW9w==/WebViewGoogle.apk. target_sdk_version=34, uses_libraries=, library_path=/data/app/~~8EQ0CQSFeacIWsLSgKCLew==/com.google.android.webview-31p1nKGbdMsRohRGqtzW9w==/lib/arm64:/data/app/~~8EQ0CQSFeacIWsLSgKCLew==/com.google.android.webview-31p1nKGbdMsRohRGqtzW9w==/WebViewGoogle.apk!/lib/arm64-v8a:/data/app/~~CRawBP1awgXlyZ4_6msebw==/com.google.android.trichromelibrary_694313732-kYVIO9OTa1IOhkiHgqtNMA==/TrichromeLibrary.apk!/lib/arm64-v8a, permitted_path=/data:/mnt/expand:/data/user/0/com.google.android.webview
06-16 23:30:57.932  3768  3768 I webview_service: AssetManager2(0xb4000075deb4a2f8) locale list changing from [] to [en-US]
06-16 23:30:57.932  1535  3791 I GmscoreIpa: Starting mediastore instant index [CONTEXT service_id=255 ]
06-16 23:30:57.934  3768  3768 V GraphicsEnvironment: Currently set values for:
06-16 23:30:57.934  3768  3768 V GraphicsEnvironment:   angle_gl_driver_selection_pkgs=[]
06-16 23:30:57.934  3768  3768 V GraphicsEnvironment:   angle_gl_driver_selection_values=[]
06-16 23:30:57.934  3768  3768 V GraphicsEnvironment: com.google.android.webview is not listed in per-application setting
06-16 23:30:57.934  3768  3768 V GraphicsEnvironment: ANGLE allowlist from config: com.dreamgames.royalmatch com.dts.freefiremax com.dxx.firenow com.gramgames.mergedragons com.ludo.king com.mojang.minecraftpe com.my.defense com.nintendo.zaka com.os.airforce com.playrix.fishdomdd.gplay io.teslatech.callbreak jp.konami.prospia net.peakgames.toonblast
06-16 23:30:57.934  3768  3768 V GraphicsEnvironment: com.google.android.webview is not listed in ANGLE allowlist or settings, returning default
06-16 23:30:57.934  3768  3768 V GraphicsEnvironment: Neither updatable production driver nor prerelease driver is supported.
06-16 23:30:57.935  3768  3768 I LoadedApk: No resource references to update in package com.google.android.trichromelibrary
06-16 23:30:57.936  3768  3768 I cr_WebViewApkApp: version=133.0.6943.137 (694313732) minSdkVersion=29 isBundle=false processName=com.google.android.webview:webview_service
06-16 23:30:57.938   675   876 D BackgroundInstallControlService: Package event received: 0
06-16 23:30:57.986  3746  3797 W chromium: [WARNING:dns_config_service_android.cc(81)] Failed to read DnsConfig.
06-16 23:30:57.991  3746  3746 I unprakash.brain: AssetManager2(0xb4000075deb49cb8) locale list changing from [] to [en-US]
06-16 23:30:57.992  3746  3746 I unprakash.brain: AssetManager2(0xb4000075deb57a98) locale list changing from [] to [en-US]
06-16 23:30:58.023   675   876 D BackgroundInstallControlService: Package event received: 0
06-16 23:30:58.025   675  2703 D CompatChangeReporter: Compat change id reported: 261072174; UID 10168; state: ENABLED
06-16 23:30:58.029  3768  3768 D CompatChangeReporter: Compat change id reported: 253665015; UID 10168; state: ENABLED
06-16 23:30:58.030   675  1626 D CompatChangeReporter: Compat change id reported: 271850009; UID 10168; state: ENABLED
06-16 23:30:58.030   675  1626 D CompatChangeReporter: Compat change id reported: 253665015; UID 10168; state: ENABLED
06-16 23:30:58.031   675  1626 D ConnectivityService: requestNetwork for uid/pid:1000/675 asUid: 10168 activeRequest: null callbackRequest: 165 [NetworkRequest [ REQUEST id=166, [ Capabilities: INTERNET&NOT_RESTRICTED&TRUSTED&NOT_VCN_MANAGED&NOT_BANDWIDTH_CONSTRAINED Uid: 10168 RequestorUid: 1000 RequestorPkg: android UnderlyingNetworks: Null] ]] callback flags: 0 order: 2147483647 isUidTracked: false declaredMethods: AVAIL|LOST|BLK
06-16 23:30:58.032   675   823 D WifiNetworkFactory: got request NetworkRequest [ REQUEST id=166, [ Capabilities: INTERNET&NOT_RESTRICTED&TRUSTED&NOT_VCN_MANAGED&NOT_BANDWIDTH_CONSTRAINED Uid: 10168 RequestorUid: 1000 RequestorPkg: android UnderlyingNetworks: Null] ]
06-16 23:30:58.032   675   823 V WifiNetworkFactory: Accepted network request NetworkRequest [ REQUEST id=166, [ Capabilities: INTERNET&NOT_RESTRICTED&TRUSTED&NOT_VCN_MANAGED&NOT_BANDWIDTH_CONSTRAINED Uid: 10168 RequestorUid: 1000 RequestorPkg: android UnderlyingNetworks: Null] ]
06-16 23:30:58.032   675   823 D UntrustedWifiNetworkFactory: got request NetworkRequest [ REQUEST id=166, [ Capabilities: INTERNET&NOT_RESTRICTED&TRUSTED&NOT_VCN_MANAGED&NOT_BANDWIDTH_CONSTRAINED Uid: 10168 RequestorUid: 1000 RequestorPkg: android UnderlyingNetworks: Null] ]
06-16 23:30:58.032   675   823 D OemPaidWifiNetworkFactory: got request NetworkRequest [ REQUEST id=166, [ Capabilities: INTERNET&NOT_RESTRICTED&TRUSTED&NOT_VCN_MANAGED&NOT_BANDWIDTH_CONSTRAINED Uid: 10168 RequestorUid: 1000 RequestorPkg: android UnderlyingNetworks: Null] ]
06-16 23:30:58.032   675   823 D MultiInternetWifiNetworkFactory: got request NetworkRequest [ REQUEST id=166, [ Capabilities: INTERNET&NOT_RESTRICTED&TRUSTED&NOT_VCN_MANAGED&NOT_BANDWIDTH_CONSTRAINED Uid: 10168 RequestorUid: 1000 RequestorPkg: android UnderlyingNetworks: Null] ]
06-16 23:30:58.033   675   829 D ConnectivityService: NetReassign [166 : null → 101] [c 0] [a 0] [i 1]
06-16 23:30:58.034   675   766 V GrammaticalInflectionUtils: AttributionSource: AttributionSource { uid = 10168, packageName = null, attributionTag = null, token = android.os.Binder@bc9fd9b, deviceId = 0, next = null } does not have READ_SYSTEM_GRAMMATICAL_GENDER permission.
06-16 23:30:58.037  1535  1535 D BoundBrokerSvc: onBind: Intent { act=com.google.android.gms.safebrowsing.SafeBrowsingService.START dat=chimera-action:/... xflg=0x4 cmp=com.google.android.gms/.chimera.GmsBoundBrokerService }
06-16 23:30:58.037  1535  1535 D BoundBrokerSvc: Loading bound service for intent: Intent { act=com.google.android.gms.safebrowsing.SafeBrowsingService.START dat=chimera-action:/... xflg=0x4 cmp=com.google.android.gms/.chimera.GmsBoundBrokerService }
06-16 23:30:58.041   465   465 D Zygote  : Forked child process 3818
06-16 23:30:58.041   675   712 I ActivityManager: Start proc 3818:com.google.android.webview:webview_apk/u0a168 for service {com.google.android.webview/org.chromium.android_webview.nonembedded.AwComponentUpdateService}
06-16 23:30:58.041   675   712 I ActivityManager: ProcessObserver broadcast disabled
06-16 23:30:58.061  3818  3818 I iew:webview_apk: Using CollectorTypeCMC GC.
06-16 23:30:58.062  3818  3818 E iew:webview_apk: Not starting debugger since process cannot load the jdwp agent.
06-16 23:30:58.064  3818  3818 D nativeloader: Load libframework-connectivity-tiramisu-jni.so using APEX ns com_android_tethering for caller /apex/com.android.tethering/javalib/framework-connectivity-t.jar: ok
06-16 23:30:58.066  3818  3818 D CompatChangeReporter: Compat change id reported: 242716250; UID 10168; state: ENABLED
06-16 23:30:58.068  3818  3818 W iew:webview_apk: Failed to find entry 'classes.dex': Entry not found
06-16 23:30:58.068  3746  3746 D Capacitor: Starting BridgeActivity
06-16 23:30:58.068  3818  3818 D nativeloader: Configuring clns-9 for other apk /data/app/~~CRawBP1awgXlyZ4_6msebw==/com.google.android.trichromelibrary_694313732-kYVIO9OTa1IOhkiHgqtNMA==/TrichromeLibrary.apk. target_sdk_version=34, uses_libraries=ALL, library_path=/data/app/~~8EQ0CQSFeacIWsLSgKCLew==/com.google.android.webview-31p1nKGbdMsRohRGqtzW9w==/lib/arm64:/data/app/~~8EQ0CQSFeacIWsLSgKCLew==/com.google.android.webview-31p1nKGbdMsRohRGqtzW9w==/WebViewGoogle.apk!/lib/arm64-v8a:/data/app/~~CRawBP1awgXlyZ4_6msebw==/com.google.android.trichromelibrary_694313732-kYVIO9OTa1IOhkiHgqtNMA==/TrichromeLibrary.apk!/lib/arm64-v8a, permitted_path=/data:/mnt/expand:/data/user/0/com.google.android.webview
06-16 23:30:58.068  3818  3818 D ApplicationLoaders: Returning zygote-cached class loader: /system_ext/framework/androidx.window.extensions.jar
06-16 23:30:58.069  3818  3818 D nativeloader: Configuring clns-10 for other apk /data/app/~~8EQ0CQSFeacIWsLSgKCLew==/com.google.android.webview-31p1nKGbdMsRohRGqtzW9w==/WebViewGoogle.apk. target_sdk_version=34, uses_libraries=, library_path=/data/app/~~8EQ0CQSFeacIWsLSgKCLew==/com.google.android.webview-31p1nKGbdMsRohRGqtzW9w==/lib/arm64:/data/app/~~8EQ0CQSFeacIWsLSgKCLew==/com.google.android.webview-31p1nKGbdMsRohRGqtzW9w==/WebViewGoogle.apk!/lib/arm64-v8a:/data/app/~~CRawBP1awgXlyZ4_6msebw==/com.google.android.trichromelibrary_694313732-kYVIO9OTa1IOhkiHgqtNMA==/TrichromeLibrary.apk!/lib/arm64-v8a, permitted_path=/data:/mnt/expand:/data/user/0/com.google.android.webview
06-16 23:30:58.070  3818  3818 I iew:webview_apk: AssetManager2(0xb4000075deb53c18) locale list changing from [] to [en-US]
06-16 23:30:58.071  3818  3818 V GraphicsEnvironment: Currently set values for:
06-16 23:30:58.071  3818  3818 V GraphicsEnvironment:   angle_gl_driver_selection_pkgs=[]
06-16 23:30:58.071  3818  3818 V GraphicsEnvironment:   angle_gl_driver_selection_values=[]
06-16 23:30:58.071  3818  3818 V GraphicsEnvironment: com.google.android.webview is not listed in per-application setting
06-16 23:30:58.071  3818  3818 V GraphicsEnvironment: ANGLE allowlist from config: com.dreamgames.royalmatch com.dts.freefiremax com.dxx.firenow com.gramgames.mergedragons com.ludo.king com.mojang.minecraftpe com.my.defense com.nintendo.zaka com.os.airforce com.playrix.fishdomdd.gplay io.teslatech.callbreak jp.konami.prospia net.peakgames.toonblast
06-16 23:30:58.071  3818  3818 V GraphicsEnvironment: com.google.android.webview is not listed in ANGLE allowlist or settings, returning default
06-16 23:30:58.071  3818  3818 V GraphicsEnvironment: Neither updatable production driver nor prerelease driver is supported.
06-16 23:30:58.072  3818  3818 I LoadedApk: No resource references to update in package com.google.android.trichromelibrary
06-16 23:30:58.073  3818  3818 I cr_WebViewApkApp: version=133.0.6943.137 (694313732) minSdkVersion=29 isBundle=false processName=com.google.android.webview:webview_apk
06-16 23:30:58.077  3818  3818 D nativeloader: Load /data/app/~~CRawBP1awgXlyZ4_6msebw==/com.google.android.trichromelibrary_694313732-kYVIO9OTa1IOhkiHgqtNMA==/TrichromeLibrary.apk!/lib/arm64-v8a/libmonochrome_64.so using class loader ns clns-10 (caller=/data/app/~~8EQ0CQSFeacIWsLSgKCLew==/com.google.android.webview-31p1nKGbdMsRohRGqtzW9w==/WebViewGoogle.apk): ok
06-16 23:30:58.078  3818  3818 I cr_LibraryLoader: Successfully loaded native library
06-16 23:30:58.085  3746  3746 D CapacitorShareTarget: Share received: {"title":"","texts":["https:\/\/a25.invalid\/url-share-failure-proof-20260616-2338-ist"],"files":[]}
06-16 23:30:58.088   462  3840 I resolv  : GetAddrInfoHandler::run: {101 101 101 983141 10168 0}
06-16 23:30:58.089   462  3842 I resolv  : res_nmkquery: (QUERY, IN, A)
06-16 23:30:58.089   462  3841 I resolv  : res_nmkquery: (QUERY, IN, AAAA)
06-16 23:30:58.089   462  3841 I resolv  : Connecting to {fec0::3/} with mark 0xf0065
06-16 23:30:58.091   462  3841 I resolv  :  SSL_connect returned -1 with mark 0xf0065
06-16 23:30:58.099  3746  3804 W cr_media: BLUETOOTH_CONNECT permission is missing.
06-16 23:30:58.099  3746  3804 W cr_media: getBluetoothAdapter() requires BLUETOOTH permission
06-16 23:30:58.099  3746  3804 W cr_media: registerBluetoothIntentsIfNeeded: Requires BLUETOOTH permission
06-16 23:30:58.101  3771  3790 I cr_LibraryLoader: Successfully loaded native library
06-16 23:30:58.101  3771  3790 I cr_CachingUmaRecorder: Flushed 2 samples from 2 histograms, 0 samples were dropped.
06-16 23:30:58.102  3771  3790 W SystemServiceRegistry: No service published for: uimode
06-16 23:30:58.105   221   221 W servicemanager: Isolated app with UID 99000 requested 'uimode', but the service is not allowed for isolated apps.
06-16 23:30:58.111  3746  3843 W libc    : Access denied finding property "vendor.mesa.log"
06-16 23:30:58.111  3746  3843 W libc    : Access denied finding property "vendor.mesa.log.file"
06-16 23:30:58.111  3746  3843 E MESA    : Failed to open rendernode: No such file or directory
06-16 23:30:58.113  3771  3790 W chromium: [WARNING:runtime_features.cc(560)] Fenced frames cannot be enabled in this configuration. Use --enable-features=FencedFrames instead.
06-16 23:30:58.113  3771  3790 W chromium: [WARNING:runtime_features.cc(585)] Topics cannot be enabled in this configuration. Use --enable-features=BrowsingTopics in addition.
06-16 23:30:58.113  3771  3790 W chromium: [WARNING:runtime_features.cc(606)] SharedStorage cannot be enabled in this configuration. Use --enable-features=SharedStorageAPI in addition.
06-16 23:30:58.115  3746  3746 D CapacitorShareTarget: Share received: {"title":"","texts":["https:\/\/a25.invalid\/url-share-failure-proof-20260616-2338-ist"],"files":[]}
06-16 23:30:58.126  3746  3746 W HWUI    : Unknown dataspace 0
06-16 23:30:58.126  3746  3843 W libc    : Access denied finding property "vendor.mesa.vk.trace.per.submit"
06-16 23:30:58.126  3746  3843 W libc    : Access denied finding property "vendor.mesa.gallium.print.optio"
06-16 23:30:58.126  3746  3843 W libc    : Access denied finding property "vendor.mesa.vk.trace.frame"
06-16 23:30:58.130   221   221 I servicemanager: Caller(pid=3746,uid=10213,sid=u:r:untrusted_app:s0:c213,c256,c512,c768) Found android.hardware.graphics.allocator.IAllocator/default in device VINTF manifest.
06-16 23:30:58.134   221   221 I servicemanager: Caller(pid=3746,uid=10213,sid=u:r:untrusted_app:s0:c213,c256,c512,c768) Found android.hardware.graphics.allocator.IAllocator/default in device VINTF manifest.
06-16 23:30:58.135   221   221 I servicemanager: Caller(pid=3746,uid=10213,sid=u:r:untrusted_app:s0:c213,c256,c512,c768) Found mapper/ranchu in device VINTF manifest.
06-16 23:30:58.133  3746  3843 W libc    : Access denied finding property "vendor.mesa.vk.wsi.headless.swa"
