06-16 23:37:28.738   675   675 W IPCThreadState: Sending oneway calls to frozen process.
06-16 23:37:28.738   675   675 W IPCThreadState: Sending oneway calls to frozen process.
06-16 23:37:28.739   675   675 W IPCThreadState: Sending oneway calls to frozen process.
06-16 23:37:28.739   675   675 W IPCThreadState: Sending oneway calls to frozen process.
06-16 23:37:28.739   675   675 W IPCThreadState: Sending oneway calls to frozen process.
06-16 23:37:28.739   675  2707 V AccessibilityManagerService: onUserStateChangedLocked for userId: 0, forceUpdate: false
06-16 23:37:28.739   675  2707 W MagnificationConnectionManager: requestConnection duplicated request: connect=false, mConnectionState=DISCONNECTED
06-16 23:37:28.739   675   675 W IPCThreadState: Sending oneway calls to frozen process.
06-16 23:37:28.739   675   675 W IPCThreadState: Sending oneway calls to frozen process.
06-16 23:37:28.739   675   675 W IPCThreadState: Sending oneway calls to frozen process.
06-16 23:37:28.739   675   675 W IPCThreadState: Sending oneway calls to frozen process.
06-16 23:37:28.739   675   675 W IPCThreadState: Sending oneway calls to frozen process.
06-16 23:37:28.739   675   675 W IPCThreadState: Sending oneway calls to frozen process.
06-16 23:37:28.739   675   675 W IPCThreadState: Sending oneway calls to frozen process.
06-16 23:37:28.739  1573  1793 I AiAiEcho: #postPredictionTargets: Sending updates to UISurface lockscreen with targets# 0 (types=[])
06-16 23:37:28.739   675   675 W IPCThreadState: Sending oneway calls to frozen process.
06-16 23:37:28.739   675   675 W IPCThreadState: Sending oneway calls to frozen process.
06-16 23:37:28.739   675   675 W IPCThreadState: Sending oneway calls to frozen process.
06-16 23:37:28.739   675   675 W IPCThreadState: Sending oneway calls to frozen process.
06-16 23:37:28.739   675   675 W IPCThreadState: Sending oneway calls to frozen process.
06-16 23:37:28.739   675   675 W IPCThreadState: Sending oneway calls to frozen process.
06-16 23:37:28.739   675   675 W IPCThreadState: Sending oneway calls to frozen process.
06-16 23:37:28.739   675   675 W IPCThreadState: Sending oneway calls to frozen process.
06-16 23:37:28.739   675   675 W IPCThreadState: Sending oneway calls to frozen process.
06-16 23:37:28.739   675   675 W IPCThreadState: Sending oneway calls to frozen process.
06-16 23:37:28.739   675   675 W IPCThreadState: Sending oneway calls to frozen process.
06-16 23:37:28.739   675   675 W IPCThreadState: Sending oneway calls to frozen process.
06-16 23:37:28.739   675   675 W IPCThreadState: Sending oneway calls to frozen process.
06-16 23:37:28.739   675   675 W IPCThreadState: Sending oneway calls to frozen process.
06-16 23:37:28.739   675   675 D BatterySaverPolicy: accessibility changed to true, updating policy.
06-16 23:37:28.739  1573  2718 I AiAiEcho: Settings changed for uri: content://settings/secure/accessibility_enabled
06-16 23:37:28.740  1573  1793 I AiAiEcho: #postPredictionTargets: Sending updates to UISurface home with targets# 0 (types=[])
06-16 23:37:28.741  1573  1793 I AiAiEcho: Predicting[0]:  [CONTEXT sampling_count=5 ]
06-16 23:37:28.741  1573  1793 I AiAiEcho: EchoTargets:
06-16 23:37:28.741  1573  1793 I AiAiEcho: Filtered by AiAi flag check:
06-16 23:37:28.741  1573  1793 I AiAiEcho: [CONTEXT ratelimit_period="10 SECONDS" ]
06-16 23:37:28.741  1573  1793 I AiAiEcho: #remoteViewsTwiddler: feature disabled.
06-16 23:37:28.741  1573  1793 I AiAiEcho: Predicting[0]:  [CONTEXT sampling_count=5 ]
06-16 23:37:28.741  1573  1793 I AiAiEcho: EchoTargets:
06-16 23:37:28.741  1573  1793 I AiAiEcho: Filtered by AiAi flag check:
06-16 23:37:28.741  1573  1793 I AiAiEcho: [CONTEXT ratelimit_period="10 SECONDS" ]
06-16 23:37:28.741  1573  1793 I AiAiEcho: #remoteViewsTwiddler: feature disabled.
06-16 23:37:28.741  1060  1060 D SsBaseTemplateCard: No text view can be set up
06-16 23:37:28.741  1060  1060 D SsBaseTemplateCard: Passed-in item info is null
06-16 23:37:28.741  1060  1060 D SsBaseTemplateCard: Passed-in item info is null
06-16 23:37:28.741  1060  1060 D SsBaseTemplateCard: Passed-in item info is null
06-16 23:37:28.741  1060  1060 I SsBaseTemplateCard: Secondary card pane is null
06-16 23:37:28.741  1573  1793 I AiAiEcho: #postPredictionTargets: Sending updates to UISurface lockscreen with targets# 0 (types=[])
06-16 23:37:28.742  1573  1793 I AiAiEcho: #postPredictionTargets: Sending updates to UISurface home with targets# 0 (types=[])
06-16 23:37:28.742  1060  1060 D SsBaseTemplateCard: No text view can be set up
06-16 23:37:28.742  1060  1060 D SsBaseTemplateCard: Passed-in item info is null
06-16 23:37:28.742  1060  1060 D SsBaseTemplateCard: Passed-in item info is null
06-16 23:37:28.742  1060  1060 D SsBaseTemplateCard: Passed-in item info is null
06-16 23:37:28.742  1060  1060 I SsBaseTemplateCard: Secondary card pane is null
06-16 23:37:28.746   923   923 W PageIndicator: Total number of pages invalid: 0. Assuming 1 page.
06-16 23:37:28.746   923   923 W PageIndicator: Total number of pages invalid: 0. Assuming 1 page.
06-16 23:37:29.751  1557  2830 W MediaProvider: isAppCloneUserPair for user 0: false
06-16 23:37:29.764  4031  4031 I cr_A11yState: Enabled accessibility services list updated. []
06-16 23:37:29.764  4031  4031 D AutofillManager: Fill dialog is enabled:false, hints=[]
06-16 23:37:29.765  4031  4031 I cr_A11yState: Informing listeners of changes.
06-16 23:37:29.765  4031  4031 I cr_A11yState: New AccessibilityState: State{isScreenReaderEnabled=false, isTouchExplorationEnabled=false, isPerformGesturesEnabled=false, isAnyAccessibilityServiceEnabled=false, isAccessibilityToolPresent=false, isSpokenFeedbackServicePresent=false, isTextShowPasswordEnabled=true, isOnlyPasswordManagersEnabled=false}
06-16 23:37:29.768  4132  4132 W AccessibilityNodeInfoDumper: Fetch time: 22ms
06-16 23:37:29.769   675  2707 V AccessibilityManagerService: onUserStateChangedLocked for userId: 0, forceUpdate: false
06-16 23:37:29.770   675  2707 W MagnificationConnectionManager: requestConnection duplicated request: connect=false, mConnectionState=DISCONNECTED
06-16 23:37:29.770   675  2707 D AccessibilityManagerService: restoreCurrentUserForTestAutomationIfNeededLocked(): ignoring because device doesn't support visible background users
06-16 23:37:29.770   675   675 W IPCThreadState: Sending oneway calls to frozen process.
06-16 23:37:29.770   675   675 W IPCThreadState: Sending oneway calls to frozen process.
06-16 23:37:29.770   675   675 W IPCThreadState: Sending oneway calls to frozen process.
06-16 23:37:29.770   675   675 W IPCThreadState: Sending oneway calls to frozen process.
06-16 23:37:29.770   675   675 W IPCThreadState: Sending oneway calls to frozen process.
06-16 23:37:29.770   675   675 W IPCThreadState: Sending oneway calls to frozen process.
06-16 23:37:29.770   675   675 W IPCThreadState: Sending oneway calls to frozen process.
06-16 23:37:29.770   675   675 W IPCThreadState: Sending oneway calls to frozen process.
06-16 23:37:29.770   675   675 W IPCThreadState: Sending oneway calls to frozen process.
06-16 23:37:29.770   675   675 W IPCThreadState: Sending oneway calls to frozen process.
06-16 23:37:29.771   675   675 W IPCThreadState: Sending oneway calls to frozen process.
06-16 23:37:29.771   675   675 W IPCThreadState: Sending oneway calls to frozen process.
06-16 23:37:29.771   675   675 W IPCThreadState: Sending oneway calls to frozen process.
06-16 23:37:29.771   675   675 W IPCThreadState: Sending oneway calls to frozen process.
06-16 23:37:29.771  4132  4132 D AndroidRuntime: Shutting down VM
06-16 23:37:29.771   675   675 W IPCThreadState: Sending oneway calls to frozen process.
06-16 23:37:29.771   675   675 W IPCThreadState: Sending oneway calls to frozen process.
06-16 23:37:29.771   675   675 W IPCThreadState: Sending oneway calls to frozen process.
06-16 23:37:29.771   675   675 W IPCThreadState: Sending oneway calls to frozen process.
06-16 23:37:29.771   675   675 W IPCThreadState: Sending oneway calls to frozen process.
06-16 23:37:29.771   675   675 W IPCThreadState: Sending oneway calls to frozen process.
06-16 23:37:29.771   675   675 W IPCThreadState: Sending oneway calls to frozen process.
06-16 23:37:29.771   675   675 D BatterySaverPolicy: accessibility changed to false, updating policy.
06-16 23:37:29.771  4132  4142 W IPCThreadState: call to talkWithDriver in joinThreadPool returned error: -9 (Bad file descriptor), FD: -1
06-16 23:37:29.771  4132  4145 W IPCThreadState: call to talkWithDriver in joinThreadPool returned error: -9 (Bad file descriptor), FD: -1
06-16 23:37:29.772  4132  4141 W IPCThreadState: call to talkWithDriver in joinThreadPool returned error: -9 (Bad file descriptor), FD: -1
06-16 23:37:29.774  1573  2718 I AiAiEcho: Settings changed for uri: content://settings/secure/accessibility_enabled
06-16 23:37:29.774  1573  1793 I AiAiEcho: Predicting[0]:  [CONTEXT sampling_count=5 ]
06-16 23:37:29.775  1573  1793 I AiAiEcho: EchoTargets:
06-16 23:37:29.775  1573  1793 I AiAiEcho: Filtered by AiAi flag check:
06-16 23:37:29.775  1573  1793 I AiAiEcho: [CONTEXT ratelimit_period="10 SECONDS" ]
06-16 23:37:29.775  1573  1793 I AiAiEcho: #remoteViewsTwiddler: feature disabled.
06-16 23:37:29.775  1573  1793 I AiAiEcho: Predicting[0]:  [CONTEXT sampling_count=5 ]
06-16 23:37:29.775  1573  1793 I AiAiEcho: EchoTargets:
06-16 23:37:29.775  1573  1793 I AiAiEcho: Filtered by AiAi flag check:
06-16 23:37:29.775  1573  1793 I AiAiEcho: [CONTEXT ratelimit_period="10 SECONDS" ]
06-16 23:37:29.775  1573  1793 I AiAiEcho: #remoteViewsTwiddler: feature disabled.
06-16 23:37:29.775  1573  1793 I AiAiEcho: #postPredictionTargets: Sending updates to UISurface lockscreen with targets# 0 (types=[])
06-16 23:37:29.775  1573  1793 I AiAiEcho: #postPredictionTargets: Sending updates to UISurface home with targets# 0 (types=[])
06-16 23:37:29.775   923   923 W PageIndicator: Total number of pages invalid: 0. Assuming 1 page.
06-16 23:37:29.775  1060  1060 D SsBaseTemplateCard: No text view can be set up
06-16 23:37:29.775  1060  1060 D SsBaseTemplateCard: Passed-in item info is null
06-16 23:37:29.775  1060  1060 D SsBaseTemplateCard: Passed-in item info is null
06-16 23:37:29.775  1060  1060 D SsBaseTemplateCard: Passed-in item info is null
06-16 23:37:29.775  1060  1060 I SsBaseTemplateCard: Secondary card pane is null
06-16 23:37:29.785  1247  3915 I NetworkScheduler.Stats: Task com.google.android.gms/com.google.android.gms.ipa.base.IpaGcmTaskService started execution. cause:9 exec_start_elapsed_seconds: 1448 [CONTEXT service_id=218 ]
06-16 23:37:29.788  1247  4009 I NetworkScheduler.Stats: Task com.google.android.gms/com.google.android.gms.ipa.base.IpaGcmTaskService finished executing. cause:9 result: 1 elapsed_millis: 8 uptime_millis: 8 exec_start_elapsed_seconds: 1448 [CONTEXT service_id=218 ]
06-16 23:37:30.251   675   823 D WifiClientModeImpl[8870:wlan0]: updateLinkLayerStatsRssiSpeedFrequencyCapabilities rssi=-50 TxLinkspeed=1 freq=2447 RxLinkSpeed=2
06-16 23:37:30.251   675   823 D WifiDataStall: tx tput in kbps: 11000
06-16 23:37:30.251   675   823 D WifiDataStall: rx tput in kbps: 11000
06-16 23:37:30.251   675   823 V WifiConfigManager: Updating scan detail cache freq=2447 BSSID=00:13:10:85:fe:01 RSSI=-50 for "AndroidWifi"NONE
06-16 23:37:30.251   675   823 D WifiThroughputPredictor:  utilization (LLS) 80 isBluetoothConnected: false final utilization: 80
06-16 23:37:30.251   675   823 D WifiThroughputPredictor:  BW: 0 RSSI: -50 Nss: 1 Mode: 1 symDur: 4000 snrDb 30 bitPerTone: 4500 rate: 54 throughput: 11
06-16 23:37:30.251   675   823 D WifiThroughputPredictor:  utilization (LLS) 80 isBluetoothConnected: false final utilization: 80
06-16 23:37:30.251   675   823 D WifiThroughputPredictor:  BW: 0 RSSI: -50 Nss: 1 Mode: 1 symDur: 4000 snrDb 30 bitPerTone: 4500 rate: 54 throughput: 11
06-16 23:37:30.251   675   823 D WifiThroughputPredictor:  utilization (LLS) 80 isBluetoothConnected: false final utilization: 80
06-16 23:37:30.251   675   823 D WifiThroughputPredictor:  BW: 0 RSSI: -50 Nss: 1 Mode: 1 symDur: 4000 snrDb 30 bitPerTone: 4500 rate: 54 throughput: 11
06-16 23:37:30.251   675   823 D WifiThroughputPredictor:  utilization (LLS) 80 isBluetoothConnected: false final utilization: 80
06-16 23:37:30.251   675   823 D WifiThroughputPredictor:  BW: 0 RSSI: -50 Nss: 1 Mode: 1 symDur: 4000 snrDb 30 bitPerTone: 4500 rate: 54 throughput: 11
06-16 23:37:30.252   675   823 D WifiScoreCard: BSSID update SIGNAL_POLL ID: 1101133663 SSID: "AndroidWifi", BSSID: 00:13:10:85:fe:01, MAC: 02:15:b2:00:00:00, IP: /10.0.2.16, Security type: 0, Supplicant state: COMPLETED, Wi-Fi standard: legacy, RSSI: -50, Link speed: 1Mbps, Tx Link speed: 1Mbps, Max Supported Tx Link speed: 11Mbps, Rx Link speed: 2Mbps, Max Supported Rx Link speed: 11Mbps, Frequency: 2447MHz, Net ID: 0, Metered hint: false, score: 60, isUsable: true, CarrierMerged: false, SubscriptionId: -1, IsPrimary: 1, Trusted: true, Restricted: false, Ephemeral: false, OEM paid: false, OEM private: false, OSU AP: false, FQDN: <none>, Provider friendly name: <none>, Requesting package name: <none>"AndroidWifi"openMLO Information: , Is TID-To-Link negotiation supported by the AP: false, AP MLD Address: <none>, AP MLO Link Id: <none>, AP MLO Affiliated links: <none>, Vendor Data: <none>
06-16 23:37:30.252   675   823 D WifiScoreCard: txRate: 1 txSpeed: 1
06-16 23:37:30.252   675   823 D WifiScoreCard: network update SIGNAL_POLL "AndroidWifi" ID: 9264453 RSSI -50 txSpeed -1
06-16 23:37:30.252   675   823 D WifiClientModeImpl[8870:wlan0]:  ClientModeImpl$L2ConnectedState screen=on 1 0 "AndroidWifi" 00:13:10:85:fe:01 rssi=-50 f=2447 sc=60 link=1 tx=0.3, 0.0, 0.0 rx=0.4 bcn=0 [on:0 tx:0 rx:0 period:3005] from screen [on:0 period:-778177588] score=60
06-16 23:37:30.651   231   231 I logd    : logdr: UID=2000 GID=2000 PID=4147 n tail=0 logMask=99 pid=0 start=0ns deadline=0ns
