06-16 23:37:10.469  1060  1067 W System  : A resource failed to call release.
06-16 23:37:10.469  1060  1067 W System  : A resource failed to call release.
06-16 23:37:10.469  1060  1067 W System  : A resource failed to call release.
06-16 23:37:10.542  4031  4035 I unprakash.brain: Compiler allocated 5111KB to compile void android.view.ViewRootImpl.performTraversals()
06-16 23:37:10.798   462  4117 I resolv  :  SSL_connect returned -1 with mark 0xf0065
06-16 23:37:10.799  1247  2434 I FontLog : Received query Noto Color Emoji Compat, URI content://com.google.android.gms.fonts [CONTEXT service_id=132 ]
06-16 23:37:10.799  1247  2434 I FontLog : Query [emojicompat-emoji-font] resolved to {Noto Color Emoji Compat, wdth 100.0, wght 400, ital 0.0, bestEffort false}, isVf false} [CONTEXT service_id=132 ]
06-16 23:37:10.799  1247  2434 I FontLog : Fetch {Noto Color Emoji Compat, wdth 100.0, wght 400, ital 0.0, bestEffort false}, isVf false} end status Status{statusCode=SUCCESS, resolution=null} [CONTEXT service_id=132 ]
06-16 23:37:10.800  1247  2434 I FontLog : Pulling font file for id = 23, cache size = 6 [CONTEXT service_id=132 ]
06-16 23:37:10.803  1247  2434 I FontLog : Pulling font file for id = 23, cache size = 6 [CONTEXT service_id=132 ]
06-16 23:37:10.823  1247  1252 W .gms.persistent: Cleared Reference was only reachable from finalizer (only reported once)
06-16 23:37:11.299   462  4117 I resolv  :  SSL_connect returned 1 with mark 0xf0065
06-16 23:37:11.336   462  4117 I resolv  : res_tls_send: TLS query result: 0
06-16 23:37:11.336   462  4117 I resolv  : doQuery: rcode=0, ancount=2, return value=468
06-16 23:37:11.336   462  4118 I resolv  : res_tls_send: TLS query result: 0
06-16 23:37:11.336   462  4118 I resolv  : doQuery: rcode=0, ancount=2, return value=468
06-16 23:37:12.202   675   823 D WifiClientModeImpl[8870:wlan0]: updateLinkLayerStatsRssiSpeedFrequencyCapabilities rssi=-50 TxLinkspeed=1 freq=2447 RxLinkSpeed=2
06-16 23:37:12.202   675   823 D WifiDataStall: tx tput in kbps: 11000
06-16 23:37:12.202   675   823 D WifiDataStall: rx tput in kbps: 11000
06-16 23:37:12.202   675   823 V WifiConfigManager: Updating scan detail cache freq=2447 BSSID=00:13:10:85:fe:01 RSSI=-50 for "AndroidWifi"NONE
06-16 23:37:12.202   675   823 D WifiThroughputPredictor:  utilization (LLS) 80 isBluetoothConnected: false final utilization: 80
06-16 23:37:12.202   675   823 D WifiThroughputPredictor:  BW: 0 RSSI: -50 Nss: 1 Mode: 1 symDur: 4000 snrDb 30 bitPerTone: 4500 rate: 54 throughput: 11
06-16 23:37:12.202   675   823 D WifiThroughputPredictor:  utilization (LLS) 80 isBluetoothConnected: false final utilization: 80
06-16 23:37:12.202   675   823 D WifiThroughputPredictor:  BW: 0 RSSI: -50 Nss: 1 Mode: 1 symDur: 4000 snrDb 30 bitPerTone: 4500 rate: 54 throughput: 11
06-16 23:37:12.202   675   823 D WifiThroughputPredictor:  utilization (LLS) 80 isBluetoothConnected: false final utilization: 80
06-16 23:37:12.202   675   823 D WifiThroughputPredictor:  BW: 0 RSSI: -50 Nss: 1 Mode: 1 symDur: 4000 snrDb 30 bitPerTone: 4500 rate: 54 throughput: 11
06-16 23:37:12.202   675   823 D WifiThroughputPredictor:  utilization (LLS) 80 isBluetoothConnected: false final utilization: 80
06-16 23:37:12.202   675   823 D WifiThroughputPredictor:  BW: 0 RSSI: -50 Nss: 1 Mode: 1 symDur: 4000 snrDb 30 bitPerTone: 4500 rate: 54 throughput: 11
06-16 23:37:12.202   675   823 D WifiScoreCard: BSSID update SIGNAL_POLL ID: 1101133663 SSID: "AndroidWifi", BSSID: 00:13:10:85:fe:01, MAC: 02:15:b2:00:00:00, IP: /10.0.2.16, Security type: 0, Supplicant state: COMPLETED, Wi-Fi standard: legacy, RSSI: -50, Link speed: 1Mbps, Tx Link speed: 1Mbps, Max Supported Tx Link speed: 11Mbps, Rx Link speed: 2Mbps, Max Supported Rx Link speed: 11Mbps, Frequency: 2447MHz, Net ID: 0, Metered hint: false, score: 60, isUsable: true, CarrierMerged: false, SubscriptionId: -1, IsPrimary: 1, Trusted: true, Restricted: false, Ephemeral: false, OEM paid: false, OEM private: false, OSU AP: false, FQDN: <none>, Provider friendly name: <none>, Requesting package name: <none>"AndroidWifi"openMLO Information: , Is TID-To-Link negotiation supported by the AP: false, AP MLD Address: <none>, AP MLO Link Id: <none>, AP MLO Affiliated links: <none>, Vendor Data: <none>
06-16 23:37:12.202   675   823 D WifiScoreCard: txRate: 4 txSpeed: 1
06-16 23:37:12.202   675   823 D WifiScoreCard: network update SIGNAL_POLL "AndroidWifi" ID: 9264453 RSSI -50 txSpeed 1
06-16 23:37:12.203   675   823 D WifiClientModeImpl[8870:wlan0]:  ClientModeImpl$L2ConnectedState screen=on 1 0 "AndroidWifi" 00:13:10:85:fe:01 rssi=-50 f=2447 sc=60 link=1 tx=3.7, 0.0, 0.0 rx=2.9 bcn=0 [on:0 tx:0 rx:0 period:3005] from screen [on:0 period:-778195637] score=60
06-16 23:37:13.850   675  1630 E TaskPersister: File error accessing recents directory (directory doesn't exist?).
06-16 23:37:15.206   675   823 D WifiClientModeImpl[8870:wlan0]: updateLinkLayerStatsRssiSpeedFrequencyCapabilities rssi=-50 TxLinkspeed=1 freq=2447 RxLinkSpeed=2
06-16 23:37:15.206   675   823 D WifiDataStall: tx tput in kbps: 11000
06-16 23:37:15.206   675   823 D WifiDataStall: rx tput in kbps: 11000
06-16 23:37:15.206   675   823 V WifiConfigManager: Updating scan detail cache freq=2447 BSSID=00:13:10:85:fe:01 RSSI=-50 for "AndroidWifi"NONE
06-16 23:37:15.206   675   823 D WifiThroughputPredictor:  utilization (LLS) 80 isBluetoothConnected: false final utilization: 80
06-16 23:37:15.206   675   823 D WifiThroughputPredictor:  BW: 0 RSSI: -50 Nss: 1 Mode: 1 symDur: 4000 snrDb 30 bitPerTone: 4500 rate: 54 throughput: 11
06-16 23:37:15.206   675   823 D WifiThroughputPredictor:  utilization (LLS) 80 isBluetoothConnected: false final utilization: 80
06-16 23:37:15.206   675   823 D WifiThroughputPredictor:  BW: 0 RSSI: -50 Nss: 1 Mode: 1 symDur: 4000 snrDb 30 bitPerTone: 4500 rate: 54 throughput: 11
06-16 23:37:15.206   675   823 D WifiThroughputPredictor:  utilization (LLS) 80 isBluetoothConnected: false final utilization: 80
06-16 23:37:15.206   675   823 D WifiThroughputPredictor:  BW: 0 RSSI: -50 Nss: 1 Mode: 1 symDur: 4000 snrDb 30 bitPerTone: 4500 rate: 54 throughput: 11
06-16 23:37:15.206   675   823 D WifiThroughputPredictor:  utilization (LLS) 80 isBluetoothConnected: false final utilization: 80
06-16 23:37:15.206   675   823 D WifiThroughputPredictor:  BW: 0 RSSI: -50 Nss: 1 Mode: 1 symDur: 4000 snrDb 30 bitPerTone: 4500 rate: 54 throughput: 11
06-16 23:37:15.206   675   823 D WifiScoreCard: BSSID update SIGNAL_POLL ID: 1101133663 SSID: "AndroidWifi", BSSID: 00:13:10:85:fe:01, MAC: 02:15:b2:00:00:00, IP: /10.0.2.16, Security type: 0, Supplicant state: COMPLETED, Wi-Fi standard: legacy, RSSI: -50, Link speed: 1Mbps, Tx Link speed: 1Mbps, Max Supported Tx Link speed: 11Mbps, Rx Link speed: 2Mbps, Max Supported Rx Link speed: 11Mbps, Frequency: 2447MHz, Net ID: 0, Metered hint: false, score: 60, isUsable: true, CarrierMerged: false, SubscriptionId: -1, IsPrimary: 1, Trusted: true, Restricted: false, Ephemeral: false, OEM paid: false, OEM private: false, OSU AP: false, FQDN: <none>, Provider friendly name: <none>, Requesting package name: <none>"AndroidWifi"openMLO Information: , Is TID-To-Link negotiation supported by the AP: false, AP MLD Address: <none>, AP MLO Link Id: <none>, AP MLO Affiliated links: <none>, Vendor Data: <none>
06-16 23:37:15.206   675   823 D WifiScoreCard: txRate: 23 txSpeed: 1
06-16 23:37:15.206   675   823 D WifiScoreCard: network update SIGNAL_POLL "AndroidWifi" ID: 9264453 RSSI -50 txSpeed 1
06-16 23:37:15.207   675   823 D WifiClientModeImpl[8870:wlan0]:  ClientModeImpl$L2ConnectedState screen=on 1 0 "AndroidWifi" 00:13:10:85:fe:01 rssi=-50 f=2447 sc=60 link=1 tx=22.4, 0.0, 0.0 rx=32.8 bcn=0 [on:0 tx:0 rx:0 period:3004] from screen [on:0 period:-778192633] score=60
06-16 23:37:15.428   675   829 D InetDiagMessage: Destroyed 0 sockets, proto=IPPROTO_TCP, family=AF_INET, states=14
06-16 23:37:15.428   675   829 D InetDiagMessage: Destroyed 0 sockets, proto=IPPROTO_TCP, family=AF_INET6, states=14
06-16 23:37:15.428   675   829 D InetDiagMessage: Destroyed live tcp sockets for uids={10168} in 0ms
06-16 23:37:15.428   675   829 D InetDiagMessage: Destroyed 0 sockets, proto=IPPROTO_TCP, family=AF_INET, states=14
06-16 23:37:15.428   675   829 D InetDiagMessage: Destroyed 0 sockets, proto=IPPROTO_TCP, family=AF_INET6, states=14
06-16 23:37:15.428   675   829 D InetDiagMessage: Destroyed live tcp sockets for uids={20168} in 0ms
06-16 23:37:16.334  4031  4126 D ProfileInstaller: Installing profile for com.arunprakash.brain
06-16 23:37:17.954  1048  1272 D SatelliteController: iisInCarrierRoamingNbIotNtn: satellite is disabled
06-16 23:37:18.221   675   823 D WifiClientModeImpl[8870:wlan0]: updateLinkLayerStatsRssiSpeedFrequencyCapabilities rssi=-50 TxLinkspeed=5 freq=2447 RxLinkSpeed=2
06-16 23:37:18.222   675   823 D WifiDataStall: tx tput in kbps: 11000
06-16 23:37:18.222   675   823 D WifiDataStall: rx tput in kbps: 11000
06-16 23:37:18.222   675   823 V WifiConfigManager: Updating scan detail cache freq=2447 BSSID=00:13:10:85:fe:01 RSSI=-50 for "AndroidWifi"NONE
06-16 23:37:18.222   675   823 D WifiThroughputPredictor:  utilization (LLS) 80 isBluetoothConnected: false final utilization: 80
06-16 23:37:18.222   675   823 D WifiThroughputPredictor:  BW: 0 RSSI: -50 Nss: 1 Mode: 1 symDur: 4000 snrDb 30 bitPerTone: 4500 rate: 54 throughput: 11
06-16 23:37:18.222   675   823 D WifiThroughputPredictor:  utilization (LLS) 80 isBluetoothConnected: false final utilization: 80
06-16 23:37:18.222   675   823 D WifiThroughputPredictor:  BW: 0 RSSI: -50 Nss: 1 Mode: 1 symDur: 4000 snrDb 30 bitPerTone: 4500 rate: 54 throughput: 11
06-16 23:37:18.222   675   823 D WifiThroughputPredictor:  utilization (LLS) 80 isBluetoothConnected: false final utilization: 80
06-16 23:37:18.222   675   823 D WifiThroughputPredictor:  BW: 0 RSSI: -50 Nss: 1 Mode: 1 symDur: 4000 snrDb 30 bitPerTone: 4500 rate: 54 throughput: 11
06-16 23:37:18.222   675   823 D WifiThroughputPredictor:  utilization (LLS) 80 isBluetoothConnected: false final utilization: 80
06-16 23:37:18.222   675   823 D WifiThroughputPredictor:  BW: 0 RSSI: -50 Nss: 1 Mode: 1 symDur: 4000 snrDb 30 bitPerTone: 4500 rate: 54 throughput: 11
06-16 23:37:18.222   675   823 D WifiScoreCard: BSSID update SIGNAL_POLL ID: 1101133663 SSID: "AndroidWifi", BSSID: 00:13:10:85:fe:01, MAC: 02:15:b2:00:00:00, IP: /10.0.2.16, Security type: 0, Supplicant state: COMPLETED, Wi-Fi standard: legacy, RSSI: -50, Link speed: 5Mbps, Tx Link speed: 5Mbps, Max Supported Tx Link speed: 11Mbps, Rx Link speed: 2Mbps, Max Supported Rx Link speed: 11Mbps, Frequency: 2447MHz, Net ID: 0, Metered hint: false, score: 60, isUsable: true, CarrierMerged: false, SubscriptionId: -1, IsPrimary: 1, Trusted: true, Restricted: false, Ephemeral: false, OEM paid: false, OEM private: false, OSU AP: false, FQDN: <none>, Provider friendly name: <none>, Requesting package name: <none>"AndroidWifi"openMLO Information: , Is TID-To-Link negotiation supported by the AP: false, AP MLD Address: <none>, AP MLO Link Id: <none>, AP MLO Affiliated links: <none>, Vendor Data: <none>
06-16 23:37:18.223   675   823 D WifiScoreCard: txRate: 13 txSpeed: 5
06-16 23:37:18.223   675   823 D WifiScoreCard: network update SIGNAL_POLL "AndroidWifi" ID: 9264453 RSSI -50 txSpeed 5
06-16 23:37:18.223   675   823 D WifiClientModeImpl[8870:wlan0]:  ClientModeImpl$L2ConnectedState screen=on 1 0 "AndroidWifi" 00:13:10:85:fe:01 rssi=-50 f=2447 sc=60 link=5 tx=12.4, 0.0, 0.0 rx=17.7 bcn=0 [on:0 tx:0 rx:0 period:3016] from screen [on:0 period:-778189617] score=60
06-16 23:37:18.349   910   910 D wpa_supplicant: nl80211: Drv Event 64 (NL80211_CMD_NOTIFY_CQM) received for wlan0
06-16 23:37:18.349   910   910 D wpa_supplicant: nl80211: Beacon loss event
06-16 23:37:18.349   910   910 D wpa_supplicant: wlan0: Event BEACON_LOSS (53) received
06-16 23:37:18.349   910   910 I wpa_supplicant: wlan0: CTRL-EVENT-BEACON-LOSS
06-16 23:37:20.424   675   776 D ActivityManager: freezing 3768 com.google.android.webview:webview_service
06-16 23:37:20.425   675   829 D InetDiagMessage: Destroyed 0 sockets, proto=IPPROTO_TCP, family=AF_INET, states=14
06-16 23:37:20.425   675   829 D InetDiagMessage: Destroyed 0 sockets, proto=IPPROTO_TCP, family=AF_INET6, states=14
06-16 23:37:20.425   675   829 D InetDiagMessage: Destroyed live tcp sockets for uids={10168} in 1ms
06-16 23:37:21.234   675   823 D WifiClientModeImpl[8870:wlan0]: updateLinkLayerStatsRssiSpeedFrequencyCapabilities rssi=-50 TxLinkspeed=1 freq=2447 RxLinkSpeed=2
06-16 23:37:21.234   675   823 D WifiDataStall: tx tput in kbps: 11000
06-16 23:37:21.234   675   823 D WifiDataStall: rx tput in kbps: 11000
06-16 23:37:21.234   675   823 V WifiConfigManager: Updating scan detail cache freq=2447 BSSID=00:13:10:85:fe:01 RSSI=-50 for "AndroidWifi"NONE
06-16 23:37:21.234   675   823 D WifiThroughputPredictor:  utilization (LLS) 80 isBluetoothConnected: false final utilization: 80
06-16 23:37:21.234   675   823 D WifiThroughputPredictor:  BW: 0 RSSI: -50 Nss: 1 Mode: 1 symDur: 4000 snrDb 30 bitPerTone: 4500 rate: 54 throughput: 11
06-16 23:37:21.234   675   823 D WifiThroughputPredictor:  utilization (LLS) 80 isBluetoothConnected: false final utilization: 80
06-16 23:37:21.234   675   823 D WifiThroughputPredictor:  BW: 0 RSSI: -50 Nss: 1 Mode: 1 symDur: 4000 snrDb 30 bitPerTone: 4500 rate: 54 throughput: 11
06-16 23:37:21.235   675   823 D WifiThroughputPredictor:  utilization (LLS) 80 isBluetoothConnected: false final utilization: 80
06-16 23:37:21.235   675   823 D WifiThroughputPredictor:  BW: 0 RSSI: -50 Nss: 1 Mode: 1 symDur: 4000 snrDb 30 bitPerTone: 4500 rate: 54 throughput: 11
06-16 23:37:21.235   675   823 D WifiThroughputPredictor:  utilization (LLS) 80 isBluetoothConnected: false final utilization: 80
06-16 23:37:21.235   675   823 D WifiThroughputPredictor:  BW: 0 RSSI: -50 Nss: 1 Mode: 1 symDur: 4000 snrDb 30 bitPerTone: 4500 rate: 54 throughput: 11
06-16 23:37:21.235   675   823 D WifiScoreCard: BSSID update SIGNAL_POLL ID: 1101133663 SSID: "AndroidWifi", BSSID: 00:13:10:85:fe:01, MAC: 02:15:b2:00:00:00, IP: /10.0.2.16, Security type: 0, Supplicant state: COMPLETED, Wi-Fi standard: legacy, RSSI: -50, Link speed: 1Mbps, Tx Link speed: 1Mbps, Max Supported Tx Link speed: 11Mbps, Rx Link speed: 2Mbps, Max Supported Rx Link speed: 11Mbps, Frequency: 2447MHz, Net ID: 0, Metered hint: false, score: 60, isUsable: true, CarrierMerged: false, SubscriptionId: -1, IsPrimary: 1, Trusted: true, Restricted: false, Ephemeral: false, OEM paid: false, OEM private: false, OSU AP: false, FQDN: <none>, Provider friendly name: <none>, Requesting package name: <none>"AndroidWifi"openMLO Information: , Is TID-To-Link negotiation supported by the AP: false, AP MLD Address: <none>, AP MLO Link Id: <none>, AP MLO Affiliated links: <none>, Vendor Data: <none>
06-16 23:37:21.235   675   823 D WifiScoreCard: txRate: 5 txSpeed: 1
06-16 23:37:21.235   675   823 D WifiScoreCard: network update SIGNAL_POLL "AndroidWifi" ID: 9264453 RSSI -50 txSpeed 1
06-16 23:37:21.235   675   823 D WifiClientModeImpl[8870:wlan0]:  ClientModeImpl$L2ConnectedState screen=on 1 0 "AndroidWifi" 00:13:10:85:fe:01 rssi=-50 f=2447 sc=60 link=1 tx=4.5, 0.0, 0.0 rx=6.4 bcn=0 [on:0 tx:0 rx:0 period:3012] from screen [on:0 period:-778186605] score=60
06-16 23:37:21.311   462  4121 I resolv  : SSL remote close or read error.
06-16 23:37:21.311   462  4121 I resolv  : Disconnecting {fec0::3/}, mark 0xf0065
06-16 23:37:23.647   675   776 D ActivityManager: freezing 1698 com.android.keychain
06-16 23:37:23.648   675   776 D ActivityManager: freezing 2664 com.android.localtransport
06-16 23:37:23.649   675   776 D ActivityManager: freezing 2683 com.android.dynsystem:dynsystem
06-16 23:37:23.649   675   776 D ActivityManager: freezing 2571 com.android.dynsystem
06-16 23:37:24.238   675   823 D WifiClientModeImpl[8870:wlan0]: updateLinkLayerStatsRssiSpeedFrequencyCapabilities rssi=-50 TxLinkspeed=1 freq=2447 RxLinkSpeed=2
06-16 23:37:24.238   675   823 D WifiDataStall: tx tput in kbps: 11000
06-16 23:37:24.238   675   823 D WifiDataStall: rx tput in kbps: 11000
06-16 23:37:24.238   675   823 V WifiConfigManager: Updating scan detail cache freq=2447 BSSID=00:13:10:85:fe:01 RSSI=-50 for "AndroidWifi"NONE
06-16 23:37:24.239   675   823 D WifiThroughputPredictor:  utilization (LLS) 80 isBluetoothConnected: false final utilization: 80
06-16 23:37:24.239   675   823 D WifiThroughputPredictor:  BW: 0 RSSI: -50 Nss: 1 Mode: 1 symDur: 4000 snrDb 30 bitPerTone: 4500 rate: 54 throughput: 11
06-16 23:37:24.239   675   823 D WifiThroughputPredictor:  utilization (LLS) 80 isBluetoothConnected: false final utilization: 80
06-16 23:37:24.239   675   823 D WifiThroughputPredictor:  BW: 0 RSSI: -50 Nss: 1 Mode: 1 symDur: 4000 snrDb 30 bitPerTone: 4500 rate: 54 throughput: 11
06-16 23:37:24.239   675   823 D WifiThroughputPredictor:  utilization (LLS) 80 isBluetoothConnected: false final utilization: 80
06-16 23:37:24.239   675   823 D WifiThroughputPredictor:  BW: 0 RSSI: -50 Nss: 1 Mode: 1 symDur: 4000 snrDb 30 bitPerTone: 4500 rate: 54 throughput: 11
06-16 23:37:24.239   675   823 D WifiThroughputPredictor:  utilization (LLS) 80 isBluetoothConnected: false final utilization: 80
06-16 23:37:24.239   675   823 D WifiThroughputPredictor:  BW: 0 RSSI: -50 Nss: 1 Mode: 1 symDur: 4000 snrDb 30 bitPerTone: 4500 rate: 54 throughput: 11
06-16 23:37:24.239   675   823 D WifiScoreCard: BSSID update SIGNAL_POLL ID: 1101133663 SSID: "AndroidWifi", BSSID: 00:13:10:85:fe:01, MAC: 02:15:b2:00:00:00, IP: /10.0.2.16, Security type: 0, Supplicant state: COMPLETED, Wi-Fi standard: legacy, RSSI: -50, Link speed: 1Mbps, Tx Link speed: 1Mbps, Max Supported Tx Link speed: 11Mbps, Rx Link speed: 2Mbps, Max Supported Rx Link speed: 11Mbps, Frequency: 2447MHz, Net ID: 0, Metered hint: false, score: 60, isUsable: true, CarrierMerged: false, SubscriptionId: -1, IsPrimary: 1, Trusted: true, Restricted: false, Ephemeral: false, OEM paid: false, OEM private: false, OSU AP: false, FQDN: <none>, Provider friendly name: <none>, Requesting package name: <none>"AndroidWifi"openMLO Information: , Is TID-To-Link negotiation supported by the AP: false, AP MLD Address: <none>, AP MLO Link Id: <none>, AP MLO Affiliated links: <none>, Vendor Data: <none>
06-16 23:37:24.239   675   823 D WifiScoreCard: txRate: 3 txSpeed: 1
06-16 23:37:24.239   675   823 D WifiScoreCard: network update SIGNAL_POLL "AndroidWifi" ID: 9264453 RSSI -50 txSpeed -1
06-16 23:37:24.239   675   823 D WifiClientModeImpl[8870:wlan0]:  ClientModeImpl$L2ConnectedState screen=on 1 0 "AndroidWifi" 00:13:10:85:fe:01 rssi=-50 f=2447 sc=60 link=1 tx=2.3, 0.0, 0.0 rx=3.0 bcn=0 [on:0 tx:0 rx:0 period:3004] from screen [on:0 period:-778183601] score=60
06-16 23:37:25.499   675  1678 W ProcessStats: Tracking association SourceState{da360da com.arunprakash.brain/10213 BTop #2271} whose proc state 2 is better than process ProcessState{d43173d com.google.android.gms/10144 pkg=com.google.android.gms} proc state 14 (5 skipped)
06-16 23:37:25.499  1535  1535 D BoundBrokerSvc: onUnbind: Intent { act=com.google.android.gms.safetynet.service.START xflg=0x4 pkg=com.google.android.gms }
06-16 23:37:25.499  1535  1535 D BoundBrokerSvc: onUnbind: Intent { act=com.google.android.gms.safebrowsing.SafeBrowsingService.START dat=chimera-action:/... xflg=0x4 cmp=com.google.android.gms/.chimera.GmsBoundBrokerService }
06-16 23:37:25.527   462   543 I netd    : tetherGetStats() -> {[]} <0.87ms>
06-16 23:37:26.286   910   910 D wpa_supplicant: nl80211: Drv Event 64 (NL80211_CMD_NOTIFY_CQM) received for wlan0
06-16 23:37:26.286   910   910 D wpa_supplicant: nl80211: Beacon loss event
06-16 23:37:26.286   910   910 D wpa_supplicant: wlan0: Event BEACON_LOSS (53) received
06-16 23:37:26.286   910   910 I wpa_supplicant: wlan0: CTRL-EVENT-BEACON-LOSS
06-16 23:37:27.246   675   823 D WifiClientModeImpl[8870:wlan0]: updateLinkLayerStatsRssiSpeedFrequencyCapabilities rssi=-50 TxLinkspeed=1 freq=2447 RxLinkSpeed=2
06-16 23:37:27.246   675   823 D WifiDataStall: tx tput in kbps: 11000
06-16 23:37:27.246   675   823 D WifiDataStall: rx tput in kbps: 11000
06-16 23:37:27.246   675   823 V WifiConfigManager: Updating scan detail cache freq=2447 BSSID=00:13:10:85:fe:01 RSSI=-50 for "AndroidWifi"NONE
06-16 23:37:27.246   675   823 D WifiThroughputPredictor:  utilization (LLS) 80 isBluetoothConnected: false final utilization: 80
06-16 23:37:27.246   675   823 D WifiThroughputPredictor:  BW: 0 RSSI: -50 Nss: 1 Mode: 1 symDur: 4000 snrDb 30 bitPerTone: 4500 rate: 54 throughput: 11
06-16 23:37:27.246   675   823 D WifiThroughputPredictor:  utilization (LLS) 80 isBluetoothConnected: false final utilization: 80
06-16 23:37:27.246   675   823 D WifiThroughputPredictor:  BW: 0 RSSI: -50 Nss: 1 Mode: 1 symDur: 4000 snrDb 30 bitPerTone: 4500 rate: 54 throughput: 11
06-16 23:37:27.246   675   823 D WifiThroughputPredictor:  utilization (LLS) 80 isBluetoothConnected: false final utilization: 80
06-16 23:37:27.246   675   823 D WifiThroughputPredictor:  BW: 0 RSSI: -50 Nss: 1 Mode: 1 symDur: 4000 snrDb 30 bitPerTone: 4500 rate: 54 throughput: 11
06-16 23:37:27.246   675   823 D WifiThroughputPredictor:  utilization (LLS) 80 isBluetoothConnected: false final utilization: 80
06-16 23:37:27.246   675   823 D WifiThroughputPredictor:  BW: 0 RSSI: -50 Nss: 1 Mode: 1 symDur: 4000 snrDb 30 bitPerTone: 4500 rate: 54 throughput: 11
06-16 23:37:27.246   675   823 D WifiScoreCard: BSSID update SIGNAL_POLL ID: 1101133663 SSID: "AndroidWifi", BSSID: 00:13:10:85:fe:01, MAC: 02:15:b2:00:00:00, IP: /10.0.2.16, Security type: 0, Supplicant state: COMPLETED, Wi-Fi standard: legacy, RSSI: -50, Link speed: 1Mbps, Tx Link speed: 1Mbps, Max Supported Tx Link speed: 11Mbps, Rx Link speed: 2Mbps, Max Supported Rx Link speed: 11Mbps, Frequency: 2447MHz, Net ID: 0, Metered hint: false, score: 60, isUsable: true, CarrierMerged: false, SubscriptionId: -1, IsPrimary: 1, Trusted: true, Restricted: false, Ephemeral: false, OEM paid: false, OEM private: false, OSU AP: false, FQDN: <none>, Provider friendly name: <none>, Requesting package name: <none>"AndroidWifi"openMLO Information: , Is TID-To-Link negotiation supported by the AP: false, AP MLD Address: <none>, AP MLO Link Id: <none>, AP MLO Affiliated links: <none>, Vendor Data: <none>
06-16 23:37:27.247   675   823 D WifiScoreCard: txRate: 2 txSpeed: 1
06-16 23:37:27.247   675   823 D WifiScoreCard: network update SIGNAL_POLL "AndroidWifi" ID: 9264453 RSSI -50 txSpeed -1
06-16 23:37:27.247   675   823 D WifiClientModeImpl[8870:wlan0]:  ClientModeImpl$L2ConnectedState screen=on 1 0 "AndroidWifi" 00:13:10:85:fe:01 rssi=-50 f=2447 sc=60 link=1 tx=1.0, 0.0, 0.0 rx=1.3 bcn=0 [on:0 tx:0 rx:0 period:3008] from screen [on:0 period:-778180593] score=60
06-16 23:37:27.958  1048  1272 D SatelliteController: iisInCarrierRoamingNbIotNtn: satellite is disabled
06-16 23:37:28.524  4130  4130 W screencap: Thread Pool max thread count is 0. Cannot cache binder as linkToDeath cannot be implemented. serviceName: SurfaceFlingerAIDL
06-16 23:37:28.524  4130  4130 W BpBinder: Linking to death on android.gui.ISurfaceComposer but there are no threads (yet?) listening to incoming transactions. See ProcessState::startThreadPool and ProcessState::setThreadPoolMaxThreadCount. Generally you should setup the binder threadpool before other initialization steps.
06-16 23:37:28.525  4130  4130 W ProcessState: Extra binder thread started, but 0 threads requested. Do not use *startThreadPool when zero threads are requested.
06-16 23:37:28.531   517  1104 E HwcComposer: getLuts failed Status(-8, EX_SERVICE_SPECIFIC): '8: '
06-16 23:37:28.531   517  1104 E HWComposer: getLuts: getLuts failed for display 4619827259835644672: UNSUPPORTED (8)
06-16 23:37:28.535   221   221 I servicemanager: Caller(pid=4130,uid=2000,sid=u:r:shell:s0) Found android.hardware.graphics.allocator.IAllocator/default in device VINTF manifest.
06-16 23:37:28.536   221   221 I servicemanager: Caller(pid=4130,uid=2000,sid=u:r:shell:s0) Found android.hardware.graphics.allocator.IAllocator/default in device VINTF manifest.
06-16 23:37:28.536   221   221 I servicemanager: Caller(pid=4130,uid=2000,sid=u:r:shell:s0) Found mapper/ranchu in device VINTF manifest.
06-16 23:37:28.649  4132  4132 D AndroidRuntime: >>>>>> START com.android.internal.os.RuntimeInit uid 2000 <<<<<<
06-16 23:37:28.652  4132  4132 I AndroidRuntime: Using default boot image
06-16 23:37:28.652  4132  4132 I AndroidRuntime: Leaving lock profiling enabled
06-16 23:37:28.654  4132  4132 I app_process: Core platform API reporting enabled, enforcing=false
06-16 23:37:28.654  4132  4132 I app_process: Using CollectorTypeCMC GC.
06-16 23:37:28.708  4132  4132 D nativeloader: InitDefaultPublicLibraries for_preload=1: libandroid.so:libaaudio.so:libamidi.so:libbinder_ndk.so:libc.so:libcamera2ndk.so:libdl.so:libEGL.so:libGLESv1_CM.so:libGLESv2.so:libGLESv3.so:libicu.so:libicui18n.so:libicuuc.so:libjnigraphics.so:liblog.so:libmediandk.so:libm.so:libnativehelper.so:libnativewindow.so:libOpenMAXAL.so:libOpenSLES.so:libRS.so:libstdc++.so:libsync.so:libvulkan.so:libwebviewchromium_plat_support.so:libz.so
06-16 23:37:28.715  4132  4132 D nativeloader: Load libicu_jni.so using APEX ns com_android_art for caller /apex/com.android.art/javalib/core-oj.jar: ok
06-16 23:37:28.715  4132  4132 D app_process: u_setTimeZoneFilesDirectory("/apex/com.android.tzdata/etc/tz/versioned/9/icu") succeeded.
06-16 23:37:28.715  4132  4132 D app_process: I18n APEX ICU file found: /apex/com.android.i18n/etc/icu/icudt76l.dat
06-16 23:37:28.716  4132  4132 D nativeloader: Load libjavacore.so using APEX ns com_android_art for caller /apex/com.android.art/javalib/core-oj.jar: ok
06-16 23:37:28.716  4132  4132 D nativeloader: Load libopenjdk.so using APEX ns com_android_art for caller /apex/com.android.art/javalib/core-oj.jar: ok
06-16 23:37:28.718  4132  4132 W app_process: ClassLoaderContext shared library size mismatch. Expected=2, found=0 (PCL[]{PCL[/system/framework/android.test.base.jar*2789897741]#PCL[/system/framework/android.test.mock.jar*3361312393]} | PCL[])
06-16 23:37:28.718  4132  4132 W app_process: ClassLoaderContext classpath size mismatch. expected=0, found=1 (PCL[]{PCL[/system/framework/android.test.runner.jar*895143020]#PCL[/system/framework/android.test.base.jar*2789897741]} | PCL[/system/framework/android.test.runner.jar*895143020])
06-16 23:37:28.729  4132  4132 D nativeloader: Load libframework-connectivity-tiramisu-jni.so using APEX ns com_android_tethering for caller /apex/com.android.tethering/javalib/framework-connectivity-t.jar: ok
06-16 23:37:28.729  4132  4132 D AndroidRuntime: Calling main entry com.android.commands.uiautomator.Launcher
06-16 23:37:28.730  4132  4132 I AconfigPackage: android.media.swcodec.flags is mapped to com.android.media.swcodec
06-16 23:37:28.730  4132  4132 I AconfigPackage: com.google.android.settings.simplemode.flags is mapped to system_ext
06-16 23:37:28.730  4132  4132 I AconfigPackage: com.google.android.systemui is mapped to system_ext
06-16 23:37:28.730  4132  4132 I AconfigPackage: com.google.android.apps.nexuslauncher is mapped to system_ext
06-16 23:37:28.730  4132  4132 I AconfigPackage: com.android.settings.accessibility is mapped to system_ext
06-16 23:37:28.730  4132  4132 I AconfigPackage: com.android.settings.flags is mapped to system_ext
06-16 23:37:28.730  4132  4132 I AconfigPackage: com.google.android.apps.miphone.aiai.matchmaker.overview.ui is mapped to system_ext
06-16 23:37:28.730  4132  4132 I AconfigPackage: com.google.android.settings.flags is mapped to system_ext
06-16 23:37:28.730  4132  4132 I AconfigPackage: com.android.launcher3 is mapped to system_ext
06-16 23:37:28.730  4132  4132 I AconfigPackage: com.android.wallpaper is mapped to system_ext
06-16 23:37:28.730  4132  4132 I AconfigPackage: com.android.settings.media_drm is mapped to system_ext
06-16 23:37:28.730  4132  4132 I AconfigPackage: com.android.systemui.accessibility.accessibilitymenu is mapped to system_ext
06-16 23:37:28.730  4132  4132 I AconfigPackage: com.android.settings.keyboard is mapped to system_ext
06-16 23:37:28.730  4132  4132 I AconfigPackage: com.android.server.policy.feature.flags is mapped to system_ext
06-16 23:37:28.730  4132  4132 I AconfigPackage: com.android.settings.factory_reset is mapped to system_ext
06-16 23:37:28.730  4132  4132 I AconfigPackage: com.google.android.haptics.flags is mapped to system_ext
06-16 23:37:28.731  4132  4132 I AconfigPackage: com.android.permission.flags is mapped to com.android.permission
06-16 23:37:28.731  4132  4132 I AconfigPackage: com.android.icu is mapped to com.android.i18n
06-16 23:37:28.731  4132  4132 I AconfigPackage: com.android.appsearch.flags is mapped to com.android.appsearch
06-16 23:37:28.731  4132  4132 I AconfigPackage: android.uprobestats.mainline.flags is mapped to com.android.uprobestats
06-16 23:37:28.731  4132  4132 I AconfigPackage: android.provider.flags is mapped to com.android.configinfrastructure
06-16 23:37:28.731  4132  4132 I AconfigPackage: com.android.server.deviceconfig is mapped to com.android.configinfrastructure
06-16 23:37:28.731  4132  4132 I AconfigPackage: com.android.nfc.flags is mapped to system
06-16 23:37:28.731  4132  4132 I AconfigPackage: android.app.admin.flags is mapped to system
06-16 23:37:28.731  4132  4132 I AconfigPackage: android.database.sqlite is mapped to system
06-16 23:37:28.731  4132  4132 I AconfigPackage: com.android.providers.calendar is mapped to system
06-16 23:37:28.731  4132  4132 I AconfigPackage: com.android.server.power.feature.flags is mapped to system
06-16 23:37:28.731  4132  4132 I AconfigPackage: com.android.media.performance.flags is mapped to system
06-16 23:37:28.731  4132  4132 I AconfigPackage: android.app.contextualsearch.flags is mapped to system
06-16 23:37:28.731  4132  4132 I AconfigPackage: android.app.ondeviceintelligence.flags is mapped to system
06-16 23:37:28.731  4132  4132 I AconfigPackage: com.android.media.projection.flags is mapped to system
06-16 23:37:28.731  4132  4132 I AconfigPackage: android.companion is mapped to system
06-16 23:37:28.731  4132  4132 I AconfigPackage: android.service.controls.flags is mapped to system
06-16 23:37:28.731  4132  4132 I AconfigPackage: com.android.text.flags is mapped to system
06-16 23:37:28.731  4132  4132 I AconfigPackage: com.android.providers.contactkeys.flags is mapped to system
06-16 23:37:28.731  4132  4132 I AconfigPackage: com.android.intentresolver is mapped to system
06-16 23:37:28.731  4132  4132 I AconfigPackage: android.companion.virtualdevice.flags is mapped to system
06-16 23:37:28.731  4132  4132 I AconfigPackage: android.uprobestats.flags is mapped to system
06-16 23:37:28.731  4132  4132 I AconfigPackage: com.android.net.thread.platform.flags is mapped to system
06-16 23:37:28.731  4132  4132 I AconfigPackage: android.view.contentprotection.flags is mapped to system
06-16 23:37:28.731  4132  4132 I AconfigPackage: com.android.server.dreams is mapped to system
06-16 23:37:28.731  4132  4132 I AconfigPackage: com.android.graphics.surfaceflinger.flags is mapped to system
06-16 23:37:28.731  4132  4132 I AconfigPackage: com.android.hardware.input is mapped to system
06-16 23:37:28.731  4132  4132 I AconfigPackage: android.sdk is mapped to system
06-16 23:37:28.731  4132  4132 I AconfigPackage: com.android.input.flags is mapped to system
06-16 23:37:28.731  4132  4132 I AconfigPackage: android.tracing is mapped to system
06-16 23:37:28.731  4132  4132 I AconfigPackage: com.android.server.biometrics is mapped to system
06-16 23:37:28.731  4132  4132 I AconfigPackage: android.view.contentcapture.flags is mapped to system
06-16 23:37:28.731  4132  4132 I AconfigPackage: android.app.job is mapped to system
06-16 23:37:28.731  4132  4132 I AconfigPackage: android.content.res is mapped to system
06-16 23:37:28.731  4132  4132 I AconfigPackage: android.net.platform.flags is mapped to system
06-16 23:37:28.731  4132  4132 I AconfigPackage: com.android.aconfig.flags is mapped to system
06-16 23:37:28.731  4132  4132 I AconfigPackage: com.android.graphics.flags is mapped to system
06-16 23:37:28.731  4132  4132 I AconfigPackage: android.server.app is mapped to system
06-16 23:37:28.731  4132  4132 I AconfigPackage: android.speech.flags is mapped to system
06-16 23:37:28.731  4132  4132 I AconfigPackage: com.android.server.stats is mapped to system
06-16 23:37:28.731  4132  4132 I AconfigPackage: android.hardware.biometrics is mapped to system
06-16 23:37:28.731  4132  4132 I AconfigPackage: android.car.feature is mapped to system
06-16 23:37:28.731  4132  4132 I AconfigPackage: android.adpf is mapped to system
06-16 23:37:28.731  4132  4132 I AconfigPackage: android.location.flags is mapped to system
06-16 23:37:28.731  4132  4132 I AconfigPackage: com.android.settingslib.flags is mapped to system
06-16 23:37:28.731  4132  4132 I AconfigPackage: com.android.managedprovisioning.flags is mapped to system
06-16 23:37:28.731  4132  4132 I AconfigPackage: android.app.assist.flags is mapped to system
06-16 23:37:28.731  4132  4132 I AconfigPackage: com.android.server.net is mapped to system
06-16 23:37:28.731  4132  4132 I AconfigPackage: com.android.settingslib.widget.flags is mapped to system
06-16 23:37:28.731  4132  4132 I AconfigPackage: com.android.internal.camera.flags is mapped to system
06-16 23:37:28.731  4132  4132 I AconfigPackage: com.android.hardware.libsensor.flags is mapped to system
06-16 23:37:28.731  4132  4132 I AconfigPackage: com.android.internal.jank is mapped to system
06-16 23:37:28.731  4132  4132 I AconfigPackage: com.android.providers.settings is mapped to system
06-16 23:37:28.731  4132  4132 I AconfigPackage: android.multiuser is mapped to system
06-16 23:37:28.731  4132  4132 I AconfigPackage: com.android.server.power.optimization is mapped to system
06-16 23:37:28.731  4132  4132 I AconfigPackage: com.android.calllogbackup is mapped to system
06-16 23:37:28.731  4132  4132 I AconfigPackage: com.android.media.flags is mapped to system
06-16 23:37:28.731  4132  4132 I AconfigPackage: com.android.server.flags is mapped to system
06-16 23:37:28.731  4132  4132 I AconfigPackage: com.android.graphics.libvulkan.flags is mapped to system
06-16 23:37:28.731  4132  4132 I AconfigPackage: android.app.appfunctions.flags is mapped to system
06-16 23:37:28.731  4132  4132 I AconfigPackage: android.app.smartspace.flags is mapped to system
06-16 23:37:28.731  4132  4132 I AconfigPackage: com.android.providers.contacts.flags is mapped to system
06-16 23:37:28.731  4132  4132 I AconfigPackage: com.android.shell.flags is mapped to system
06-16 23:37:28.731  4132  4132 I AconfigPackage: com.android.media.aaudio is mapped to system
06-16 23:37:28.731  4132  4132 I AconfigPackage: android.hardware.radio is mapped to system
06-16 23:37:28.731  4132  4132 I AconfigPackage: com.google.wear.services.infra.flags is mapped to system
06-16 23:37:28.731  4132  4132 I AconfigPackage: suspend_service.flags is mapped to system
06-16 23:37:28.731  4132  4132 I AconfigPackage: android.media.midi is mapped to system
06-16 23:37:28.731  4132  4132 I AconfigPackage: com.android.libcore.readonly is mapped to system
06-16 23:37:28.731  4132  4132 I AconfigPackage: com.android.settingslib.widget.selectorwithwidgetpreference.flags is mapped to system
06-16 23:37:28.731  4132  4132 I AconfigPackage: android.service.notification is mapped to system
06-16 23:37:28.731  4132  4132 I AconfigPackage: com.android.systemui.shared is mapped to system
06-16 23:37:28.731  4132  4132 I AconfigPackage: android.app.jank is mapped to system
06-16 23:37:28.731  4132  4132 I AconfigPackage: android.app.wearable is mapped to system
06-16 23:37:28.731  4132  4132 I AconfigPackage: com.android.media.audio is mapped to system
06-16 23:37:28.731  4132  4132 I AconfigPackage: android.service.chooser is mapped to system
06-16 23:37:28.731  4132  4132 I AconfigPackage: com.android.server.compat is mapped to system
06-16 23:37:28.731  4132  4132 I AconfigPackage: com.android.server.alarm is mapped to system
06-16 23:37:28.731  4132  4132 I AconfigPackage: com.android.apex.flags is mapped to system
06-16 23:37:28.731  4132  4132 I AconfigPackage: android.service.quickaccesswallet is mapped to system
06-16 23:37:28.731  4132  4132 I AconfigPackage: android.app.usage is mapped to system
06-16 23:37:28.731  4132  4132 I AconfigPackage: com.android.server.accessibility is mapped to system
06-16 23:37:28.731  4132  4132 I AconfigPackage: android.app.supervision.flags is mapped to system
06-16 23:37:28.731  4132  4132 I AconfigPackage: com.android.server.utils is mapped to system
06-16 23:37:28.731  4132  4132 I AconfigPackage: android.chre.flags is mapped to system
06-16 23:37:28.731  4132  4132 I AconfigPackage: android.content.flags is mapped to system
06-16 23:37:28.731  4132  4132 I AconfigPackage: android.media.codec is mapped to system
06-16 23:37:28.731  4132  4132 I AconfigPackage: com.android.internal.os is mapped to system
06-16 23:37:28.731  4132  4132 I AconfigPackage: com.android.nfc.nci.flags is mapped to system
06-16 23:37:28.731  4132  4132 I AconfigPackage: android.app is mapped to system
06-16 23:37:28.731  4132  4132 I AconfigPackage: android.security.keystore2 is mapped to system
06-16 23:37:28.731  4132  4132 I AconfigPackage: android.crashrecovery.flags is mapped to system
06-16 23:37:28.731  4132  4132 I AconfigPackage: com.android.tradeinmode.flags is mapped to system
06-16 23:37:28.731  4132  4132 I AconfigPackage: android.hardware.flags is mapped to system
06-16 23:37:28.731  4132  4132 I AconfigPackage: com.android.server.telecom.flags is mapped to system
06-16 23:37:28.731  4132  4132 I AconfigPackage: com.android.settingslib.media.flags is mapped to system
06-16 23:37:28.731  4132  4132 I AconfigPackage: com.android.server.policy is mapped to system
06-16 23:37:28.731  4132  4132 I AconfigPackage: android.media.audiopolicy is mapped to system
06-16 23:37:28.731  4132  4132 I AconfigPackage: com.android.egg.flags is mapped to system
06-16 23:37:28.731  4132  4132 I AconfigPackage: com.android.internal.compat.flags is mapped to system
06-16 23:37:28.731  4132  4132 I AconfigPackage: android.security is mapped to system
06-16 23:37:28.731  4132  4132 I AconfigPackage: android.service.autofill is mapped to system
06-16 23:37:28.731  4132  4132 I AconfigPackage: com.example.android.aconfig.demo.flags is mapped to system
06-16 23:37:28.731  4132  4132 I AconfigPackage: android.view.flags is mapped to system
06-16 23:37:28.731  4132  4132 I AconfigPackage: android.companion.virtual.flags is mapped to system
06-16 23:37:28.731  4132  4132 I AconfigPackage: com.android.aconfig_new_storage is mapped to system
06-16 23:37:28.731  4132  4132 I AconfigPackage: com.android.server.feature.flags is mapped to system
06-16 23:37:28.731  4132  4132 I AconfigPackage: com.android.systemui is mapped to system
06-16 23:37:28.731  4132  4132 I AconfigPackage: com.android.server.power.batterysaver is mapped to system
06-16 23:37:28.731  4132  4132 I AconfigPackage: android.widget.flags is mapped to system
06-16 23:37:28.731  4132  4132 I AconfigPackage: com.android.media.editing.flags is mapped to system
06-16 23:37:28.731  4132  4132 I AconfigPackage: com.android.media.codec.flags is mapped to system
06-16 23:37:28.731  4132  4132 I AconfigPackage: com.android.server.powerstats is mapped to system
06-16 23:37:28.731  4132  4132 I AconfigPackage: com.android.graphics.egl.flags is mapped to system
06-16 23:37:28.731  4132  4132 I AconfigPackage: com.android.media.audioserver is mapped to system
06-16 23:37:28.731  4132  4132 I AconfigPackage: com.android.server.deviceidle is mapped to system
06-16 23:37:28.731  4132  4132 I AconfigPackage: android.nfc is mapped to system
06-16 23:37:28.731  4132  4132 I AconfigPackage: android.permission.flags is mapped to system
06-16 23:37:28.731  4132  4132 I AconfigPackage: android.service.voice.flags is mapped to system
06-16 23:37:28.731  4132  4132 I AconfigPackage: android.content.pm is mapped to system
06-16 23:37:28.731  4132  4132 I AconfigPackage: com.android.server.power.hint is mapped to system
06-16 23:37:28.731  4132  4132 I AconfigPackage: android.os is mapped to system
06-16 23:37:28.731  4132  4132 I AconfigPackage: android.service.dreams is mapped to system
06-16 23:37:28.731  4132  4132 I AconfigPackage: com.android.graphics.libgui.flags is mapped to system
06-16 23:37:28.731  4132  4132 I AconfigPackage: android.hardware.usb.flags is mapped to system
06-16 23:37:28.731  4132  4132 I AconfigPackage: android.provider is mapped to system
06-16 23:37:28.731  4132  4132 I AconfigPackage: com.android.server.job is mapped to system
06-16 23:37:28.731  4132  4132 I AconfigPackage: com.android.internal.foldables.flags is mapped to system
06-16 23:37:28.731  4132  4132 I AconfigPackage: com.android.internal.telephony.flags is mapped to system
06-16 23:37:28.731  4132  4132 I AconfigPackage: android.webkit is mapped to system
06-16 23:37:28.731  4132  4132 I AconfigPackage: android.credentials.flags is mapped to system
06-16 23:37:28.731  4132  4132 I AconfigPackage: com.android.server.display.feature.flags is mapped to system
06-16 23:37:28.731  4132  4132 I AconfigPackage: com.android.server.notification is mapped to system
06-16 23:37:28.731  4132  4132 I AconfigPackage: android.appwidget.flags is mapped to system
06-16 23:37:28.731  4132  4132 I AconfigPackage: com.android.frameworks.sensorservice.flags is mapped to system
06-16 23:37:28.731  4132  4132 I AconfigPackage: com.android.printspooler.flags is mapped to system
06-16 23:37:28.731  4132  4132 I AconfigPackage: com.android.window.flags is mapped to system
06-16 23:37:28.731  4132  4132 I AconfigPackage: android.adaptiveauth is mapped to system
06-16 23:37:28.731  4132  4132 I AconfigPackage: android.net.wifi.flags is mapped to system
06-16 23:37:28.731  4132  4132 I AconfigPackage: android.media.tv.flags is mapped to system
06-16 23:37:28.731  4132  4132 I AconfigPackage: com.android.server.usb.flags is mapped to system
06-16 23:37:28.731  4132  4132 I AconfigPackage: android.os.vibrator is mapped to system
06-16 23:37:28.731  4132  4132 I AconfigPackage: android.hardware.devicestate.feature.flags is mapped to system
06-16 23:37:28.731  4132  4132 I AconfigPackage: com.android.server.usage is mapped to system
06-16 23:37:28.731  4132  4132 I AconfigPackage: android.server is mapped to system
06-16 23:37:28.731  4132  4132 I AconfigPackage: com.android.wm.shell is mapped to system
06-16 23:37:28.731  4132  4132 I AconfigPackage: android.view.inputmethod is mapped to system
06-16 23:37:28.731  4132  4132 I AconfigPackage: com.android.graphics.hwui.flags is mapped to system
06-16 23:37:28.731  4132  4132 I AconfigPackage: com.android.server.backup is mapped to system
06-16 23:37:28.731  4132  4132 I AconfigPackage: com.android.internal.pm.pkg.component.flags is mapped to system
06-16 23:37:28.731  4132  4132 I AconfigPackage: android.view.accessibility is mapped to system
06-16 23:37:28.731  4132  4132 I AconfigPackage: com.google.wear.sdk is mapped to system
06-16 23:37:28.731  4132  4132 I AconfigPackage: android.media.audio is mapped to system
06-16 23:37:28.731  4132  4132 I AconfigPackage: com.android.server.am is mapped to system
06-16 23:37:28.731  4132  4132 I AconfigPackage: com.android.media.playback.flags is mapped to system
06-16 23:37:28.731  4132  4132 I AconfigPackage: com.android.art.flags is mapped to com.android.art
06-16 23:37:28.731  4132  4132 I AconfigPackage: com.android.libcore is mapped to com.android.art
06-16 23:37:28.731  4132  4132 I AconfigPackage: com.android.media.extractor.flags is mapped to com.android.media
06-16 23:37:28.731  4132  4132 I AconfigPackage: com.android.media.mainline.flags is mapped to com.android.media
06-16 23:37:28.731  4132  4132 I AconfigPackage: com.android.wifi.flags is mapped to com.android.wifi
06-16 23:37:28.731  4132  4132 I AconfigPackage: com.android.org.conscrypt.flags is mapped to com.android.conscrypt
06-16 23:37:28.731  4132  4132 I AconfigPackage: com.android.healthfitness.flags is mapped to com.android.healthfitness
06-16 23:37:28.731  4132  4132 I AconfigPackage: com.google.android.input.twoshay.flags is mapped to vendor
06-16 23:37:28.731  4132  4132 I AconfigPackage: libgooglecamerahal.flags is mapped to vendor
06-16 23:37:28.731  4132  4132 I AconfigPackage: com.android.ipsec.flags is mapped to com.android.ipsec
06-16 23:37:28.731  4132  4132 I AconfigPackage: com.android.nfc.module.flags is mapped to com.android.nfcservices
06-16 23:37:28.731  4132  4132 I AconfigPackage: com.android.adservices.ondevicepersonalization.flags is mapped to com.android.ondevicepersonalization
06-16 23:37:28.731  4132  4132 I AconfigPackage: com.android.bluetooth.flags is mapped to com.android.bt
06-16 23:37:28.731  4132  4132 I AconfigPackage: com.android.devicelock.flags is mapped to com.android.devicelock
06-16 23:37:28.731  4132  4132 I AconfigPackage: android.os.profiling is mapped to com.android.profiling
06-16 23:37:28.731  4132  4132 I AconfigPackage: com.android.os.statsd.flags is mapped to com.android.os.statsd
06-16 23:37:28.731  4132  4132 I AconfigPackage: com.android.cellbroadcastreceiver.flags is mapped to com.android.cellbroadcast
06-16 23:37:28.732  4132  4132 I AconfigPackage: com.android.adservices.flags is mapped to com.android.adservices
06-16 23:37:28.732  4132  4132 I AconfigPackage: com.android.sdksandbox.flags is mapped to com.android.adservices
06-16 23:37:28.732  4132  4132 I AconfigPackage: com.android.uwb.flags is mapped to com.android.uwb
06-16 23:37:28.732  4132  4132 I AconfigPackage: com.android.ranging.flags is mapped to com.android.uwb
06-16 23:37:28.732  4132  4132 I AconfigPackage: android.graphics.pdf.flags is mapped to com.android.mediaprovider
06-16 23:37:28.732  4132  4132 I AconfigPackage: com.android.providers.media.flags is mapped to com.android.mediaprovider
06-16 23:37:28.732  4132  4132 I AconfigPackage: android.graphics.pdf.flags.readonly is mapped to com.android.mediaprovider
06-16 23:37:28.732  4132  4132 I AconfigPackage: com.android.net.ct.flags is mapped to com.android.tethering
06-16 23:37:28.732  4132  4132 I AconfigPackage: com.android.net.flags is mapped to com.android.tethering
06-16 23:37:28.732  4132  4132 I AconfigPackage: android.net.vcn is mapped to com.android.tethering
06-16 23:37:28.732  4132  4132 I AconfigPackage: com.android.nearby.flags is mapped to com.android.tethering
06-16 23:37:28.732  4132  4132 I AconfigPackage: android.net.http is mapped to com.android.tethering
06-16 23:37:28.732  4132  4132 I AconfigPackage: com.android.net.thread.flags is mapped to com.android.tethering
06-16 23:37:28.732  4132  4132 I AconfigPackage: com.android.system.virtualmachine.flags is mapped to com.android.virt
06-16 23:37:28.732  4132  4132 E FeatureFlagsImplExport: android.os.flagging.AconfigStorageReadException: ERROR_PACKAGE_NOT_FOUND: package android.xr cannot be found on the device
06-16 23:37:28.734  4132  4132 D UiAutomationConnection: Created on user UserHandle{0}
06-16 23:37:28.734  4132  4132 I UiAutomation: Initialized for user 0 on display 0
06-16 23:37:28.734  4132  4132 W UiAutomation: Created with deprecatead constructor, assumes DEFAULT_DISPLAY
06-16 23:37:28.735   675  1678 D AccessibilityManagerService: changeCurrentUserForTestAutomationIfNeededLocked(0): ignoring because device doesn't support visible background users
06-16 23:37:28.735   675  1678 I UiAutomationManager: Registering UiTestAutomationService (id=com.android.server.accessibility/UiAutomation, flags=0x0) when called by user 0
06-16 23:37:28.735   675  1678 V AccessibilityManagerService: onUserStateChangedLocked for userId: 0, forceUpdate: false
06-16 23:37:28.736   675  1678 W MagnificationConnectionManager: requestConnection duplicated request: connect=false, mConnectionState=DISCONNECTED
06-16 23:37:28.737  1573  2106 I AiAiEcho: Settings changed for uri: content://settings/secure/accessibility_enabled
06-16 23:37:28.737   675   675 W IPCThreadState: Sending oneway calls to frozen process.
06-16 23:37:28.737   675   675 W IPCThreadState: Sending oneway calls to frozen process.
06-16 23:37:28.737   675   675 W IPCThreadState: Sending oneway calls to frozen process.
06-16 23:37:28.738  1573  1793 I AiAiEcho: Predicting[0]:  [CONTEXT sampling_count=5 ]
06-16 23:37:28.738  1573  1793 I AiAiEcho: EchoTargets:
06-16 23:37:28.738  1573  1793 I AiAiEcho: Filtered by AiAi flag check:
06-16 23:37:28.738  1573  1793 I AiAiEcho: [CONTEXT ratelimit_period="10 SECONDS" ]
06-16 23:37:28.738  4132  4144 V UiAutomation: Init UiAutomation@830c824[id=3, displayId=0, flags=0]
06-16 23:37:28.738   675   675 W IPCThreadState: Sending oneway calls to frozen process.
06-16 23:37:28.738  1573  1793 I AiAiEcho: #remoteViewsTwiddler: feature disabled.
06-16 23:37:28.738   675   675 W IPCThreadState: Sending oneway calls to frozen process.
06-16 23:37:28.738  1573  1793 I AiAiEcho: Predicting[0]:  [CONTEXT sampling_count=5 ]
06-16 23:37:28.738   675   675 W IPCThreadState: Sending oneway calls to frozen process.
06-16 23:37:28.738  1573  1793 I AiAiEcho: EchoTargets:
06-16 23:37:28.738  1573  1793 I AiAiEcho: Filtered by AiAi flag check:
06-16 23:37:28.738  1573  1793 I AiAiEcho: [CONTEXT ratelimit_period="10 SECONDS" ]
06-16 23:37:28.738   675   675 W IPCThreadState: Sending oneway calls to frozen process.
06-16 23:37:28.738  1573  1793 I AiAiEcho: #remoteViewsTwiddler: feature disabled.
06-16 23:37:28.738   675   675 W IPCThreadState: Sending oneway calls to frozen process.
06-16 23:37:28.738   675   675 W IPCThreadState: Sending oneway calls to frozen process.
